=== RUN   TestProperty_PolicyFilteringAtBreakEvenThreshold
+ moves with ratio >= 1.0 should be consolidated when policy is
   WhenCostJustifiesDisruption: OK, passed 100 tests.
Elapsed time: 331.5µs
+ WhenEmpty policy should only consolidate nodes with zero pods: OK,
   passed 100 tests.
Elapsed time: 103.834µs
+ WhenEmptyOrUnderutilized policy should always consolidate regardless of
   ratio: OK, passed 100 tests.
Elapsed time: 105.417µs
--- PASS: TestProperty_PolicyFilteringAtBreakEvenThreshold (0.00s)
=== RUN   TestConsolidationFlow_DecisionRatiosComputed
--- PASS: TestConsolidationFlow_DecisionRatiosComputed (0.00s)
=== RUN   TestConsolidationFlow_DeleteRatioFiltering
=== RUN   TestConsolidationFlow_DeleteRatioFiltering/WhenCostJustifiesDisruption_filters_low_ratio_candidates
=== RUN   TestConsolidationFlow_DeleteRatioFiltering/WhenEmptyOrUnderutilized_does_not_filter_by_ratio
--- PASS: TestConsolidationFlow_DeleteRatioFiltering (0.00s)
    --- PASS: TestConsolidationFlow_DeleteRatioFiltering/WhenCostJustifiesDisruption_filters_low_ratio_candidates (0.00s)
    --- PASS: TestConsolidationFlow_DeleteRatioFiltering/WhenEmptyOrUnderutilized_does_not_filter_by_ratio (0.00s)
=== RUN   TestConsolidationFlow_RatioBasedSorting
--- PASS: TestConsolidationFlow_RatioBasedSorting (0.00s)
=== RUN   TestConsolidationFlow_PolicyFiltering
=== RUN   TestConsolidationFlow_PolicyFiltering/WhenCostJustifiesDisruption_allows_ratio_>=_1.0
=== RUN   TestConsolidationFlow_PolicyFiltering/WhenCostJustifiesDisruption_blocks_ratio_<_1.0
=== RUN   TestConsolidationFlow_PolicyFiltering/WhenEmpty_allows_empty_nodes
=== RUN   TestConsolidationFlow_PolicyFiltering/WhenEmpty_blocks_non-empty_nodes
=== RUN   TestConsolidationFlow_PolicyFiltering/WhenEmptyOrUnderutilized_allows_all
--- PASS: TestConsolidationFlow_PolicyFiltering (0.00s)
    --- PASS: TestConsolidationFlow_PolicyFiltering/WhenCostJustifiesDisruption_allows_ratio_>=_1.0 (0.00s)
    --- PASS: TestConsolidationFlow_PolicyFiltering/WhenCostJustifiesDisruption_blocks_ratio_<_1.0 (0.00s)
    --- PASS: TestConsolidationFlow_PolicyFiltering/WhenEmpty_allows_empty_nodes (0.00s)
    --- PASS: TestConsolidationFlow_PolicyFiltering/WhenEmpty_blocks_non-empty_nodes (0.00s)
    --- PASS: TestConsolidationFlow_PolicyFiltering/WhenEmptyOrUnderutilized_allows_all (0.00s)
=== RUN   TestConsolidationFlow_CommandDecisionRatio
=== RUN   TestConsolidationFlow_CommandDecisionRatio/Single_candidate_command_uses_candidate's_ratio
=== RUN   TestConsolidationFlow_CommandDecisionRatio/Multi-candidate_command_uses_minimum_ratio
--- PASS: TestConsolidationFlow_CommandDecisionRatio (0.00s)
    --- PASS: TestConsolidationFlow_CommandDecisionRatio/Single_candidate_command_uses_candidate's_ratio (0.00s)
    --- PASS: TestConsolidationFlow_CommandDecisionRatio/Multi-candidate_command_uses_minimum_ratio (0.00s)
=== RUN   TestIntegration_MixedRatioConsolidation
--- PASS: TestIntegration_MixedRatioConsolidation (0.00s)
=== RUN   TestIntegration_MultiNodePoolPolicyIsolation
=== RUN   TestIntegration_MultiNodePoolPolicyIsolation/NodePool_1_(WhenEmpty)
=== RUN   TestIntegration_MultiNodePoolPolicyIsolation/NodePool_2_(WhenEmptyOrUnderutilized)
=== RUN   TestIntegration_MultiNodePoolPolicyIsolation/NodePool_3_(WhenCostJustifiesDisruption)
--- PASS: TestIntegration_MultiNodePoolPolicyIsolation (0.00s)
    --- PASS: TestIntegration_MultiNodePoolPolicyIsolation/NodePool_1_(WhenEmpty) (0.00s)
    --- PASS: TestIntegration_MultiNodePoolPolicyIsolation/NodePool_2_(WhenEmptyOrUnderutilized) (0.00s)
    --- PASS: TestIntegration_MultiNodePoolPolicyIsolation/NodePool_3_(WhenCostJustifiesDisruption) (0.00s)
=== RUN   TestIntegration_DeleteRatioOptimization
--- PASS: TestIntegration_DeleteRatioOptimization (0.00s)
=== RUN   TestIntegration_EdgeCaseHandling
=== RUN   TestIntegration_EdgeCaseHandling/Zero_total_cost_scenario
=== RUN   TestIntegration_EdgeCaseHandling/Zero_total_disruption_scenario
=== RUN   TestIntegration_EdgeCaseHandling/Nodes_with_only_negative_eviction_cost_pods
--- PASS: TestIntegration_EdgeCaseHandling (0.00s)
    --- PASS: TestIntegration_EdgeCaseHandling/Zero_total_cost_scenario (0.00s)
    --- PASS: TestIntegration_EdgeCaseHandling/Zero_total_disruption_scenario (0.00s)
    --- PASS: TestIntegration_EdgeCaseHandling/Nodes_with_only_negative_eviction_cost_pods (0.00s)
=== RUN   TestThresholdRetrieval_FromNodePoolSpec
=== RUN   TestThresholdRetrieval_FromNodePoolSpec/nil_threshold_defaults_to_1.0
=== RUN   TestThresholdRetrieval_FromNodePoolSpec/configured_threshold_0.5_is_used
=== RUN   TestThresholdRetrieval_FromNodePoolSpec/configured_threshold_1.0_is_used
=== RUN   TestThresholdRetrieval_FromNodePoolSpec/configured_threshold_1.5_is_used
=== RUN   TestThresholdRetrieval_FromNodePoolSpec/configured_threshold_2.0_is_used
--- PASS: TestThresholdRetrieval_FromNodePoolSpec (0.00s)
    --- PASS: TestThresholdRetrieval_FromNodePoolSpec/nil_threshold_defaults_to_1.0 (0.00s)
    --- PASS: TestThresholdRetrieval_FromNodePoolSpec/configured_threshold_0.5_is_used (0.00s)
    --- PASS: TestThresholdRetrieval_FromNodePoolSpec/configured_threshold_1.0_is_used (0.00s)
    --- PASS: TestThresholdRetrieval_FromNodePoolSpec/configured_threshold_1.5_is_used (0.00s)
    --- PASS: TestThresholdRetrieval_FromNodePoolSpec/configured_threshold_2.0_is_used (0.00s)
=== RUN   TestThresholdPassing_ToPolicyEvaluator
=== RUN   TestThresholdPassing_ToPolicyEvaluator/threshold_1.5_with_ratio_2.0_should_execute
=== RUN   TestThresholdPassing_ToPolicyEvaluator/threshold_1.5_with_ratio_1.0_should_not_execute
=== RUN   TestThresholdPassing_ToPolicyEvaluator/threshold_0.5_with_ratio_0.7_should_execute
=== RUN   TestThresholdPassing_ToPolicyEvaluator/threshold_2.0_with_ratio_1.5_should_not_execute
=== RUN   TestThresholdPassing_ToPolicyEvaluator/default_threshold_1.0_with_ratio_1.0_should_execute
--- PASS: TestThresholdPassing_ToPolicyEvaluator (0.00s)
    --- PASS: TestThresholdPassing_ToPolicyEvaluator/threshold_1.5_with_ratio_2.0_should_execute (0.00s)
    --- PASS: TestThresholdPassing_ToPolicyEvaluator/threshold_1.5_with_ratio_1.0_should_not_execute (0.00s)
    --- PASS: TestThresholdPassing_ToPolicyEvaluator/threshold_0.5_with_ratio_0.7_should_execute (0.00s)
    --- PASS: TestThresholdPassing_ToPolicyEvaluator/threshold_2.0_with_ratio_1.5_should_not_execute (0.00s)
    --- PASS: TestThresholdPassing_ToPolicyEvaluator/default_threshold_1.0_with_ratio_1.0_should_execute (0.00s)
=== RUN   TestThresholdRetrieval_InConsolidationFlow
=== RUN   TestThresholdRetrieval_InConsolidationFlow/nil_threshold_defaults_to_1.0_and_filters_correctly
=== RUN   TestThresholdRetrieval_InConsolidationFlow/threshold_1.5_filters_correctly
=== RUN   TestThresholdRetrieval_InConsolidationFlow/threshold_0.5_filters_correctly
=== RUN   TestThresholdRetrieval_InConsolidationFlow/threshold_2.0_filters_correctly
--- PASS: TestThresholdRetrieval_InConsolidationFlow (0.00s)
    --- PASS: TestThresholdRetrieval_InConsolidationFlow/nil_threshold_defaults_to_1.0_and_filters_correctly (0.00s)
    --- PASS: TestThresholdRetrieval_InConsolidationFlow/threshold_1.5_filters_correctly (0.00s)
    --- PASS: TestThresholdRetrieval_InConsolidationFlow/threshold_0.5_filters_correctly (0.00s)
    --- PASS: TestThresholdRetrieval_InConsolidationFlow/threshold_2.0_filters_correctly (0.00s)
=== RUN   TestIntegration_ConservativeThreshold
    consolidation_integration_test.go:1049: Conservative threshold (2.0): 2 moves passed, 5 moves failed
    consolidation_integration_test.go:1051: Default threshold (1.0): 3 moves passed
    consolidation_integration_test.go:1052: Reduction in consolidations: 1 moves
--- PASS: TestIntegration_ConservativeThreshold (0.00s)
=== RUN   TestIntegration_AggressiveThreshold
    consolidation_integration_test.go:1196: Aggressive threshold (0.5): 4 moves passed, 2 moves failed
    consolidation_integration_test.go:1198: Default threshold (1.0): 3 moves passed
    consolidation_integration_test.go:1199: Increase in consolidations: 1 moves
--- PASS: TestIntegration_AggressiveThreshold (0.00s)
=== RUN   TestIntegration_DeleteRatioFilteringWithConfigurableThreshold
    consolidation_integration_test.go:1299: Delete ratio filtering with threshold 1.50:
    consolidation_integration_test.go:1300:   Skipped 3 candidates (delete ratio < 1.50)
    consolidation_integration_test.go:1301:   Kept 2 candidates (delete ratio >= 1.50)
    consolidation_integration_test.go:1303:     Skipped candidate 1: delete ratio = 0.33
    consolidation_integration_test.go:1303:     Skipped candidate 2: delete ratio = 0.44
    consolidation_integration_test.go:1303:     Skipped candidate 3: delete ratio = 0.58
    consolidation_integration_test.go:1306:     Kept candidate 1: delete ratio = 9.90
    consolidation_integration_test.go:1306:     Kept candidate 2: delete ratio = 4.95
=== RUN   TestIntegration_DeleteRatioFilteringWithConfigurableThreshold/Verify_threshold_monotonicity
    consolidation_integration_test.go:1339: Threshold monotonicity verified:
    consolidation_integration_test.go:1340:   Threshold 1.0: skipped 3 candidates
    consolidation_integration_test.go:1341:   Threshold 1.5: skipped 3 candidates
    consolidation_integration_test.go:1342:   Threshold 2.0: skipped 3 candidates
    consolidation_integration_test.go:1343:   Monotonicity: 3 <= 3 <= 3
=== RUN   TestIntegration_DeleteRatioFilteringWithConfigurableThreshold/Verify_other_policies_ignore_delete_ratio_filtering
    consolidation_integration_test.go:1391: Policy filtering verification:
    consolidation_integration_test.go:1392:   WhenCostJustifiesDisruption: skipped 3 candidates
    consolidation_integration_test.go:1393:   WhenEmptyOrUnderutilized: skipped 0 candidates (filtering not applied)
--- PASS: TestIntegration_DeleteRatioFilteringWithConfigurableThreshold (0.00s)
    --- PASS: TestIntegration_DeleteRatioFilteringWithConfigurableThreshold/Verify_threshold_monotonicity (0.00s)
    --- PASS: TestIntegration_DeleteRatioFilteringWithConfigurableThreshold/Verify_other_policies_ignore_delete_ratio_filtering (0.00s)
=== RUN   TestIntegration_MultiNodePoolDifferentThresholds
=== RUN   TestIntegration_MultiNodePoolDifferentThresholds/NodePool_A_with_threshold_2.0
    consolidation_integration_test.go:1582: NodePool nodepool-a-conservative (threshold 2.00): 2 passed, 3 failed
=== RUN   TestIntegration_MultiNodePoolDifferentThresholds/NodePool_B_with_threshold_0.5
    consolidation_integration_test.go:1582: NodePool nodepool-b-aggressive (threshold 0.50): 4 passed, 1 failed
=== RUN   TestIntegration_MultiNodePoolDifferentThresholds/NodePool_C_with_default_threshold_1.0
    consolidation_integration_test.go:1582: NodePool nodepool-c-default (threshold 1.00): 3 passed, 2 failed
=== RUN   TestIntegration_MultiNodePoolDifferentThresholds/Verify_no_cross-NodePool_interference
    consolidation_integration_test.go:1629: Cross-NodePool verification passed:
    consolidation_integration_test.go:1630:   NodePool A (threshold 2.0): 2 passed
    consolidation_integration_test.go:1631:   NodePool B (threshold 0.5): 4 passed
    consolidation_integration_test.go:1632:   NodePool C (threshold 1.0): 3 passed
    consolidation_integration_test.go:1633:   Verified: B > C > A (as expected for thresholds 0.5 < 1.0 < 2.0)
=== RUN   TestIntegration_MultiNodePoolDifferentThresholds/Verify_backward_compatibility
    consolidation_integration_test.go:1694: Backward compatibility verified:
    consolidation_integration_test.go:1695:   NodePool C (nil threshold, defaults to 1.0): 3 passed
    consolidation_integration_test.go:1696:   Explicit threshold 1.0: 3 passed
    consolidation_integration_test.go:1697:   Behavior is identical (backward compatible)
--- PASS: TestIntegration_MultiNodePoolDifferentThresholds (0.00s)
    --- PASS: TestIntegration_MultiNodePoolDifferentThresholds/NodePool_A_with_threshold_2.0 (0.00s)
    --- PASS: TestIntegration_MultiNodePoolDifferentThresholds/NodePool_B_with_threshold_0.5 (0.00s)
    --- PASS: TestIntegration_MultiNodePoolDifferentThresholds/NodePool_C_with_default_threshold_1.0 (0.00s)
    --- PASS: TestIntegration_MultiNodePoolDifferentThresholds/Verify_no_cross-NodePool_interference (0.00s)
    --- PASS: TestIntegration_MultiNodePoolDifferentThresholds/Verify_backward_compatibility (0.00s)
=== RUN   TestIntegration_BackwardCompatibility
=== RUN   TestIntegration_BackwardCompatibility/Verify_threshold_defaults_to_1.0
    consolidation_integration_test.go:1770: Threshold retrieval verified:
    consolidation_integration_test.go:1771:   NodePool without threshold: 1.00 (default)
    consolidation_integration_test.go:1772:   NodePool with explicit threshold: 1.00
=== RUN   TestIntegration_BackwardCompatibility/Verify_consolidation_behavior_is_identical
    consolidation_integration_test.go:1849: Consolidation behavior verified:
    consolidation_integration_test.go:1850:   NodePool without threshold: 3 passed, 2 failed
    consolidation_integration_test.go:1851:   NodePool with explicit threshold: 3 passed, 2 failed
    consolidation_integration_test.go:1852:   Behavior is identical (backward compatible)
=== RUN   TestIntegration_BackwardCompatibility/Verify_metrics_show_threshold=1.0
    consolidation_integration_test.go:1874: Metrics verification:
    consolidation_integration_test.go:1875:   NodePool without threshold: threshold label = 1.00
    consolidation_integration_test.go:1876:   NodePool with explicit threshold: threshold label = 1.00
    consolidation_integration_test.go:1877:   Both emit metrics with threshold=1.00 (backward compatible)
=== RUN   TestIntegration_BackwardCompatibility/Verify_delete_ratio_filtering_behaves_identically
    consolidation_integration_test.go:1925: Delete ratio filtering verified:
    consolidation_integration_test.go:1926:   NodePool without threshold: skipped 2 candidates
    consolidation_integration_test.go:1927:   NodePool with explicit threshold: skipped 2 candidates
    consolidation_integration_test.go:1928:   Filtering behavior is identical (backward compatible)
=== RUN   TestIntegration_BackwardCompatibility/Verify_existing_NodePool_configurations_remain_valid
    consolidation_integration_test.go:1979: Existing NodePool configuration verified:
    consolidation_integration_test.go:1980:   Threshold: 1.00 (default)
    consolidation_integration_test.go:1981:   Candidates passed: 2
    consolidation_integration_test.go:1982:   Configuration remains valid and functional (backward compatible)
=== RUN   TestIntegration_BackwardCompatibility/Verify_simultaneous_operation_with_new_configurations
    consolidation_integration_test.go:2056: Simultaneous operation verified:
    consolidation_integration_test.go:2057:   Old NodePool (no threshold): threshold=1.00, passed=1
    consolidation_integration_test.go:2058:   New NodePool (custom threshold): threshold=1.50, passed=0
    consolidation_integration_test.go:2059:   Both NodePools operate independently (backward compatible)
--- PASS: TestIntegration_BackwardCompatibility (0.00s)
    --- PASS: TestIntegration_BackwardCompatibility/Verify_threshold_defaults_to_1.0 (0.00s)
    --- PASS: TestIntegration_BackwardCompatibility/Verify_consolidation_behavior_is_identical (0.00s)
    --- PASS: TestIntegration_BackwardCompatibility/Verify_metrics_show_threshold=1.0 (0.00s)
    --- PASS: TestIntegration_BackwardCompatibility/Verify_delete_ratio_filtering_behaves_identically (0.00s)
    --- PASS: TestIntegration_BackwardCompatibility/Verify_existing_NodePool_configurations_remain_valid (0.00s)
    --- PASS: TestIntegration_BackwardCompatibility/Verify_simultaneous_operation_with_new_configurations (0.00s)
=== RUN   TestGetValidationFailureReason
=== RUN   TestGetValidationFailureReason/nil_error
=== RUN   TestGetValidationFailureReason/non-validation_error
=== RUN   TestGetValidationFailureReason/budget_error_-_nominated
=== RUN   TestGetValidationFailureReason/budget_error_-_budget
=== RUN   TestGetValidationFailureReason/scheduling_error
=== RUN   TestGetValidationFailureReason/churn_error_-_no_longer_valid
=== RUN   TestGetValidationFailureReason/churn_error_-_churn
=== RUN   TestGetValidationFailureReason/generic_validation_error
--- PASS: TestGetValidationFailureReason (0.00s)
    --- PASS: TestGetValidationFailureReason/nil_error (0.00s)
    --- PASS: TestGetValidationFailureReason/non-validation_error (0.00s)
    --- PASS: TestGetValidationFailureReason/budget_error_-_nominated (0.00s)
    --- PASS: TestGetValidationFailureReason/budget_error_-_budget (0.00s)
    --- PASS: TestGetValidationFailureReason/scheduling_error (0.00s)
    --- PASS: TestGetValidationFailureReason/churn_error_-_no_longer_valid (0.00s)
    --- PASS: TestGetValidationFailureReason/churn_error_-_churn (0.00s)
    --- PASS: TestGetValidationFailureReason/generic_validation_error (0.00s)
=== RUN   TestGetCommandEstimatedSavings_MultipleReplacements
--- PASS: TestGetCommandEstimatedSavings_MultipleReplacements (0.00s)
=== RUN   TestGetCommandEstimatedSavings_EdgeCases
=== RUN   TestGetCommandEstimatedSavings_EdgeCases/empty_NodeClaim_list
=== RUN   TestGetCommandEstimatedSavings_EdgeCases/NodeClaim_with_no_InstanceTypeOptions
=== RUN   TestGetCommandEstimatedSavings_EdgeCases/NodeClaim_with_empty_Offerings
=== RUN   TestGetCommandEstimatedSavings_EdgeCases/delete_consolidation_-_no_replacements
--- PASS: TestGetCommandEstimatedSavings_EdgeCases (0.00s)
    --- PASS: TestGetCommandEstimatedSavings_EdgeCases/empty_NodeClaim_list (0.00s)
    --- PASS: TestGetCommandEstimatedSavings_EdgeCases/NodeClaim_with_no_InstanceTypeOptions (0.00s)
    --- PASS: TestGetCommandEstimatedSavings_EdgeCases/NodeClaim_with_empty_Offerings (0.00s)
    --- PASS: TestGetCommandEstimatedSavings_EdgeCases/delete_consolidation_-_no_replacements (0.00s)
=== RUN   TestCommand_String
=== RUN   TestCommand_String/delete_single_node
=== RUN   TestCommand_String/delete_multiple_nodes
=== RUN   TestCommand_String/replace_with_single_replacement
=== RUN   TestCommand_String/replace_with_multiple_replacements
=== RUN   TestCommand_String/empty_command
--- PASS: TestCommand_String (0.00s)
    --- PASS: TestCommand_String/delete_single_node (0.00s)
    --- PASS: TestCommand_String/delete_multiple_nodes (0.00s)
    --- PASS: TestCommand_String/replace_with_single_replacement (0.00s)
    --- PASS: TestCommand_String/replace_with_multiple_replacements (0.00s)
    --- PASS: TestCommand_String/empty_command (0.00s)
=== RUN   TestConsolidationCandidateEvent
--- PASS: TestConsolidationCandidateEvent (0.00s)
=== RUN   TestProperty_DeleteRatioFiltering
+ nodes with delete ratio < 1.0 are filtered out: OK, passed 100 tests.
Elapsed time: 1.832208ms
--- PASS: TestProperty_DeleteRatioFiltering (0.00s)
=== RUN   TestProperty_DeleteRatioAsUpperBound
+ delete ratio >= replace ratio for same node: OK, passed 100 tests.
Elapsed time: 1.571375ms
--- PASS: TestProperty_DeleteRatioAsUpperBound (0.00s)
=== RUN   TestProperty_RatioBasedMoveOrdering
+ moves sorted by decision ratio in descending order: OK, passed 100 tests.
Elapsed time: 1.698917ms
--- PASS: TestProperty_RatioBasedMoveOrdering (0.00s)
=== RUN   TestProperty_CumulativeCostDisruptionEfficiency
+ ratio-descending order has better cumulative ratio at each step: OK,
   passed 100 tests.
Elapsed time: 1.470375ms
--- PASS: TestProperty_CumulativeCostDisruptionEfficiency (0.00s)
=== RUN   TestProperty_DeleteRatioFilteringWithThreshold
+ nodes with delete ratio < threshold are skipped, >= threshold are not
   skipped: OK, passed 100 tests.
Elapsed time: 1.48175ms
--- PASS: TestProperty_DeleteRatioFilteringWithThreshold (0.00s)
=== RUN   TestProperty_DeleteRatioFilteringMonotonicity
+ more nodes are skipped with higher threshold: OK, passed 100 tests.
Elapsed time: 1.352583ms
--- PASS: TestProperty_DeleteRatioFilteringMonotonicity (0.00s)
=== RUN   TestProperty_PerNodePoolThresholdIndependence
+ each NodePool uses its own threshold independently: OK, passed 100 tests.
Elapsed time: 4.483458ms
--- PASS: TestProperty_PerNodePoolThresholdIndependence (0.00s)
=== RUN   TestProperty_ThresholdMonotonicity
+ moves with higher threshold are subset of moves with lower threshold:
   OK, passed 100 tests.
Elapsed time: 1.077166ms
--- PASS: TestProperty_ThresholdMonotonicity (0.00s)
=== RUN   TestProperty_BackwardCompatibility
+ nil threshold behaves identically to threshold=1.0: OK, passed 100 tests.
Elapsed time: 2.132042ms
--- PASS: TestProperty_BackwardCompatibility (0.00s)
=== RUN   TestProperty_ConsistentThresholdApplication
+ same threshold is used throughout a single consolidation pass: OK,
   passed 100 tests.
Elapsed time: 1.297292ms
--- PASS: TestProperty_ConsistentThresholdApplication (0.00s)
=== RUN   TestProperty_NormalizedCostComputation
+ normalized cost equals node cost / total cost: OK, passed 100 tests.
Elapsed time: 1.287291ms
--- PASS: TestProperty_NormalizedCostComputation (0.00s)
=== RUN   TestProperty_NormalizedDisruptionComputation
+ normalized disruption equals node disruption / total disruption: OK,
   passed 100 tests.
Elapsed time: 1.243916ms
--- PASS: TestProperty_NormalizedDisruptionComputation (0.00s)
=== RUN   TestProperty_DecisionRatioFormula
+ decision ratio equals normalized cost / normalized disruption: OK,
   passed 100 tests.
Elapsed time: 1.231084ms
--- PASS: TestProperty_DecisionRatioFormula (0.00s)
=== RUN   TestProperty_DeleteRatioComputation
+ delete ratio equals normalized cost / normalized disruption: OK, passed
   100 tests.
Elapsed time: 1.149417ms
--- PASS: TestProperty_DeleteRatioComputation (0.00s)
=== RUN   TestProperty_NodeDisruptionCostComposition
+ node disruption cost equals 1.0 + sum(max(0, evictionCost)): OK, passed
   100 tests.
Elapsed time: 1.514791ms
--- PASS: TestProperty_NodeDisruptionCostComposition (0.00s)
=== RUN   TestProperty_EvictionCostFunctionUsage
+ per-pod disruption cost uses EvictionCost function: OK, passed 100 tests.
Elapsed time: 2.414542ms
--- PASS: TestProperty_EvictionCostFunctionUsage (0.00s)
=== RUN   TestProperty_PodDeletionCostImpact
+ higher PodDeletionCost leads to higher disruption cost: OK, passed 100
   tests.
Elapsed time: 193.667µs
--- PASS: TestProperty_PodDeletionCostImpact (0.00s)
=== RUN   TestProperty_PodPriorityImpact
+ higher Priority leads to higher disruption cost: OK, passed 100 tests.
Elapsed time: 166.709µs
--- PASS: TestProperty_PodPriorityImpact (0.00s)
=== RUN   TestProperty_DecisionRatioComputationStability
+ computing decision ratio multiple times produces identical results: OK,
   passed 100 tests.
Elapsed time: 1.499208ms
--- PASS: TestProperty_DecisionRatioComputationStability (0.00s)
=== RUN   TestProperty_ConsistentDisruptionCostAcrossMoveTypes
+ disruption cost is identical for delete and replace moves: OK, passed
   100 tests.
Elapsed time: 1.50575ms
--- PASS: TestProperty_ConsistentDisruptionCostAcrossMoveTypes (0.00s)
=== RUN   TestProperty_DeleteMoveCostSavings
+ delete move cost savings equals full node cost: OK, passed 100 tests.
Elapsed time: 1.212708ms
--- PASS: TestProperty_DeleteMoveCostSavings (0.00s)
=== RUN   TestProperty_ReplaceMoveCostSavings
+ replace move cost savings equals cost difference: OK, passed 100 tests.
Elapsed time: 1.200709ms
--- PASS: TestProperty_ReplaceMoveCostSavings (0.00s)
=== RUN   TestProperty_PerNodePoolPolicyIndependence
+ consolidation decisions are independent per nodepool: OK, passed 100
   tests.
Elapsed time: 5.317042ms
--- PASS: TestProperty_PerNodePoolPolicyIndependence (0.01s)
=== RUN   TestComputeDecisionRatio_BasicComputation
--- PASS: TestComputeDecisionRatio_BasicComputation (0.00s)
=== RUN   TestComputeDecisionRatio_ZeroTotalDisruption
--- PASS: TestComputeDecisionRatio_ZeroTotalDisruption (0.00s)
=== RUN   TestComputeDecisionRatio_ZeroNormalizedDisruption
--- PASS: TestComputeDecisionRatio_ZeroNormalizedDisruption (0.00s)
=== RUN   TestComputeDecisionRatio_HighRatio
--- PASS: TestComputeDecisionRatio_HighRatio (0.00s)
=== RUN   TestComputeDecisionRatio_LowRatio
--- PASS: TestComputeDecisionRatio_LowRatio (0.00s)
=== RUN   TestComputeDeleteRatio_BasicComputation
--- PASS: TestComputeDeleteRatio_BasicComputation (0.00s)
=== RUN   TestComputeDeleteRatio_ZeroTotalDisruption
--- PASS: TestComputeDeleteRatio_ZeroTotalDisruption (0.00s)
=== RUN   TestComputeDeleteRatio_ZeroNormalizedDisruption
--- PASS: TestComputeDeleteRatio_ZeroNormalizedDisruption (0.00s)
=== RUN   TestComputeDeleteRatio_HighRatio
--- PASS: TestComputeDeleteRatio_HighRatio (0.00s)
=== RUN   TestComputeDeleteRatio_LowRatio
--- PASS: TestComputeDeleteRatio_LowRatio (0.00s)
=== RUN   TestComputeDeleteRatio_MatchesDecisionRatio
--- PASS: TestComputeDeleteRatio_MatchesDecisionRatio (0.00s)
=== RUN   TestComputeNodePoolMetrics_BasicComputation
--- PASS: TestComputeNodePoolMetrics_BasicComputation (0.00s)
=== RUN   TestComputeNodePoolMetrics_EmptyCandidates
--- PASS: TestComputeNodePoolMetrics_EmptyCandidates (0.00s)
=== RUN   TestComputeNodePoolMetrics_ZeroCost
--- PASS: TestComputeNodePoolMetrics_ZeroCost (0.00s)
=== RUN   TestComputeNodePoolMetrics_ZeroDisruption
--- PASS: TestComputeNodePoolMetrics_ZeroDisruption (0.00s)
=== RUN   TestComputeNodePoolMetrics_NilInstanceType
--- PASS: TestComputeNodePoolMetrics_NilInstanceType (0.00s)
=== RUN   TestComputeNodePoolMetrics_EmptyOfferings
--- PASS: TestComputeNodePoolMetrics_EmptyOfferings (0.00s)
=== RUN   TestComputeNodePoolMetrics_MixedCandidates
--- PASS: TestComputeNodePoolMetrics_MixedCandidates (0.00s)
=== RUN   TestComputeDecisionRatio_VariousInputCombinations
=== RUN   TestComputeDecisionRatio_VariousInputCombinations/equal_normalized_values
=== RUN   TestComputeDecisionRatio_VariousInputCombinations/high_cost_low_disruption
=== RUN   TestComputeDecisionRatio_VariousInputCombinations/low_cost_high_disruption
=== RUN   TestComputeDecisionRatio_VariousInputCombinations/very_small_values
=== RUN   TestComputeDecisionRatio_VariousInputCombinations/very_large_values
--- PASS: TestComputeDecisionRatio_VariousInputCombinations (0.00s)
    --- PASS: TestComputeDecisionRatio_VariousInputCombinations/equal_normalized_values (0.00s)
    --- PASS: TestComputeDecisionRatio_VariousInputCombinations/high_cost_low_disruption (0.00s)
    --- PASS: TestComputeDecisionRatio_VariousInputCombinations/low_cost_high_disruption (0.00s)
    --- PASS: TestComputeDecisionRatio_VariousInputCombinations/very_small_values (0.00s)
    --- PASS: TestComputeDecisionRatio_VariousInputCombinations/very_large_values (0.00s)
=== RUN   TestComputeDeleteRatio_VariousInputCombinations
=== RUN   TestComputeDeleteRatio_VariousInputCombinations/equal_normalized_values
=== RUN   TestComputeDeleteRatio_VariousInputCombinations/high_cost_low_disruption
=== RUN   TestComputeDeleteRatio_VariousInputCombinations/low_cost_high_disruption
=== RUN   TestComputeDeleteRatio_VariousInputCombinations/very_small_values
=== RUN   TestComputeDeleteRatio_VariousInputCombinations/very_large_values
--- PASS: TestComputeDeleteRatio_VariousInputCombinations (0.00s)
    --- PASS: TestComputeDeleteRatio_VariousInputCombinations/equal_normalized_values (0.00s)
    --- PASS: TestComputeDeleteRatio_VariousInputCombinations/high_cost_low_disruption (0.00s)
    --- PASS: TestComputeDeleteRatio_VariousInputCombinations/low_cost_high_disruption (0.00s)
    --- PASS: TestComputeDeleteRatio_VariousInputCombinations/very_small_values (0.00s)
    --- PASS: TestComputeDeleteRatio_VariousInputCombinations/very_large_values (0.00s)
=== RUN   TestComputeDecisionRatio_InfinityHandling
=== RUN   TestComputeDecisionRatio_InfinityHandling/zero_total_disruption
=== RUN   TestComputeDecisionRatio_InfinityHandling/zero_normalized_disruption
=== RUN   TestComputeDecisionRatio_InfinityHandling/non-zero_disruption
--- PASS: TestComputeDecisionRatio_InfinityHandling (0.00s)
    --- PASS: TestComputeDecisionRatio_InfinityHandling/zero_total_disruption (0.00s)
    --- PASS: TestComputeDecisionRatio_InfinityHandling/zero_normalized_disruption (0.00s)
    --- PASS: TestComputeDecisionRatio_InfinityHandling/non-zero_disruption (0.00s)
=== RUN   TestComputeDeleteRatio_InfinityHandling
=== RUN   TestComputeDeleteRatio_InfinityHandling/zero_total_disruption
=== RUN   TestComputeDeleteRatio_InfinityHandling/zero_normalized_disruption
=== RUN   TestComputeDeleteRatio_InfinityHandling/non-zero_disruption
--- PASS: TestComputeDeleteRatio_InfinityHandling (0.00s)
    --- PASS: TestComputeDeleteRatio_InfinityHandling/zero_total_disruption (0.00s)
    --- PASS: TestComputeDeleteRatio_InfinityHandling/zero_normalized_disruption (0.00s)
    --- PASS: TestComputeDeleteRatio_InfinityHandling/non-zero_disruption (0.00s)
=== RUN   TestComputeNodeDisruptionCost_EmptyPodList
--- PASS: TestComputeNodeDisruptionCost_EmptyPodList (0.00s)
=== RUN   TestComputeNodeDisruptionCost_SinglePodWithPositiveCost
--- PASS: TestComputeNodeDisruptionCost_SinglePodWithPositiveCost (0.00s)
=== RUN   TestComputeNodeDisruptionCost_SinglePodWithNegativeCost
--- PASS: TestComputeNodeDisruptionCost_SinglePodWithNegativeCost (0.00s)
=== RUN   TestComputeNodeDisruptionCost_MultiplePods
--- PASS: TestComputeNodeDisruptionCost_MultiplePods (0.00s)
=== RUN   TestComputeNodeDisruptionCost_MixedPositiveAndNegativeCosts
--- PASS: TestComputeNodeDisruptionCost_MixedPositiveAndNegativeCosts (0.00s)
=== RUN   TestComputeNodeDisruptionCost_BaselineCostAlwaysApplied
=== RUN   TestComputeNodeDisruptionCost_BaselineCostAlwaysApplied/empty_pod_list
=== RUN   TestComputeNodeDisruptionCost_BaselineCostAlwaysApplied/single_pod_with_zero_cost
=== RUN   TestComputeNodeDisruptionCost_BaselineCostAlwaysApplied/multiple_pods_with_negative_costs
--- PASS: TestComputeNodeDisruptionCost_BaselineCostAlwaysApplied (0.00s)
    --- PASS: TestComputeNodeDisruptionCost_BaselineCostAlwaysApplied/empty_pod_list (0.00s)
    --- PASS: TestComputeNodeDisruptionCost_BaselineCostAlwaysApplied/single_pod_with_zero_cost (0.00s)
    --- PASS: TestComputeNodeDisruptionCost_BaselineCostAlwaysApplied/multiple_pods_with_negative_costs (0.00s)
=== RUN   TestComputeNodeDisruptionCost_NegativeCostClamping
--- PASS: TestComputeNodeDisruptionCost_NegativeCostClamping (0.00s)
=== RUN   TestComputeNodeDisruptionCost_VariousPodSets
=== RUN   TestComputeNodeDisruptionCost_VariousPodSets/no_pods
=== RUN   TestComputeNodeDisruptionCost_VariousPodSets/single_high_priority_pod
=== RUN   TestComputeNodeDisruptionCost_VariousPodSets/single_high_deletion_cost_pod
=== RUN   TestComputeNodeDisruptionCost_VariousPodSets/many_low_priority_pods
--- PASS: TestComputeNodeDisruptionCost_VariousPodSets (0.00s)
    --- PASS: TestComputeNodeDisruptionCost_VariousPodSets/no_pods (0.00s)
    --- PASS: TestComputeNodeDisruptionCost_VariousPodSets/single_high_priority_pod (0.00s)
    --- PASS: TestComputeNodeDisruptionCost_VariousPodSets/single_high_deletion_cost_pod (0.00s)
    --- PASS: TestComputeNodeDisruptionCost_VariousPodSets/many_low_priority_pods (0.00s)
=== RUN   TestDeleteRatioFiltering_NodesAboveThreshold
--- PASS: TestDeleteRatioFiltering_NodesAboveThreshold (0.00s)
=== RUN   TestDeleteRatioFiltering_NodesBelowThreshold
--- PASS: TestDeleteRatioFiltering_NodesBelowThreshold (0.00s)
=== RUN   TestDeleteRatioFiltering_WhenEmptyPolicy
    decisionratio_test.go:1370: Delete ratios: 0.183333, 9.166667 with threshold 2.000000 - filtering correctly skipped for WhenEmpty policy
--- PASS: TestDeleteRatioFiltering_WhenEmptyPolicy (0.00s)
=== RUN   TestDeleteRatioFiltering_WhenEmptyOrUnderutilizedPolicy
    decisionratio_test.go:1408: Delete ratios: 0.183333, 9.166667 with threshold 2.000000 - filtering correctly skipped for WhenEmptyOrUnderutilized policy
--- PASS: TestDeleteRatioFiltering_WhenEmptyOrUnderutilizedPolicy (0.00s)
=== RUN   TestProperty_MetricsIncludeThresholdLabel
+ all decision ratio metrics include threshold label with correct value:
   OK, passed 100 tests.
Elapsed time: 372.334µs
--- PASS: TestProperty_MetricsIncludeThresholdLabel (0.00s)
=== RUN   TestMetricsEmission_DecisionRatioHistogram
--- PASS: TestMetricsEmission_DecisionRatioHistogram (0.00s)
=== RUN   TestMetricsEmission_ThresholdCounters
--- PASS: TestMetricsEmission_ThresholdCounters (0.00s)
=== RUN   TestMetricsEmission_DeleteRatioSkipCounter
--- PASS: TestMetricsEmission_DeleteRatioSkipCounter (0.00s)
=== RUN   TestMetricsEmission_MetricLabels
--- PASS: TestMetricsEmission_MetricLabels (0.00s)
=== RUN   TestMetricsEmission_MultipleNodePools
--- PASS: TestMetricsEmission_MultipleNodePools (0.00s)
=== RUN   TestMetricsEmission_DifferentPolicies
--- PASS: TestMetricsEmission_DifferentPolicies (0.00s)
=== RUN   TestMetricsEmission_ThresholdLabelFormat
--- PASS: TestMetricsEmission_ThresholdLabelFormat (0.00s)
=== RUN   TestMetricsEmission_MovesAboveThresholdWithThresholdLabel
--- PASS: TestMetricsEmission_MovesAboveThresholdWithThresholdLabel (0.00s)
=== RUN   TestMetricsEmission_MovesBelowThresholdWithThresholdLabel
--- PASS: TestMetricsEmission_MovesBelowThresholdWithThresholdLabel (0.00s)
=== RUN   TestMetricsEmission_DeleteRatioSkipsWithThresholdLabel
--- PASS: TestMetricsEmission_DeleteRatioSkipsWithThresholdLabel (0.00s)
=== RUN   TestMetricsEmission_AllMetricsIncludeThresholdLabel
--- PASS: TestMetricsEmission_AllMetricsIncludeThresholdLabel (0.00s)
=== RUN   TestMetricsEmission_ThresholdLabelMatchesConfiguredThreshold
--- PASS: TestMetricsEmission_ThresholdLabelMatchesConfiguredThreshold (0.00s)
=== RUN   TestProperty_ThresholdComparisonInPolicyEvaluation
+ consolidation occurs if and only if ratio >= threshold for
   WhenCostJustifiesDisruption: OK, passed 100 tests.
Elapsed time: 61.541µs
--- PASS: TestProperty_ThresholdComparisonInPolicyEvaluation (0.00s)
=== RUN   TestProperty_ThresholdIgnoredForOtherPolicies
+ WhenEmpty and WhenEmptyOrUnderutilized policies ignore threshold: OK,
   passed 100 tests.
Elapsed time: 88.834µs
--- PASS: TestProperty_ThresholdIgnoredForOtherPolicies (0.00s)
=== RUN   TestPolicyEvaluator_WhenEmpty
=== RUN   TestPolicyEvaluator_WhenEmpty/empty_node_with_ratio_below_threshold
=== RUN   TestPolicyEvaluator_WhenEmpty/empty_node_with_ratio_above_threshold
=== RUN   TestPolicyEvaluator_WhenEmpty/empty_node_with_ratio_at_threshold
=== RUN   TestPolicyEvaluator_WhenEmpty/non-empty_node_with_ratio_above_threshold
=== RUN   TestPolicyEvaluator_WhenEmpty/non-empty_node_with_ratio_below_threshold
=== RUN   TestPolicyEvaluator_WhenEmpty/single_pod_with_high_ratio
--- PASS: TestPolicyEvaluator_WhenEmpty (0.00s)
    --- PASS: TestPolicyEvaluator_WhenEmpty/empty_node_with_ratio_below_threshold (0.00s)
    --- PASS: TestPolicyEvaluator_WhenEmpty/empty_node_with_ratio_above_threshold (0.00s)
    --- PASS: TestPolicyEvaluator_WhenEmpty/empty_node_with_ratio_at_threshold (0.00s)
    --- PASS: TestPolicyEvaluator_WhenEmpty/non-empty_node_with_ratio_above_threshold (0.00s)
    --- PASS: TestPolicyEvaluator_WhenEmpty/non-empty_node_with_ratio_below_threshold (0.00s)
    --- PASS: TestPolicyEvaluator_WhenEmpty/single_pod_with_high_ratio (0.00s)
=== RUN   TestPolicyEvaluator_WhenEmptyOrUnderutilized
=== RUN   TestPolicyEvaluator_WhenEmptyOrUnderutilized/empty_node_with_low_ratio
=== RUN   TestPolicyEvaluator_WhenEmptyOrUnderutilized/empty_node_with_high_ratio
=== RUN   TestPolicyEvaluator_WhenEmptyOrUnderutilized/non-empty_node_with_low_ratio
=== RUN   TestPolicyEvaluator_WhenEmptyOrUnderutilized/non-empty_node_with_high_ratio
=== RUN   TestPolicyEvaluator_WhenEmptyOrUnderutilized/node_with_ratio_at_threshold
=== RUN   TestPolicyEvaluator_WhenEmptyOrUnderutilized/node_with_zero_ratio
--- PASS: TestPolicyEvaluator_WhenEmptyOrUnderutilized (0.00s)
    --- PASS: TestPolicyEvaluator_WhenEmptyOrUnderutilized/empty_node_with_low_ratio (0.00s)
    --- PASS: TestPolicyEvaluator_WhenEmptyOrUnderutilized/empty_node_with_high_ratio (0.00s)
    --- PASS: TestPolicyEvaluator_WhenEmptyOrUnderutilized/non-empty_node_with_low_ratio (0.00s)
    --- PASS: TestPolicyEvaluator_WhenEmptyOrUnderutilized/non-empty_node_with_high_ratio (0.00s)
    --- PASS: TestPolicyEvaluator_WhenEmptyOrUnderutilized/node_with_ratio_at_threshold (0.00s)
    --- PASS: TestPolicyEvaluator_WhenEmptyOrUnderutilized/node_with_zero_ratio (0.00s)
=== RUN   TestPolicyEvaluator_WhenCostJustifiesDisruption
=== RUN   TestPolicyEvaluator_WhenCostJustifiesDisruption/ratio_above_threshold
=== RUN   TestPolicyEvaluator_WhenCostJustifiesDisruption/ratio_at_threshold
=== RUN   TestPolicyEvaluator_WhenCostJustifiesDisruption/ratio_below_threshold
=== RUN   TestPolicyEvaluator_WhenCostJustifiesDisruption/ratio_slightly_below_threshold
=== RUN   TestPolicyEvaluator_WhenCostJustifiesDisruption/ratio_slightly_above_threshold
=== RUN   TestPolicyEvaluator_WhenCostJustifiesDisruption/empty_node_with_low_ratio
=== RUN   TestPolicyEvaluator_WhenCostJustifiesDisruption/empty_node_with_high_ratio
=== RUN   TestPolicyEvaluator_WhenCostJustifiesDisruption/zero_ratio
=== RUN   TestPolicyEvaluator_WhenCostJustifiesDisruption/very_high_ratio
--- PASS: TestPolicyEvaluator_WhenCostJustifiesDisruption (0.00s)
    --- PASS: TestPolicyEvaluator_WhenCostJustifiesDisruption/ratio_above_threshold (0.00s)
    --- PASS: TestPolicyEvaluator_WhenCostJustifiesDisruption/ratio_at_threshold (0.00s)
    --- PASS: TestPolicyEvaluator_WhenCostJustifiesDisruption/ratio_below_threshold (0.00s)
    --- PASS: TestPolicyEvaluator_WhenCostJustifiesDisruption/ratio_slightly_below_threshold (0.00s)
    --- PASS: TestPolicyEvaluator_WhenCostJustifiesDisruption/ratio_slightly_above_threshold (0.00s)
    --- PASS: TestPolicyEvaluator_WhenCostJustifiesDisruption/empty_node_with_low_ratio (0.00s)
    --- PASS: TestPolicyEvaluator_WhenCostJustifiesDisruption/empty_node_with_high_ratio (0.00s)
    --- PASS: TestPolicyEvaluator_WhenCostJustifiesDisruption/zero_ratio (0.00s)
    --- PASS: TestPolicyEvaluator_WhenCostJustifiesDisruption/very_high_ratio (0.00s)
=== RUN   TestPolicyEvaluator_DefaultPolicy
=== RUN   TestPolicyEvaluator_DefaultPolicy/unknown_policy_with_low_ratio
=== RUN   TestPolicyEvaluator_DefaultPolicy/unknown_policy_with_high_ratio
=== RUN   TestPolicyEvaluator_DefaultPolicy/empty_policy_string_with_low_ratio
--- PASS: TestPolicyEvaluator_DefaultPolicy (0.00s)
    --- PASS: TestPolicyEvaluator_DefaultPolicy/unknown_policy_with_low_ratio (0.00s)
    --- PASS: TestPolicyEvaluator_DefaultPolicy/unknown_policy_with_high_ratio (0.00s)
    --- PASS: TestPolicyEvaluator_DefaultPolicy/empty_policy_string_with_low_ratio (0.00s)
=== RUN   TestPolicyEvaluator_EdgeCases
=== RUN   TestPolicyEvaluator_EdgeCases/WhenEmpty_with_exactly_zero_pods
=== RUN   TestPolicyEvaluator_EdgeCases/WhenEmpty_with_exactly_one_pod
=== RUN   TestPolicyEvaluator_EdgeCases/WhenCostJustifiesDisruption_with_ratio_exactly_1.0
=== RUN   TestPolicyEvaluator_EdgeCases/WhenCostJustifiesDisruption_with_ratio_just_below_1.0
=== RUN   TestPolicyEvaluator_EdgeCases/WhenCostJustifiesDisruption_with_ratio_just_above_1.0
--- PASS: TestPolicyEvaluator_EdgeCases (0.00s)
    --- PASS: TestPolicyEvaluator_EdgeCases/WhenEmpty_with_exactly_zero_pods (0.00s)
    --- PASS: TestPolicyEvaluator_EdgeCases/WhenEmpty_with_exactly_one_pod (0.00s)
    --- PASS: TestPolicyEvaluator_EdgeCases/WhenCostJustifiesDisruption_with_ratio_exactly_1.0 (0.00s)
    --- PASS: TestPolicyEvaluator_EdgeCases/WhenCostJustifiesDisruption_with_ratio_just_below_1.0 (0.00s)
    --- PASS: TestPolicyEvaluator_EdgeCases/WhenCostJustifiesDisruption_with_ratio_just_above_1.0 (0.00s)
=== RUN   TestPolicyEvaluator_ConfigurableThreshold
=== RUN   TestPolicyEvaluator_ConfigurableThreshold/WhenCostJustifiesDisruption_with_threshold_1.5_and_ratio_2.0_should_consolidate
=== RUN   TestPolicyEvaluator_ConfigurableThreshold/WhenCostJustifiesDisruption_with_threshold_1.5_and_ratio_1.0_should_not_consolidate
=== RUN   TestPolicyEvaluator_ConfigurableThreshold/WhenCostJustifiesDisruption_with_threshold_1.0_and_ratio_1.0_should_consolidate_(boundary_case)
=== RUN   TestPolicyEvaluator_ConfigurableThreshold/WhenEmpty_policy_ignores_threshold_-_high_threshold_with_low_ratio
=== RUN   TestPolicyEvaluator_ConfigurableThreshold/WhenEmpty_policy_ignores_threshold_-_low_threshold_with_high_ratio
=== RUN   TestPolicyEvaluator_ConfigurableThreshold/WhenEmpty_policy_ignores_threshold_-_non-empty_node
=== RUN   TestPolicyEvaluator_ConfigurableThreshold/WhenEmptyOrUnderutilized_policy_ignores_threshold_-_low_ratio_high_threshold
=== RUN   TestPolicyEvaluator_ConfigurableThreshold/WhenEmptyOrUnderutilized_policy_ignores_threshold_-_high_ratio_low_threshold
=== RUN   TestPolicyEvaluator_ConfigurableThreshold/Conservative_threshold_2.0_with_ratio_1.5_should_not_consolidate
=== RUN   TestPolicyEvaluator_ConfigurableThreshold/Aggressive_threshold_0.5_with_ratio_0.7_should_consolidate
=== RUN   TestPolicyEvaluator_ConfigurableThreshold/Aggressive_threshold_0.5_with_ratio_0.4_should_not_consolidate
--- PASS: TestPolicyEvaluator_ConfigurableThreshold (0.00s)
    --- PASS: TestPolicyEvaluator_ConfigurableThreshold/WhenCostJustifiesDisruption_with_threshold_1.5_and_ratio_2.0_should_consolidate (0.00s)
    --- PASS: TestPolicyEvaluator_ConfigurableThreshold/WhenCostJustifiesDisruption_with_threshold_1.5_and_ratio_1.0_should_not_consolidate (0.00s)
    --- PASS: TestPolicyEvaluator_ConfigurableThreshold/WhenCostJustifiesDisruption_with_threshold_1.0_and_ratio_1.0_should_consolidate_(boundary_case) (0.00s)
    --- PASS: TestPolicyEvaluator_ConfigurableThreshold/WhenEmpty_policy_ignores_threshold_-_high_threshold_with_low_ratio (0.00s)
    --- PASS: TestPolicyEvaluator_ConfigurableThreshold/WhenEmpty_policy_ignores_threshold_-_low_threshold_with_high_ratio (0.00s)
    --- PASS: TestPolicyEvaluator_ConfigurableThreshold/WhenEmpty_policy_ignores_threshold_-_non-empty_node (0.00s)
    --- PASS: TestPolicyEvaluator_ConfigurableThreshold/WhenEmptyOrUnderutilized_policy_ignores_threshold_-_low_ratio_high_threshold (0.00s)
    --- PASS: TestPolicyEvaluator_ConfigurableThreshold/WhenEmptyOrUnderutilized_policy_ignores_threshold_-_high_ratio_low_threshold (0.00s)
    --- PASS: TestPolicyEvaluator_ConfigurableThreshold/Conservative_threshold_2.0_with_ratio_1.5_should_not_consolidate (0.00s)
    --- PASS: TestPolicyEvaluator_ConfigurableThreshold/Aggressive_threshold_0.5_with_ratio_0.7_should_consolidate (0.00s)
    --- PASS: TestPolicyEvaluator_ConfigurableThreshold/Aggressive_threshold_0.5_with_ratio_0.4_should_not_consolidate (0.00s)
=== RUN   TestPolicyEvaluator_EdgeCase_ThresholdEqualsRatio
=== RUN   TestPolicyEvaluator_EdgeCase_ThresholdEqualsRatio/ratio_equals_threshold_at_1.0
=== RUN   TestPolicyEvaluator_EdgeCase_ThresholdEqualsRatio/ratio_equals_threshold_at_1.5
=== RUN   TestPolicyEvaluator_EdgeCase_ThresholdEqualsRatio/ratio_equals_threshold_at_0.5
=== RUN   TestPolicyEvaluator_EdgeCase_ThresholdEqualsRatio/ratio_equals_threshold_at_2.0
=== RUN   TestPolicyEvaluator_EdgeCase_ThresholdEqualsRatio/ratio_equals_threshold_at_0.001
=== RUN   TestPolicyEvaluator_EdgeCase_ThresholdEqualsRatio/ratio_equals_threshold_at_100.0
--- PASS: TestPolicyEvaluator_EdgeCase_ThresholdEqualsRatio (0.00s)
    --- PASS: TestPolicyEvaluator_EdgeCase_ThresholdEqualsRatio/ratio_equals_threshold_at_1.0 (0.00s)
    --- PASS: TestPolicyEvaluator_EdgeCase_ThresholdEqualsRatio/ratio_equals_threshold_at_1.5 (0.00s)
    --- PASS: TestPolicyEvaluator_EdgeCase_ThresholdEqualsRatio/ratio_equals_threshold_at_0.5 (0.00s)
    --- PASS: TestPolicyEvaluator_EdgeCase_ThresholdEqualsRatio/ratio_equals_threshold_at_2.0 (0.00s)
    --- PASS: TestPolicyEvaluator_EdgeCase_ThresholdEqualsRatio/ratio_equals_threshold_at_0.001 (0.00s)
    --- PASS: TestPolicyEvaluator_EdgeCase_ThresholdEqualsRatio/ratio_equals_threshold_at_100.0 (0.00s)
=== RUN   TestPolicyEvaluator_EdgeCase_InfiniteRatio
=== RUN   TestPolicyEvaluator_EdgeCase_InfiniteRatio/infinite_ratio_with_threshold_1.0
=== RUN   TestPolicyEvaluator_EdgeCase_InfiniteRatio/infinite_ratio_with_threshold_2.0
=== RUN   TestPolicyEvaluator_EdgeCase_InfiniteRatio/infinite_ratio_with_threshold_0.5
=== RUN   TestPolicyEvaluator_EdgeCase_InfiniteRatio/infinite_ratio_with_very_high_threshold_100.0
=== RUN   TestPolicyEvaluator_EdgeCase_InfiniteRatio/infinite_ratio_with_very_low_threshold_0.001
--- PASS: TestPolicyEvaluator_EdgeCase_InfiniteRatio (0.00s)
    --- PASS: TestPolicyEvaluator_EdgeCase_InfiniteRatio/infinite_ratio_with_threshold_1.0 (0.00s)
    --- PASS: TestPolicyEvaluator_EdgeCase_InfiniteRatio/infinite_ratio_with_threshold_2.0 (0.00s)
    --- PASS: TestPolicyEvaluator_EdgeCase_InfiniteRatio/infinite_ratio_with_threshold_0.5 (0.00s)
    --- PASS: TestPolicyEvaluator_EdgeCase_InfiniteRatio/infinite_ratio_with_very_high_threshold_100.0 (0.00s)
    --- PASS: TestPolicyEvaluator_EdgeCase_InfiniteRatio/infinite_ratio_with_very_low_threshold_0.001 (0.00s)
=== RUN   TestPolicyEvaluator_EdgeCase_NaNRatio
=== RUN   TestPolicyEvaluator_EdgeCase_NaNRatio/NaN_ratio_with_threshold_1.0
=== RUN   TestPolicyEvaluator_EdgeCase_NaNRatio/NaN_ratio_with_threshold_2.0
=== RUN   TestPolicyEvaluator_EdgeCase_NaNRatio/NaN_ratio_with_threshold_0.5
=== RUN   TestPolicyEvaluator_EdgeCase_NaNRatio/NaN_ratio_with_very_high_threshold_100.0
=== RUN   TestPolicyEvaluator_EdgeCase_NaNRatio/NaN_ratio_with_very_low_threshold_0.001
--- PASS: TestPolicyEvaluator_EdgeCase_NaNRatio (0.00s)
    --- PASS: TestPolicyEvaluator_EdgeCase_NaNRatio/NaN_ratio_with_threshold_1.0 (0.00s)
    --- PASS: TestPolicyEvaluator_EdgeCase_NaNRatio/NaN_ratio_with_threshold_2.0 (0.00s)
    --- PASS: TestPolicyEvaluator_EdgeCase_NaNRatio/NaN_ratio_with_threshold_0.5 (0.00s)
    --- PASS: TestPolicyEvaluator_EdgeCase_NaNRatio/NaN_ratio_with_very_high_threshold_100.0 (0.00s)
    --- PASS: TestPolicyEvaluator_EdgeCase_NaNRatio/NaN_ratio_with_very_low_threshold_0.001 (0.00s)
=== RUN   TestPolicyEvaluator_EdgeCase_VerySmallThreshold
=== RUN   TestPolicyEvaluator_EdgeCase_VerySmallThreshold/very_small_threshold_0.001_with_ratio_0.002
=== RUN   TestPolicyEvaluator_EdgeCase_VerySmallThreshold/very_small_threshold_0.001_with_ratio_0.001
=== RUN   TestPolicyEvaluator_EdgeCase_VerySmallThreshold/very_small_threshold_0.001_with_ratio_0.0005
=== RUN   TestPolicyEvaluator_EdgeCase_VerySmallThreshold/very_small_threshold_0.001_with_ratio_1.0
=== RUN   TestPolicyEvaluator_EdgeCase_VerySmallThreshold/very_small_threshold_0.001_with_ratio_0.5
=== RUN   TestPolicyEvaluator_EdgeCase_VerySmallThreshold/very_small_threshold_0.001_with_ratio_2.0
=== RUN   TestPolicyEvaluator_EdgeCase_VerySmallThreshold/very_small_threshold_0.001_with_ratio_0.0
=== RUN   TestPolicyEvaluator_EdgeCase_VerySmallThreshold/threshold_0.0001_with_ratio_0.0002
--- PASS: TestPolicyEvaluator_EdgeCase_VerySmallThreshold (0.00s)
    --- PASS: TestPolicyEvaluator_EdgeCase_VerySmallThreshold/very_small_threshold_0.001_with_ratio_0.002 (0.00s)
    --- PASS: TestPolicyEvaluator_EdgeCase_VerySmallThreshold/very_small_threshold_0.001_with_ratio_0.001 (0.00s)
    --- PASS: TestPolicyEvaluator_EdgeCase_VerySmallThreshold/very_small_threshold_0.001_with_ratio_0.0005 (0.00s)
    --- PASS: TestPolicyEvaluator_EdgeCase_VerySmallThreshold/very_small_threshold_0.001_with_ratio_1.0 (0.00s)
    --- PASS: TestPolicyEvaluator_EdgeCase_VerySmallThreshold/very_small_threshold_0.001_with_ratio_0.5 (0.00s)
    --- PASS: TestPolicyEvaluator_EdgeCase_VerySmallThreshold/very_small_threshold_0.001_with_ratio_2.0 (0.00s)
    --- PASS: TestPolicyEvaluator_EdgeCase_VerySmallThreshold/very_small_threshold_0.001_with_ratio_0.0 (0.00s)
    --- PASS: TestPolicyEvaluator_EdgeCase_VerySmallThreshold/threshold_0.0001_with_ratio_0.0002 (0.00s)
=== RUN   TestPolicyEvaluator_EdgeCase_VeryLargeThreshold
=== RUN   TestPolicyEvaluator_EdgeCase_VeryLargeThreshold/very_large_threshold_100.0_with_ratio_101.0
=== RUN   TestPolicyEvaluator_EdgeCase_VeryLargeThreshold/very_large_threshold_100.0_with_ratio_100.0
=== RUN   TestPolicyEvaluator_EdgeCase_VeryLargeThreshold/very_large_threshold_100.0_with_ratio_99.0
=== RUN   TestPolicyEvaluator_EdgeCase_VeryLargeThreshold/very_large_threshold_100.0_with_ratio_1.0
=== RUN   TestPolicyEvaluator_EdgeCase_VeryLargeThreshold/very_large_threshold_100.0_with_ratio_2.0
=== RUN   TestPolicyEvaluator_EdgeCase_VeryLargeThreshold/very_large_threshold_100.0_with_ratio_50.0
=== RUN   TestPolicyEvaluator_EdgeCase_VeryLargeThreshold/very_large_threshold_100.0_with_ratio_0.5
=== RUN   TestPolicyEvaluator_EdgeCase_VeryLargeThreshold/threshold_1000.0_with_ratio_1001.0
=== RUN   TestPolicyEvaluator_EdgeCase_VeryLargeThreshold/threshold_1000.0_with_ratio_500.0
--- PASS: TestPolicyEvaluator_EdgeCase_VeryLargeThreshold (0.00s)
    --- PASS: TestPolicyEvaluator_EdgeCase_VeryLargeThreshold/very_large_threshold_100.0_with_ratio_101.0 (0.00s)
    --- PASS: TestPolicyEvaluator_EdgeCase_VeryLargeThreshold/very_large_threshold_100.0_with_ratio_100.0 (0.00s)
    --- PASS: TestPolicyEvaluator_EdgeCase_VeryLargeThreshold/very_large_threshold_100.0_with_ratio_99.0 (0.00s)
    --- PASS: TestPolicyEvaluator_EdgeCase_VeryLargeThreshold/very_large_threshold_100.0_with_ratio_1.0 (0.00s)
    --- PASS: TestPolicyEvaluator_EdgeCase_VeryLargeThreshold/very_large_threshold_100.0_with_ratio_2.0 (0.00s)
    --- PASS: TestPolicyEvaluator_EdgeCase_VeryLargeThreshold/very_large_threshold_100.0_with_ratio_50.0 (0.00s)
    --- PASS: TestPolicyEvaluator_EdgeCase_VeryLargeThreshold/very_large_threshold_100.0_with_ratio_0.5 (0.00s)
    --- PASS: TestPolicyEvaluator_EdgeCase_VeryLargeThreshold/threshold_1000.0_with_ratio_1001.0 (0.00s)
    --- PASS: TestPolicyEvaluator_EdgeCase_VeryLargeThreshold/threshold_1000.0_with_ratio_500.0 (0.00s)
=== RUN   TestPolicyEvaluator_EdgeCase_FloatingPointPrecision
=== RUN   TestPolicyEvaluator_EdgeCase_FloatingPointPrecision/ratio_slightly_below_threshold_due_to_floating-point_precision
=== RUN   TestPolicyEvaluator_EdgeCase_FloatingPointPrecision/ratio_slightly_above_threshold_due_to_floating-point_precision
=== RUN   TestPolicyEvaluator_EdgeCase_FloatingPointPrecision/ratio_very_close_to_threshold_from_below
=== RUN   TestPolicyEvaluator_EdgeCase_FloatingPointPrecision/ratio_very_close_to_threshold_from_above
=== RUN   TestPolicyEvaluator_EdgeCase_FloatingPointPrecision/floating-point_arithmetic_result_below_threshold
=== RUN   TestPolicyEvaluator_EdgeCase_FloatingPointPrecision/floating-point_arithmetic_result_at_threshold
=== RUN   TestPolicyEvaluator_EdgeCase_FloatingPointPrecision/ratio_1.5_-_epsilon_with_threshold_1.5
=== RUN   TestPolicyEvaluator_EdgeCase_FloatingPointPrecision/ratio_1.5_+_epsilon_with_threshold_1.5
=== RUN   TestPolicyEvaluator_EdgeCase_FloatingPointPrecision/ratio_2.0_-_epsilon_with_threshold_2.0
=== RUN   TestPolicyEvaluator_EdgeCase_FloatingPointPrecision/ratio_0.5_-_epsilon_with_threshold_0.5
--- PASS: TestPolicyEvaluator_EdgeCase_FloatingPointPrecision (0.00s)
    --- PASS: TestPolicyEvaluator_EdgeCase_FloatingPointPrecision/ratio_slightly_below_threshold_due_to_floating-point_precision (0.00s)
    --- PASS: TestPolicyEvaluator_EdgeCase_FloatingPointPrecision/ratio_slightly_above_threshold_due_to_floating-point_precision (0.00s)
    --- PASS: TestPolicyEvaluator_EdgeCase_FloatingPointPrecision/ratio_very_close_to_threshold_from_below (0.00s)
    --- PASS: TestPolicyEvaluator_EdgeCase_FloatingPointPrecision/ratio_very_close_to_threshold_from_above (0.00s)
    --- PASS: TestPolicyEvaluator_EdgeCase_FloatingPointPrecision/floating-point_arithmetic_result_below_threshold (0.00s)
    --- PASS: TestPolicyEvaluator_EdgeCase_FloatingPointPrecision/floating-point_arithmetic_result_at_threshold (0.00s)
    --- PASS: TestPolicyEvaluator_EdgeCase_FloatingPointPrecision/ratio_1.5_-_epsilon_with_threshold_1.5 (0.00s)
    --- PASS: TestPolicyEvaluator_EdgeCase_FloatingPointPrecision/ratio_1.5_+_epsilon_with_threshold_1.5 (0.00s)
    --- PASS: TestPolicyEvaluator_EdgeCase_FloatingPointPrecision/ratio_2.0_-_epsilon_with_threshold_2.0 (0.00s)
    --- PASS: TestPolicyEvaluator_EdgeCase_FloatingPointPrecision/ratio_0.5_-_epsilon_with_threshold_0.5 (0.00s)
=== RUN   TestCandidate_DecisionRatioFields
=== RUN   TestCandidate_DecisionRatioFields/zero_values
=== RUN   TestCandidate_DecisionRatioFields/typical_values
=== RUN   TestCandidate_DecisionRatioFields/ratio_below_threshold
=== RUN   TestCandidate_DecisionRatioFields/ratio_at_threshold
=== RUN   TestCandidate_DecisionRatioFields/high_ratio
--- PASS: TestCandidate_DecisionRatioFields (0.00s)
    --- PASS: TestCandidate_DecisionRatioFields/zero_values (0.00s)
    --- PASS: TestCandidate_DecisionRatioFields/typical_values (0.00s)
    --- PASS: TestCandidate_DecisionRatioFields/ratio_below_threshold (0.00s)
    --- PASS: TestCandidate_DecisionRatioFields/ratio_at_threshold (0.00s)
    --- PASS: TestCandidate_DecisionRatioFields/high_ratio (0.00s)
=== RUN   TestCommand_DecisionRatioField
=== RUN   TestCommand_DecisionRatioField/zero_ratio
=== RUN   TestCommand_DecisionRatioField/ratio_below_threshold
=== RUN   TestCommand_DecisionRatioField/ratio_at_threshold
=== RUN   TestCommand_DecisionRatioField/ratio_above_threshold
=== RUN   TestCommand_DecisionRatioField/high_ratio
--- PASS: TestCommand_DecisionRatioField (0.00s)
    --- PASS: TestCommand_DecisionRatioField/zero_ratio (0.00s)
    --- PASS: TestCommand_DecisionRatioField/ratio_below_threshold (0.00s)
    --- PASS: TestCommand_DecisionRatioField/ratio_at_threshold (0.00s)
    --- PASS: TestCommand_DecisionRatioField/ratio_above_threshold (0.00s)
    --- PASS: TestCommand_DecisionRatioField/high_ratio (0.00s)
=== RUN   TestNodePool_DefaultConsolidateWhen
=== RUN   TestNodePool_DefaultConsolidateWhen/empty_value_should_default_to_WhenEmptyOrUnderutilized
=== RUN   TestNodePool_DefaultConsolidateWhen/WhenEmpty_is_preserved
=== RUN   TestNodePool_DefaultConsolidateWhen/WhenEmptyOrUnderutilized_is_preserved
=== RUN   TestNodePool_DefaultConsolidateWhen/WhenCostJustifiesDisruption_is_preserved
--- PASS: TestNodePool_DefaultConsolidateWhen (0.00s)
    --- PASS: TestNodePool_DefaultConsolidateWhen/empty_value_should_default_to_WhenEmptyOrUnderutilized (0.00s)
    --- PASS: TestNodePool_DefaultConsolidateWhen/WhenEmpty_is_preserved (0.00s)
    --- PASS: TestNodePool_DefaultConsolidateWhen/WhenEmptyOrUnderutilized_is_preserved (0.00s)
    --- PASS: TestNodePool_DefaultConsolidateWhen/WhenCostJustifiesDisruption_is_preserved (0.00s)
=== RUN   TestCandidate_DecisionRatioFieldsWithInstanceType
--- PASS: TestCandidate_DecisionRatioFieldsWithInstanceType (0.00s)
=== RUN   TestAPIs
Running Suite: Disruption - /Users/jonesflp/GolandProjects/ng_fork_karpenter/pkg/controllers/disruption
=======================================================================================================
Random Seed: [1m1772476997[0m

Will run [1m232[0m of [1m232[0m specs
    logger.go:146: 2026-03-02T10:43:22.374-0800	INFO	disruption/queue.go:325	disrupting node(s)	{"command": "Empty/3805513c-fe9d-4552-9b04-1e777612bd8f: delete: [dutchessberry-5-gby8nutbjy] (savings: $0.21)", "decision": "delete", "disrupted-node-count": 1, "replacement-node-count": 0, "pod-count": 0, "disrupted-nodes": [{"Node":{"name":"dutchessberry-5-gby8nutbjy"},"NodeClaim":{"name":"coyoteruby-3-riqd8pvwbm"},"capacity-type":"spot","instance-type":"1-cpu-1-mem-amd64-linux-test-zone-1-spot"}], "replacement-nodes": []}
[38;5;10m•[0m    logger.go:146: 2026-03-02T10:43:22.664-0800	INFO	disruption/queue.go:325	disrupting node(s)	{"command": "Empty/43afff65-d411-46d4-afeb-3b748d1f03c0: delete: [snapperpool-27-w6iajaqsnj, throatpewter-30-iwqc85cgcz, llamabig-33-dppnv1esi9, frighthickory-36-oqqbrre0d0, backcrack-39-yzqtchohgs, chargermire-42-ywcarwabxk, antaquamarine-45-qwsto0ja0e, sharksaber-21-ukeqhotkdc, pixievanilla-24-mbx7fokh0z, pegasusginger-48-a3eqezdfun] (savings: $2.07)", "decision": "delete", "disrupted-node-count": 10, "replacement-node-count": 0, "pod-count": 0, "disrupted-nodes": [{"Node":{"name":"snapperpool-27-w6iajaqsnj"},"NodeClaim":{"name":"leaderrain-25-nvyi9ermnd"},"capacity-type":"on-demand","instance-type":"1-cpu-1-mem-amd64-linux-test-zone-1-on-demand"},{"Node":{"name":"throatpewter-30-iwqc85cgcz"},"NodeClaim":{"name":"lanternquick-28-sjpin9qj71"},"capacity-type":"on-demand","instance-type":"1-cpu-1-mem-amd64-linux-test-zone-1-on-demand"},{"Node":{"name":"llamabig-33-dppnv1esi9"},"NodeClaim":{"name":"jackaldust-31-k6a1qagbli"},"capacity-type":"on-demand","instance-type":"1-cpu-1-mem-amd64-linux-test-zone-1-on-demand"},{"Node":{"name":"frighthickory-36-oqqbrre0d0"},"NodeClaim":{"name":"talonrust-34-avwjtpaxhv"},"capacity-type":"on-demand","instance-type":"1-cpu-1-mem-amd64-linux-test-zone-1-on-demand"},{"Node":{"name":"backcrack-39-yzqtchohgs"},"NodeClaim":{"name":"duckmud-37-tasfpczolu"},"capacity-type":"on-demand","instance-type":"1-cpu-1-mem-amd64-linux-test-zone-1-on-demand"},{"Node":{"name":"chargermire-42-ywcarwabxk"},"NodeClaim":{"name":"houndnavy-40-vbmr0fhohv"},"capacity-type":"on-demand","instance-type":"1-cpu-1-mem-amd64-linux-test-zone-1-on-demand"},{"Node":{"name":"antaquamarine-45-qwsto0ja0e"},"NodeClaim":{"name":"edgespice-43-vd69oghkyl"},"capacity-type":"on-demand","instance-type":"1-cpu-1-mem-amd64-linux-test-zone-1-on-demand"},{"Node":{"name":"sharksaber-21-ukeqhotkdc"},"NodeClaim":{"name":"foerazor-19-smbxdsg7lx"},"capacity-type":"on-demand","instance-type":"1-cpu-1-mem-amd64-linux-test-zone-1-on-demand"},{"Node":{"name":"pixievanilla-24-mbx7fokh0z"},"NodeClaim":{"name":"flasherpepper-22-4kginvh1xu"},"capacity-type":"on-demand","instance-type":"1-cpu-1-mem-amd64-linux-test-zone-1-on-demand"},{"Node":{"name":"pegasusginger-48-a3eqezdfun"},"NodeClaim":{"name":"cubtorch-46-r6uulxblhp"},"capacity-type":"on-demand","instance-type":"1-cpu-1-mem-amd64-linux-test-zone-1-on-demand"}], "replacement-nodes": []}
    logger.go:146: 2026-03-02T10:43:22.672-0800	DEBUG	disruption/queue.go:175	command succeeded	{"decision": "delete", "disrupted-node-count": 10, "replacement-node-count": 0, "pod-count": 0, "disrupted-nodes": [{"Node":{"name":"snapperpool-27-w6iajaqsnj"},"NodeClaim":{"name":"leaderrain-25-nvyi9ermnd"},"capacity-type":"on-demand","instance-type":"1-cpu-1-mem-amd64-linux-test-zone-1-on-demand"},{"Node":{"name":"throatpewter-30-iwqc85cgcz"},"NodeClaim":{"name":"lanternquick-28-sjpin9qj71"},"capacity-type":"on-demand","instance-type":"1-cpu-1-mem-amd64-linux-test-zone-1-on-demand"},{"Node":{"name":"llamabig-33-dppnv1esi9"},"NodeClaim":{"name":"jackaldust-31-k6a1qagbli"},"capacity-type":"on-demand","instance-type":"1-cpu-1-mem-amd64-linux-test-zone-1-on-demand"},{"Node":{"name":"frighthickory-36-oqqbrre0d0"},"NodeClaim":{"name":"talonrust-34-avwjtpaxhv"},"capacity-type":"on-demand","instance-type":"1-cpu-1-mem-amd64-linux-test-zone-1-on-demand"},{"Node":{"name":"backcrack-39-yzqtchohgs"},"NodeClaim":{"name":"duckmud-37-tasfpczolu"},"capacity-type":"on-demand","instance-type":"1-cpu-1-mem-amd64-linux-test-zone-1-on-demand"},{"Node":{"name":"chargermire-42-ywcarwabxk"},"NodeClaim":{"name":"houndnavy-40-vbmr0fhohv"},"capacity-type":"on-demand","instance-type":"1-cpu-1-mem-amd64-linux-test-zone-1-on-demand"},{"Node":{"name":"antaquamarine-45-qwsto0ja0e"},"NodeClaim":{"name":"edgespice-43-vd69oghkyl"},"capacity-type":"on-demand","instance-type":"1-cpu-1-mem-amd64-linux-test-zone-1-on-demand"},{"Node":{"name":"sharksaber-21-ukeqhotkdc"},"NodeClaim":{"name":"foerazor-19-smbxdsg7lx"},"capacity-type":"on-demand","instance-type":"1-cpu-1-mem-amd64-linux-test-zone-1-on-demand"},{"Node":{"name":"pixievanilla-24-mbx7fokh0z"},"NodeClaim":{"name":"flasherpepper-22-4kginvh1xu"},"capacity-type":"on-demand","instance-type":"1-cpu-1-mem-amd64-linux-test-zone-1-on-demand"},{"Node":{"name":"pegasusginger-48-a3eqezdfun"},"NodeClaim":{"name":"cubtorch-46-r6uulxblhp"},"capacity-type":"on-demand","instance-type":"1-cpu-1-mem-amd64-linux-test-zone-1-on-demand"}], "replacement-nodes": []}
[38;5;10m•[0m[38;5;10m•[0m    logger.go:146: 2026-03-02T10:43:23.358-0800	INFO	disruption/queue.go:325	disrupting node(s)	{"command": "Empty/3eeede71-1118-46bb-83ea-8984544311d0: delete: [fangcomet-121-9diyhwjyse, shriekershard-124-knzizh1haq, jackalpsychadelic-103-b4blwzwolx] (savings: $0.62)", "decision": "delete", "disrupted-node-count": 3, "replacement-node-count": 0, "pod-count": 0, "disrupted-nodes": [{"Node":{"name":"fangcomet-121-9diyhwjyse"},"NodeClaim":{"name":"geckoplump-119-s5imvdncji"},"capacity-type":"on-demand","instance-type":"1-cpu-1-mem-amd64-linux-test-zone-1-on-demand"},{"Node":{"name":"shriekershard-124-knzizh1haq"},"NodeClaim":{"name":"kickergentle-122-digmyueafe"},"capacity-type":"on-demand","instance-type":"1-cpu-1-mem-amd64-linux-test-zone-1-on-demand"},{"Node":{"name":"jackalpsychadelic-103-b4blwzwolx"},"NodeClaim":{"name":"baneivy-101-vktkrv7rux"},"capacity-type":"on-demand","instance-type":"1-cpu-1-mem-amd64-linux-test-zone-1-on-demand"}], "replacement-nodes": []}
    logger.go:146: 2026-03-02T10:43:23.363-0800	DEBUG	disruption/queue.go:175	command succeeded	{"decision": "delete", "disrupted-node-count": 3, "replacement-node-count": 0, "pod-count": 0, "disrupted-nodes": [{"Node":{"name":"fangcomet-121-9diyhwjyse"},"NodeClaim":{"name":"geckoplump-119-s5imvdncji"},"capacity-type":"on-demand","instance-type":"1-cpu-1-mem-amd64-linux-test-zone-1-on-demand"},{"Node":{"name":"shriekershard-124-knzizh1haq"},"NodeClaim":{"name":"kickergentle-122-digmyueafe"},"capacity-type":"on-demand","instance-type":"1-cpu-1-mem-amd64-linux-test-zone-1-on-demand"},{"Node":{"name":"jackalpsychadelic-103-b4blwzwolx"},"NodeClaim":{"name":"baneivy-101-vktkrv7rux"},"capacity-type":"on-demand","instance-type":"1-cpu-1-mem-amd64-linux-test-zone-1-on-demand"}], "replacement-nodes": []}
[38;5;10m•[0m    logger.go:146: 2026-03-02T10:43:24.080-0800	INFO	disruption/queue.go:325	disrupting node(s)	{"command": "Empty/481f4f00-fd97-4d5e-bd54-c191913c8243: delete: [followerwind-233-2598wr8blh, facelavender-239-zuvs8kquz8, mothshade-242-adt5tmsalh, leadercactus-164-nww7dt0vql, herondaffodil-197-lcblrk3vap, harefire-212-qexgbocpaa, ripperivory-170-vm75adwoev, cowlcaramel-182-gxwloesfhf, flasherpuzzle-203-sihdqlhlpn, headbold-188-2iwaaa7eqt, spidercypress-191-phnpb8kt2u, queenzenith-200-egrmtd7po3, swallowhate-221-7swq3ufzcj, healerink-224-rsqkzhnv2f, mustangpink-227-flh3dugdrh, playersleet-155-txs0b0tm24, chillseason-179-dtshd8wgkd, glazerspice-215-uytbaa5vr4, gooseivory-158-sz7gjlc95j, hawkcarnelian-176-2oujpzrc0a] (savings: $4.15)", "decision": "delete", "disrupted-node-count": 20, "replacement-node-count": 0, "pod-count": 0, "disrupted-nodes": [{"Node":{"name":"followerwind-233-2598wr8blh"},"NodeClaim":{"name":"geckogrove-231-vclldcjson"},"capacity-type":"on-demand","instance-type":"1-cpu-1-mem-amd64-linux-test-zone-1-on-demand"},{"Node":{"name":"facelavender-239-zuvs8kquz8"},"NodeClaim":{"name":"chinsnapdragon-237-9vjp9ldxma"},"capacity-type":"on-demand","instance-type":"1-cpu-1-mem-amd64-linux-test-zone-1-on-demand"},{"Node":{"name":"mothshade-242-adt5tmsalh"},"NodeClaim":{"name":"hunteramber-240-6crpdvolsh"},"capacity-type":"on-demand","instance-type":"1-cpu-1-mem-amd64-linux-test-zone-1-on-demand"},{"Node":{"name":"leadercactus-164-nww7dt0vql"},"NodeClaim":{"name":"thieffern-162-k1lnz0dxej"},"capacity-type":"on-demand","instance-type":"1-cpu-1-mem-amd64-linux-test-zone-1-on-demand"},{"Node":{"name":"herondaffodil-197-lcblrk3vap"},"NodeClaim":{"name":"chillerdirt-195-j8azntukix"},"capacity-type":"on-demand","instance-type":"1-cpu-1-mem-amd64-linux-test-zone-1-on-demand"},{"Node":{"name":"harefire-212-qexgbocpaa"},"NodeClaim":{"name":"scalegray-210-rkjxywmf91"},"capacity-type":"on-demand","instance-type":"1-cpu-1-mem-amd64-linux-test-zone-1-on-demand"},{"Node":{"name":"ripperivory-170-vm75adwoev"},"NodeClaim":{"name":"whippickle-168-abcv37htbb"},"capacity-type":"on-demand","instance-type":"1-cpu-1-mem-amd64-linux-test-zone-1-on-demand"},{"Node":{"name":"cowlcaramel-182-gxwloesfhf"},"NodeClaim":{"name":"geckoripple-180-zirswi1ilx"},"capacity-type":"on-demand","instance-type":"1-cpu-1-mem-amd64-linux-test-zone-1-on-demand"},{"Node":{"name":"flasherpuzzle-203-sihdqlhlpn"},"NodeClaim":{"name":"lightergrove-201-0idqhlizvn"},"capacity-type":"on-demand","instance-type":"1-cpu-1-mem-amd64-linux-test-zone-1-on-demand"},{"Node":{"name":"headbold-188-2iwaaa7eqt"},"NodeClaim":{"name":"antlersugar-186-aquwmzsjg9"},"capacity-type":"on-demand","instance-type":"1-cpu-1-mem-amd64-linux-test-zone-1-on-demand"},{"Node":{"name":"spidercypress-191-phnpb8kt2u"},"NodeClaim":{"name":"huntercanyon-189-3rjurphe0a"},"capacity-type":"on-demand","instance-type":"1-cpu-1-mem-amd64-linux-test-zone-1-on-demand"},{"Node":{"name":"queenzenith-200-egrmtd7po3"},"NodeClaim":{"name":"gorillarogue-198-fujtuxxskf"},"capacity-type":"on-demand","instance-type":"1-cpu-1-mem-amd64-linux-test-zone-1-on-demand"},{"Node":{"name":"swallowhate-221-7swq3ufzcj"},"NodeClaim":{"name":"friendpeach-219-vfxqvclnjl"},"capacity-type":"on-demand","instance-type":"1-cpu-1-mem-amd64-linux-test-zone-1-on-demand"},{"Node":{"name":"healerink-224-rsqkzhnv2f"},"NodeClaim":{"name":"followerjelly-222-preo3iuvsx"},"capacity-type":"on-demand","instance-type":"1-cpu-1-mem-amd64-linux-test-zone-1-on-demand"},{"Node":{"name":"mustangpink-227-flh3dugdrh"},"NodeClaim":{"name":"griffincord-225-crqk5xtekv"},"capacity-type":"on-demand","instance-type":"1-cpu-1-mem-amd64-linux-test-zone-1-on-demand"},{"Node":{"name":"playersleet-155-txs0b0tm24"},"NodeClaim":{"name":"lanternroad-153-qo53lzqan7"},"capacity-type":"on-demand","instance-type":"1-cpu-1-mem-amd64-linux-test-zone-1-on-demand"},{"Node":{"name":"chillseason-179-dtshd8wgkd"},"NodeClaim":{"name":"ratcotton-177-f5i3x2fqp3"},"capacity-type":"on-demand","instance-type":"1-cpu-1-mem-amd64-linux-test-zone-1-on-demand"},{"Node":{"name":"glazerspice-215-uytbaa5vr4"},"NodeClaim":{"name":"facecurly-213-ukul6ekzrz"},"capacity-type":"on-demand","instance-type":"1-cpu-1-mem-amd64-linux-test-zone-1-on-demand"},{"Node":{"name":"gooseivory-158-sz7gjlc95j"},"NodeClaim":{"name":"gulllunar-156-8w7i8rjt6u"},"capacity-type":"on-demand","instance-type":"1-cpu-1-mem-amd64-linux-test-zone-1-on-demand"},{"Node":{"name":"hawkcarnelian-176-2oujpzrc0a"},"NodeClaim":{"name":"coyotefossil-174-jmlvwkhkfc"},"capacity-type":"on-demand","instance-type":"1-cpu-1-mem-amd64-linux-test-zone-1-on-demand"}], "replacement-nodes": []}
    logger.go:146: 2026-03-02T10:43:24.093-0800	DEBUG	disruption/queue.go:175	command succeeded	{"decision": "delete", "disrupted-node-count": 20, "replacement-node-count": 0, "pod-count": 0, "disrupted-nodes": [{"Node":{"name":"followerwind-233-2598wr8blh"},"NodeClaim":{"name":"geckogrove-231-vclldcjson"},"capacity-type":"on-demand","instance-type":"1-cpu-1-mem-amd64-linux-test-zone-1-on-demand"},{"Node":{"name":"facelavender-239-zuvs8kquz8"},"NodeClaim":{"name":"chinsnapdragon-237-9vjp9ldxma"},"capacity-type":"on-demand","instance-type":"1-cpu-1-mem-amd64-linux-test-zone-1-on-demand"},{"Node":{"name":"mothshade-242-adt5tmsalh"},"NodeClaim":{"name":"hunteramber-240-6crpdvolsh"},"capacity-type":"on-demand","instance-type":"1-cpu-1-mem-amd64-linux-test-zone-1-on-demand"},{"Node":{"name":"leadercactus-164-nww7dt0vql"},"NodeClaim":{"name":"thieffern-162-k1lnz0dxej"},"capacity-type":"on-demand","instance-type":"1-cpu-1-mem-amd64-linux-test-zone-1-on-demand"},{"Node":{"name":"herondaffodil-197-lcblrk3vap"},"NodeClaim":{"name":"chillerdirt-195-j8azntukix"},"capacity-type":"on-demand","instance-type":"1-cpu-1-mem-amd64-linux-test-zone-1-on-demand"},{"Node":{"name":"harefire-212-qexgbocpaa"},"NodeClaim":{"name":"scalegray-210-rkjxywmf91"},"capacity-type":"on-demand","instance-type":"1-cpu-1-mem-amd64-linux-test-zone-1-on-demand"},{"Node":{"name":"ripperivory-170-vm75adwoev"},"NodeClaim":{"name":"whippickle-168-abcv37htbb"},"capacity-type":"on-demand","instance-type":"1-cpu-1-mem-amd64-linux-test-zone-1-on-demand"},{"Node":{"name":"cowlcaramel-182-gxwloesfhf"},"NodeClaim":{"name":"geckoripple-180-zirswi1ilx"},"capacity-type":"on-demand","instance-type":"1-cpu-1-mem-amd64-linux-test-zone-1-on-demand"},{"Node":{"name":"flasherpuzzle-203-sihdqlhlpn"},"NodeClaim":{"name":"lightergrove-201-0idqhlizvn"},"capacity-type":"on-demand","instance-type":"1-cpu-1-mem-amd64-linux-test-zone-1-on-demand"},{"Node":{"name":"headbold-188-2iwaaa7eqt"},"NodeClaim":{"name":"antlersugar-186-aquwmzsjg9"},"capacity-type":"on-demand","instance-type":"1-cpu-1-mem-amd64-linux-test-zone-1-on-demand"},{"Node":{"name":"spidercypress-191-phnpb8kt2u"},"NodeClaim":{"name":"huntercanyon-189-3rjurphe0a"},"capacity-type":"on-demand","instance-type":"1-cpu-1-mem-amd64-linux-test-zone-1-on-demand"},{"Node":{"name":"queenzenith-200-egrmtd7po3"},"NodeClaim":{"name":"gorillarogue-198-fujtuxxskf"},"capacity-type":"on-demand","instance-type":"1-cpu-1-mem-amd64-linux-test-zone-1-on-demand"},{"Node":{"name":"swallowhate-221-7swq3ufzcj"},"NodeClaim":{"name":"friendpeach-219-vfxqvclnjl"},"capacity-type":"on-demand","instance-type":"1-cpu-1-mem-amd64-linux-test-zone-1-on-demand"},{"Node":{"name":"healerink-224-rsqkzhnv2f"},"NodeClaim":{"name":"followerjelly-222-preo3iuvsx"},"capacity-type":"on-demand","instance-type":"1-cpu-1-mem-amd64-linux-test-zone-1-on-demand"},{"Node":{"name":"mustangpink-227-flh3dugdrh"},"NodeClaim":{"name":"griffincord-225-crqk5xtekv"},"capacity-type":"on-demand","instance-type":"1-cpu-1-mem-amd64-linux-test-zone-1-on-demand"},{"Node":{"name":"playersleet-155-txs0b0tm24"},"NodeClaim":{"name":"lanternroad-153-qo53lzqan7"},"capacity-type":"on-demand","instance-type":"1-cpu-1-mem-amd64-linux-test-zone-1-on-demand"},{"Node":{"name":"chillseason-179-dtshd8wgkd"},"NodeClaim":{"name":"ratcotton-177-f5i3x2fqp3"},"capacity-type":"on-demand","instance-type":"1-cpu-1-mem-amd64-linux-test-zone-1-on-demand"},{"Node":{"name":"glazerspice-215-uytbaa5vr4"},"NodeClaim":{"name":"facecurly-213-ukul6ekzrz"},"capacity-type":"on-demand","instance-type":"1-cpu-1-mem-amd64-linux-test-zone-1-on-demand"},{"Node":{"name":"gooseivory-158-sz7gjlc95j"},"NodeClaim":{"name":"gulllunar-156-8w7i8rjt6u"},"capacity-type":"on-demand","instance-type":"1-cpu-1-mem-amd64-linux-test-zone-1-on-demand"},{"Node":{"name":"hawkcarnelian-176-2oujpzrc0a"},"NodeClaim":{"name":"coyotefossil-174-jmlvwkhkfc"},"capacity-type":"on-demand","instance-type":"1-cpu-1-mem-amd64-linux-test-zone-1-on-demand"}], "replacement-nodes": []}
[38;5;10m•[0m    logger.go:146: 2026-03-02T10:43:24.647-0800	INFO	disruption/queue.go:325	disrupting node(s)	{"command": "Empty/8b3dc883-c426-41b4-aaea-bb5557fc868e: delete: [backginger-285-u0zbcbgsrj, hooflinen-324-u72v1d8jza, foeclear-336-xsoxst8lpi, drifterdew-273-beljjvyvbu, seekerprickle-300-vpmorzqldk, dragonsplash-312-cn5feorvmj, fishpyrite-315-ggo0n6xhqx, snarlhill-339-4ig3nfohe1, swoopdour-342-x93iomo40j, princessmaze-351-iukvkkuf3d, scarmagenta-330-kft6frn0ij, deerscythe-345-puh6t60cwt, capfast-354-eer7tkorfh, gargoylegossamer-279-8gwn0zpnvf, fisherring-288-z3daevgiuc, crusherfortune-291-ev05rtrqu9, moosetopaz-294-ng6j9ukxq6, raptordaffodil-297-d0ianubtyy, flyindigo-348-ierdzejq3o, lynxazure-282-gzc54cr8y2, bonebutton-309-kbz90sklik, piratecedar-318-wrpovtq4ed, boafortune-333-cojeskshuk, chantersage-303-xkeq4bryhp, flyjewel-306-fzvnsqbcci, legsstone-327-wqcfndulu3, gorillamire-360-yp8te3fn4d, ringerband-321-uhzpboft7h, saverpower-357-arcvrtrtsx, lighterripple-276-zu9deeiv6x] (savings: $6.22)", "decision": "delete", "disrupted-node-count": 30, "replacement-node-count": 0, "pod-count": 0, "disrupted-nodes": [{"Node":{"name":"backginger-285-u0zbcbgsrj"},"NodeClaim":{"name":"hornmango-283-keflhxzu0g"},"capacity-type":"on-demand","instance-type":"1-cpu-1-mem-amd64-linux-test-zone-1-on-demand"},{"Node":{"name":"hooflinen-324-u72v1d8jza"},"NodeClaim":{"name":"dartrune-322-jziqvh8rmj"},"capacity-type":"on-demand","instance-type":"1-cpu-1-mem-amd64-linux-test-zone-1-on-demand"},{"Node":{"name":"foeclear-336-xsoxst8lpi"},"NodeClaim":{"name":"huggerkiwi-334-bzrq8lfc02"},"capacity-type":"on-demand","instance-type":"1-cpu-1-mem-amd64-linux-test-zone-1-on-demand"},{"Node":{"name":"drifterdew-273-beljjvyvbu"},"NodeClaim":{"name":"wizardmirage-271-rkbslqwaxf"},"capacity-type":"on-demand","instance-type":"1-cpu-1-mem-amd64-linux-test-zone-1-on-demand"},{"Node":{"name":"seekerprickle-300-vpmorzqldk"},"NodeClaim":{"name":"forgertree-298-1lityaybog"},"capacity-type":"on-demand","instance-type":"1-cpu-1-mem-amd64-linux-test-zone-1-on-demand"},{"Node":{"name":"dragonsplash-312-cn5feorvmj"},"NodeClaim":{"name":"cowlfoil-310-qumnpuytgs"},"capacity-type":"on-demand","instance-type":"1-cpu-1-mem-amd64-linux-test-zone-1-on-demand"},{"Node":{"name":"fishpyrite-315-ggo0n6xhqx"},"NodeClaim":{"name":"curtaincake-313-6gqnby0kab"},"capacity-type":"on-demand","instance-type":"1-cpu-1-mem-amd64-linux-test-zone-1-on-demand"},{"Node":{"name":"snarlhill-339-4ig3nfohe1"},"NodeClaim":{"name":"weaverroan-337-1xempwb81f"},"capacity-type":"on-demand","instance-type":"1-cpu-1-mem-amd64-linux-test-zone-1-on-demand"},{"Node":{"name":"swoopdour-342-x93iomo40j"},"NodeClaim":{"name":"herojuniper-340-xjmlq5n9sc"},"capacity-type":"on-demand","instance-type":"1-cpu-1-mem-amd64-linux-test-zone-1-on-demand"},{"Node":{"name":"princessmaze-351-iukvkkuf3d"},"NodeClaim":{"name":"fightercliff-349-to0wtfhcdt"},"capacity-type":"on-demand","instance-type":"1-cpu-1-mem-amd64-linux-test-zone-1-on-demand"},{"Node":{"name":"scarmagenta-330-kft6frn0ij"},"NodeClaim":{"name":"roachhoney-328-9ah5ycybcf"},"capacity-type":"on-demand","instance-type":"1-cpu-1-mem-amd64-linux-test-zone-1-on-demand"},{"Node":{"name":"deerscythe-345-puh6t60cwt"},"NodeClaim":{"name":"walkerevening-343-wm4zeyowjg"},"capacity-type":"on-demand","instance-type":"1-cpu-1-mem-amd64-linux-test-zone-1-on-demand"},{"Node":{"name":"capfast-354-eer7tkorfh"},"NodeClaim":{"name":"piratecyan-352-hltkr1n5h2"},"capacity-type":"on-demand","instance-type":"1-cpu-1-mem-amd64-linux-test-zone-1-on-demand"},{"Node":{"name":"gargoylegossamer-279-8gwn0zpnvf"},"NodeClaim":{"name":"waspmarble-277-2mcvjjutcr"},"capacity-type":"on-demand","instance-type":"1-cpu-1-mem-amd64-linux-test-zone-1-on-demand"},{"Node":{"name":"fisherring-288-z3daevgiuc"},"NodeClaim":{"name":"spikepool-286-swnqlmpvu9"},"capacity-type":"on-demand","instance-type":"1-cpu-1-mem-amd64-linux-test-zone-1-on-demand"},{"Node":{"name":"crusherfortune-291-ev05rtrqu9"},"NodeClaim":{"name":"doomlily-289-g8hpwjjj97"},"capacity-type":"on-demand","instance-type":"1-cpu-1-mem-amd64-linux-test-zone-1-on-demand"},{"Node":{"name":"moosetopaz-294-ng6j9ukxq6"},"NodeClaim":{"name":"dropbronze-292-igz0uls5zp"},"capacity-type":"on-demand","instance-type":"1-cpu-1-mem-amd64-linux-test-zone-1-on-demand"},{"Node":{"name":"raptordaffodil-297-d0ianubtyy"},"NodeClaim":{"name":"crusherspeckle-295-uxd1smcn8q"},"capacity-type":"on-demand","instance-type":"1-cpu-1-mem-amd64-linux-test-zone-1-on-demand"},{"Node":{"name":"flyindigo-348-ierdzejq3o"},"NodeClaim":{"name":"moosechisel-346-pzpfzs2izx"},"capacity-type":"on-demand","instance-type":"1-cpu-1-mem-amd64-linux-test-zone-1-on-demand"},{"Node":{"name":"lynxazure-282-gzc54cr8y2"},"NodeClaim":{"name":"yaknickel-280-0cgyqjmmtq"},"capacity-type":"on-demand","instance-type":"1-cpu-1-mem-amd64-linux-test-zone-1-on-demand"},{"Node":{"name":"bonebutton-309-kbz90sklik"},"NodeClaim":{"name":"pegasuskeen-307-fm0wbczkbn"},"capacity-type":"on-demand","instance-type":"1-cpu-1-mem-amd64-linux-test-zone-1-on-demand"},{"Node":{"name":"piratecedar-318-wrpovtq4ed"},"NodeClaim":{"name":"dartjungle-316-on7meklofm"},"capacity-type":"on-demand","instance-type":"1-cpu-1-mem-amd64-linux-test-zone-1-on-demand"},{"Node":{"name":"boafortune-333-cojeskshuk"},"NodeClaim":{"name":"gargoylestump-331-rxwz3qfmlf"},"capacity-type":"on-demand","instance-type":"1-cpu-1-mem-amd64-linux-test-zone-1-on-demand"},{"Node":{"name":"chantersage-303-xkeq4bryhp"},"NodeClaim":{"name":"songgray-301-mfjeinlyfj"},"capacity-type":"on-demand","instance-type":"1-cpu-1-mem-amd64-linux-test-zone-1-on-demand"},{"Node":{"name":"flyjewel-306-fzvnsqbcci"},"NodeClaim":{"name":"raysquare-304-afwrwpk6rs"},"capacity-type":"on-demand","instance-type":"1-cpu-1-mem-amd64-linux-test-zone-1-on-demand"},{"Node":{"name":"legsstone-327-wqcfndulu3"},"NodeClaim":{"name":"pawwell-325-5o63426kca"},"capacity-type":"on-demand","instance-type":"1-cpu-1-mem-amd64-linux-test-zone-1-on-demand"},{"Node":{"name":"gorillamire-360-yp8te3fn4d"},"NodeClaim":{"name":"hornetbubble-358-5yt332vqxm"},"capacity-type":"on-demand","instance-type":"1-cpu-1-mem-amd64-linux-test-zone-1-on-demand"},{"Node":{"name":"ringerband-321-uhzpboft7h"},"NodeClaim":{"name":"healerlava-319-l60obm6cxs"},"capacity-type":"on-demand","instance-type":"1-cpu-1-mem-amd64-linux-test-zone-1-on-demand"},{"Node":{"name":"saverpower-357-arcvrtrtsx"},"NodeClaim":{"name":"hissmaple-355-1z1nn1jyoy"},"capacity-type":"on-demand","instance-type":"1-cpu-1-mem-amd64-linux-test-zone-1-on-demand"},{"Node":{"name":"lighterripple-276-zu9deeiv6x"},"NodeClaim":{"name":"geckobutter-274-yo24xdra8b"},"capacity-type":"on-demand","instance-type":"1-cpu-1-mem-amd64-linux-test-zone-1-on-demand"}], "replacement-nodes": []}
    logger.go:146: 2026-03-02T10:43:24.671-0800	DEBUG	disruption/queue.go:175	command succeeded	{"decision": "delete", "disrupted-node-count": 30, "replacement-node-count": 0, "pod-count": 0, "disrupted-nodes": [{"Node":{"name":"backginger-285-u0zbcbgsrj"},"NodeClaim":{"name":"hornmango-283-keflhxzu0g"},"capacity-type":"on-demand","instance-type":"1-cpu-1-mem-amd64-linux-test-zone-1-on-demand"},{"Node":{"name":"hooflinen-324-u72v1d8jza"},"NodeClaim":{"name":"dartrune-322-jziqvh8rmj"},"capacity-type":"on-demand","instance-type":"1-cpu-1-mem-amd64-linux-test-zone-1-on-demand"},{"Node":{"name":"foeclear-336-xsoxst8lpi"},"NodeClaim":{"name":"huggerkiwi-334-bzrq8lfc02"},"capacity-type":"on-demand","instance-type":"1-cpu-1-mem-amd64-linux-test-zone-1-on-demand"},{"Node":{"name":"drifterdew-273-beljjvyvbu"},"NodeClaim":{"name":"wizardmirage-271-rkbslqwaxf"},"capacity-type":"on-demand","instance-type":"1-cpu-1-mem-amd64-linux-test-zone-1-on-demand"},{"Node":{"name":"seekerprickle-300-vpmorzqldk"},"NodeClaim":{"name":"forgertree-298-1lityaybog"},"capacity-type":"on-demand","instance-type":"1-cpu-1-mem-amd64-linux-test-zone-1-on-demand"},{"Node":{"name":"dragonsplash-312-cn5feorvmj"},"NodeClaim":{"name":"cowlfoil-310-qumnpuytgs"},"capacity-type":"on-demand","instance-type":"1-cpu-1-mem-amd64-linux-test-zone-1-on-demand"},{"Node":{"name":"fishpyrite-315-ggo0n6xhqx"},"NodeClaim":{"name":"curtaincake-313-6gqnby0kab"},"capacity-type":"on-demand","instance-type":"1-cpu-1-mem-amd64-linux-test-zone-1-on-demand"},{"Node":{"name":"snarlhill-339-4ig3nfohe1"},"NodeClaim":{"name":"weaverroan-337-1xempwb81f"},"capacity-type":"on-demand","instance-type":"1-cpu-1-mem-amd64-linux-test-zone-1-on-demand"},{"Node":{"name":"swoopdour-342-x93iomo40j"},"NodeClaim":{"name":"herojuniper-340-xjmlq5n9sc"},"capacity-type":"on-demand","instance-type":"1-cpu-1-mem-amd64-linux-test-zone-1-on-demand"},{"Node":{"name":"princessmaze-351-iukvkkuf3d"},"NodeClaim":{"name":"fightercliff-349-to0wtfhcdt"},"capacity-type":"on-demand","instance-type":"1-cpu-1-mem-amd64-linux-test-zone-1-on-demand"},{"Node":{"name":"scarmagenta-330-kft6frn0ij"},"NodeClaim":{"name":"roachhoney-328-9ah5ycybcf"},"capacity-type":"on-demand","instance-type":"1-cpu-1-mem-amd64-linux-test-zone-1-on-demand"},{"Node":{"name":"deerscythe-345-puh6t60cwt"},"NodeClaim":{"name":"walkerevening-343-wm4zeyowjg"},"capacity-type":"on-demand","instance-type":"1-cpu-1-mem-amd64-linux-test-zone-1-on-demand"},{"Node":{"name":"capfast-354-eer7tkorfh"},"NodeClaim":{"name":"piratecyan-352-hltkr1n5h2"},"capacity-type":"on-demand","instance-type":"1-cpu-1-mem-amd64-linux-test-zone-1-on-demand"},{"Node":{"name":"gargoylegossamer-279-8gwn0zpnvf"},"NodeClaim":{"name":"waspmarble-277-2mcvjjutcr"},"capacity-type":"on-demand","instance-type":"1-cpu-1-mem-amd64-linux-test-zone-1-on-demand"},{"Node":{"name":"fisherring-288-z3daevgiuc"},"NodeClaim":{"name":"spikepool-286-swnqlmpvu9"},"capacity-type":"on-demand","instance-type":"1-cpu-1-mem-amd64-linux-test-zone-1-on-demand"},{"Node":{"name":"crusherfortune-291-ev05rtrqu9"},"NodeClaim":{"name":"doomlily-289-g8hpwjjj97"},"capacity-type":"on-demand","instance-type":"1-cpu-1-mem-amd64-linux-test-zone-1-on-demand"},{"Node":{"name":"moosetopaz-294-ng6j9ukxq6"},"NodeClaim":{"name":"dropbronze-292-igz0uls5zp"},"capacity-type":"on-demand","instance-type":"1-cpu-1-mem-amd64-linux-test-zone-1-on-demand"},{"Node":{"name":"raptordaffodil-297-d0ianubtyy"},"NodeClaim":{"name":"crusherspeckle-295-uxd1smcn8q"},"capacity-type":"on-demand","instance-type":"1-cpu-1-mem-amd64-linux-test-zone-1-on-demand"},{"Node":{"name":"flyindigo-348-ierdzejq3o"},"NodeClaim":{"name":"moosechisel-346-pzpfzs2izx"},"capacity-type":"on-demand","instance-type":"1-cpu-1-mem-amd64-linux-test-zone-1-on-demand"},{"Node":{"name":"lynxazure-282-gzc54cr8y2"},"NodeClaim":{"name":"yaknickel-280-0cgyqjmmtq"},"capacity-type":"on-demand","instance-type":"1-cpu-1-mem-amd64-linux-test-zone-1-on-demand"},{"Node":{"name":"bonebutton-309-kbz90sklik"},"NodeClaim":{"name":"pegasuskeen-307-fm0wbczkbn"},"capacity-type":"on-demand","instance-type":"1-cpu-1-mem-amd64-linux-test-zone-1-on-demand"},{"Node":{"name":"piratecedar-318-wrpovtq4ed"},"NodeClaim":{"name":"dartjungle-316-on7meklofm"},"capacity-type":"on-demand","instance-type":"1-cpu-1-mem-amd64-linux-test-zone-1-on-demand"},{"Node":{"name":"boafortune-333-cojeskshuk"},"NodeClaim":{"name":"gargoylestump-331-rxwz3qfmlf"},"capacity-type":"on-demand","instance-type":"1-cpu-1-mem-amd64-linux-test-zone-1-on-demand"},{"Node":{"name":"chantersage-303-xkeq4bryhp"},"NodeClaim":{"name":"songgray-301-mfjeinlyfj"},"capacity-type":"on-demand","instance-type":"1-cpu-1-mem-amd64-linux-test-zone-1-on-demand"},{"Node":{"name":"flyjewel-306-fzvnsqbcci"},"NodeClaim":{"name":"raysquare-304-afwrwpk6rs"},"capacity-type":"on-demand","instance-type":"1-cpu-1-mem-amd64-linux-test-zone-1-on-demand"},{"Node":{"name":"legsstone-327-wqcfndulu3"},"NodeClaim":{"name":"pawwell-325-5o63426kca"},"capacity-type":"on-demand","instance-type":"1-cpu-1-mem-amd64-linux-test-zone-1-on-demand"},{"Node":{"name":"gorillamire-360-yp8te3fn4d"},"NodeClaim":{"name":"hornetbubble-358-5yt332vqxm"},"capacity-type":"on-demand","instance-type":"1-cpu-1-mem-amd64-linux-test-zone-1-on-demand"},{"Node":{"name":"ringerband-321-uhzpboft7h"},"NodeClaim":{"name":"healerlava-319-l60obm6cxs"},"capacity-type":"on-demand","instance-type":"1-cpu-1-mem-amd64-linux-test-zone-1-on-demand"},{"Node":{"name":"saverpower-357-arcvrtrtsx"},"NodeClaim":{"name":"hissmaple-355-1z1nn1jyoy"},"capacity-type":"on-demand","instance-type":"1-cpu-1-mem-amd64-linux-test-zone-1-on-demand"},{"Node":{"name":"lighterripple-276-zu9deeiv6x"},"NodeClaim":{"name":"geckobutter-274-yo24xdra8b"},"capacity-type":"on-demand","instance-type":"1-cpu-1-mem-amd64-linux-test-zone-1-on-demand"}], "replacement-nodes": []}
[38;5;10m•[0m    logger.go:146: 2026-03-02T10:43:24.885-0800	INFO	disruption/queue.go:325	disrupting node(s)	{"command": "Empty/3c3451d5-f8fc-4927-8cb3-b17b40ab7d43: delete: [dogzircon-365-uly8hlxglp] (savings: $0.21)", "decision": "delete", "disrupted-node-count": 1, "replacement-node-count": 0, "pod-count": 0, "disrupted-nodes": [{"Node":{"name":"dogzircon-365-uly8hlxglp"},"NodeClaim":{"name":"turnersharp-363-kgcq5aboq7"},"capacity-type":"spot","instance-type":"1-cpu-1-mem-amd64-linux-test-zone-1-spot"}], "replacement-nodes": []}
    logger.go:146: 2026-03-02T10:43:24.890-0800	DEBUG	disruption/queue.go:175	command succeeded	{"decision": "delete", "disrupted-node-count": 1, "replacement-node-count": 0, "pod-count": 0, "disrupted-nodes": [{"Node":{"name":"dogzircon-365-uly8hlxglp"},"NodeClaim":{"name":"turnersharp-363-kgcq5aboq7"},"capacity-type":"spot","instance-type":"1-cpu-1-mem-amd64-linux-test-zone-1-spot"}], "replacement-nodes": []}
[38;5;10m•[0m    logger.go:146: 2026-03-02T10:43:25.103-0800	INFO	disruption/queue.go:325	disrupting node(s)	{"command": "Empty/d06c1b91-d577-4fea-bda0-a30052cfecea: delete: [horsegravel-373-iy2a8unqta] (savings: $0.21)", "decision": "delete", "disrupted-node-count": 1, "replacement-node-count": 0, "pod-count": 0, "disrupted-nodes": [{"Node":{"name":"horsegravel-373-iy2a8unqta"},"NodeClaim":{"name":"coyotescarlet-371-cz0h3bu6io"},"capacity-type":"spot","instance-type":"1-cpu-1-mem-amd64-linux-test-zone-1-spot"}], "replacement-nodes": []}
    logger.go:146: 2026-03-02T10:43:25.110-0800	DEBUG	disruption/queue.go:175	command succeeded	{"decision": "delete", "disrupted-node-count": 1, "replacement-node-count": 0, "pod-count": 0, "disrupted-nodes": [{"Node":{"name":"horsegravel-373-iy2a8unqta"},"NodeClaim":{"name":"coyotescarlet-371-cz0h3bu6io"},"capacity-type":"spot","instance-type":"1-cpu-1-mem-amd64-linux-test-zone-1-spot"}], "replacement-nodes": []}
[38;5;10m•[0m[38;5;10m•[0m[38;5;10m•[0m    logger.go:146: 2026-03-02T10:43:25.570-0800	INFO	disruption/queue.go:325	disrupting node(s)	{"command": "Empty/64ac374b-2314-4a29-9f67-c72620fd7bc3: delete: [skinnerchecker-397-ijfemfl3sv] (savings: $0.21)", "decision": "delete", "disrupted-node-count": 1, "replacement-node-count": 0, "pod-count": 0, "disrupted-nodes": [{"Node":{"name":"skinnerchecker-397-ijfemfl3sv"},"NodeClaim":{"name":"princessrowan-395-wcvoehxtzt"},"capacity-type":"spot","instance-type":"1-cpu-1-mem-amd64-linux-test-zone-1-spot"}], "replacement-nodes": []}
    logger.go:146: 2026-03-02T10:43:25.575-0800	DEBUG	disruption/queue.go:175	command succeeded	{"decision": "delete", "disrupted-node-count": 1, "replacement-node-count": 0, "pod-count": 0, "disrupted-nodes": [{"Node":{"name":"skinnerchecker-397-ijfemfl3sv"},"NodeClaim":{"name":"princessrowan-395-wcvoehxtzt"},"capacity-type":"spot","instance-type":"1-cpu-1-mem-amd64-linux-test-zone-1-spot"}], "replacement-nodes": []}
[38;5;10m•[0m[38;5;10m•[0m[38;5;10m•[0m    logger.go:146: 2026-03-02T10:43:26.144-0800	INFO	disruption/queue.go:325	disrupting node(s)	{"command": "Empty/8cabd902-4f93-45a6-abe8-d69e5b07b572: delete: [stormrust-423-tkiag5kcbh, divenebula-426-xsj9c4hopq] (savings: $0.41)", "decision": "delete", "disrupted-node-count": 2, "replacement-node-count": 0, "pod-count": 0, "disrupted-nodes": [{"Node":{"name":"stormrust-423-tkiag5kcbh"},"NodeClaim":{"name":"spurbead-421-sss7hrypk6"},"capacity-type":"spot","instance-type":"1-cpu-1-mem-amd64-linux-test-zone-1-spot"},{"Node":{"name":"divenebula-426-xsj9c4hopq"},"NodeClaim":{"name":"lordcrystal-424-c4q5ifgux3"},"capacity-type":"spot","instance-type":"1-cpu-1-mem-amd64-linux-test-zone-1-spot"}], "replacement-nodes": []}
    logger.go:146: 2026-03-02T10:43:26.150-0800	DEBUG	disruption/queue.go:175	command succeeded	{"decision": "delete", "disrupted-node-count": 2, "replacement-node-count": 0, "pod-count": 0, "disrupted-nodes": [{"Node":{"name":"stormrust-423-tkiag5kcbh"},"NodeClaim":{"name":"spurbead-421-sss7hrypk6"},"capacity-type":"spot","instance-type":"1-cpu-1-mem-amd64-linux-test-zone-1-spot"},{"Node":{"name":"divenebula-426-xsj9c4hopq"},"NodeClaim":{"name":"lordcrystal-424-c4q5ifgux3"},"capacity-type":"spot","instance-type":"1-cpu-1-mem-amd64-linux-test-zone-1-spot"}], "replacement-nodes": []}
[38;5;10m•[0m[38;5;10m•[0m    logger.go:146: 2026-03-02T10:43:26.514-0800	INFO	disruption/queue.go:325	disrupting node(s)	{"command": "Empty/dfb08f60-8ff2-42bc-ace0-c602ea21fac1: delete: [raccoonhoneysuckle-446-je20cweuzh] (savings: $0.21)", "decision": "delete", "disrupted-node-count": 1, "replacement-node-count": 0, "pod-count": 0, "disrupted-nodes": [{"Node":{"name":"raccoonhoneysuckle-446-je20cweuzh"},"NodeClaim":{"name":"leopardfoul-444-0ihzesy4pf"},"capacity-type":"on-demand","instance-type":"1-cpu-1-mem-amd64-linux-test-zone-1-on-demand"}], "replacement-nodes": []}
    logger.go:146: 2026-03-02T10:43:26.518-0800	DEBUG	disruption/queue.go:175	command succeeded	{"decision": "delete", "disrupted-node-count": 1, "replacement-node-count": 0, "pod-count": 0, "disrupted-nodes": [{"Node":{"name":"raccoonhoneysuckle-446-je20cweuzh"},"NodeClaim":{"name":"leopardfoul-444-0ihzesy4pf"},"capacity-type":"on-demand","instance-type":"1-cpu-1-mem-amd64-linux-test-zone-1-on-demand"}], "replacement-nodes": []}
[38;5;10m•[0m    logger.go:146: 2026-03-02T10:43:27.025-0800	INFO	disruption/queue.go:325	disrupting node(s)	{"command": "Empty/288768c2-8c62-47bb-88bf-1784afc0cba6: delete: [crafterequinox-459-onxzsxx1zj] (savings: $0.21)", "decision": "delete", "disrupted-node-count": 1, "replacement-node-count": 0, "pod-count": 0, "disrupted-nodes": [{"Node":{"name":"crafterequinox-459-onxzsxx1zj"},"NodeClaim":{"name":"burnmuck-457-pd81oq7akr"},"capacity-type":"on-demand","instance-type":"1-cpu-1-mem-amd64-linux-test-zone-1-on-demand"}], "replacement-nodes": []}
    logger.go:146: 2026-03-02T10:43:27.034-0800	DEBUG	disruption/queue.go:175	command succeeded	{"decision": "delete", "disrupted-node-count": 1, "replacement-node-count": 0, "pod-count": 0, "disrupted-nodes": [{"Node":{"name":"crafterequinox-459-onxzsxx1zj"},"NodeClaim":{"name":"burnmuck-457-pd81oq7akr"},"capacity-type":"on-demand","instance-type":"1-cpu-1-mem-amd64-linux-test-zone-1-on-demand"}], "replacement-nodes": []}
[38;5;10m•[0m[38;5;10m•[0m    logger.go:146: 2026-03-02T10:43:27.540-0800	INFO	disruption/queue.go:325	disrupting node(s)	{"command": "Empty/cebdd516-6ac1-4590-a31e-01a080ff5218: delete: [pigpie-488-cb7qrksmml] (savings: $0.21)", "decision": "delete", "disrupted-node-count": 1, "replacement-node-count": 0, "pod-count": 0, "disrupted-nodes": [{"Node":{"name":"pigpie-488-cb7qrksmml"},"NodeClaim":{"name":"boarust-486-q1shyjysmr"},"capacity-type":"spot","instance-type":"1-cpu-1-mem-amd64-linux-test-zone-1-spot"}], "replacement-nodes": []}
    logger.go:146: 2026-03-02T10:43:27.550-0800	DEBUG	disruption/queue.go:175	command succeeded	{"decision": "delete", "disrupted-node-count": 1, "replacement-node-count": 0, "pod-count": 0, "disrupted-nodes": [{"Node":{"name":"pigpie-488-cb7qrksmml"},"NodeClaim":{"name":"boarust-486-q1shyjysmr"},"capacity-type":"spot","instance-type":"1-cpu-1-mem-amd64-linux-test-zone-1-spot"}], "replacement-nodes": []}
[38;5;10m•[0m[38;5;10m•[0m[38;5;10m•[0m[38;5;10m•[0m[38;5;10m•[0m[38;5;10m•[0m[38;5;10m•[0m[38;5;10m•[0m[38;5;10m•[0m[38;5;10m•[0m[38;5;10m•[0m[38;5;10m•[0m[38;5;10m•[0m[38;5;10m•[0m[38;5;10m•[0m[38;5;10m•[0m[38;5;10m•[0m[38;5;10m•[0m[38;5;10m•[0m[38;5;10m•[0m[38;5;10m•[0m[38;5;10m•[0m[38;5;10m•[0m[38;5;10m•[0m[38;5;10m•[0m[38;5;10m•[0m[38;5;10m•[0m[38;5;10m•[0m[38;5;10m•[0m[38;5;10m•[0m[38;5;10m•[0m[38;5;10m•[0m[38;5;10m•[0m[38;5;10m•[0m[38;5;10m•[0m[38;5;10m•[0m[38;5;10m•[0m[38;5;10m•[0m[38;5;10m•[0m[38;5;10m•[0m    logger.go:146: 2026-03-02T10:43:34.080-0800	INFO	disruption/queue.go:325	disrupting node(s)	{"command": "Drifted/00000000-0000-0000-0000-000000000000: delete: [eaterbrindle-731-fftgddekh1] (savings: $0.00)", "decision": "delete", "disrupted-node-count": 1, "replacement-node-count": 0, "pod-count": 0, "disrupted-nodes": [{"Node":{"name":"eaterbrindle-731-fftgddekh1"},"NodeClaim":{"name":"glasscaramel-729-lqxvxvjj7x"},"capacity-type":"on-demand","instance-type":"64-cpu-128-mem-arm64-windows-test-zone-3-on-demand"}], "replacement-nodes": []}
[38;5;10m•[0m[38;5;10m•[0m    logger.go:146: 2026-03-02T10:43:35.732-0800	INFO	disruption/queue.go:325	disrupting node(s)	{"command": "Drifted/c814252a-7bc5-4dcd-8c31-64e78d841e82: replace: [braidblaze-794-trcbp4tizb] -> [1 replacement] (savings: $19.94)", "decision": "replace", "disrupted-node-count": 1, "replacement-node-count": 1, "pod-count": 1, "disrupted-nodes": [{"Node":{"name":"braidblaze-794-trcbp4tizb"},"NodeClaim":{"name":"storkoil-792-owdv7iwwkf"},"capacity-type":"on-demand","instance-type":"64-cpu-128-mem-arm64-windows-test-zone-3-on-demand"}], "replacement-nodes": [{"capacity-type":"reserved","instance-types":"1-cpu-1-mem-amd64-linux-test-zone-1-spot, 1-cpu-1-mem-amd64-windows-test-zone-2-spot, 1-cpu-1-mem-amd64-windows-test-zone-1-spot, 1-cpu-1-mem-arm64-windows-test-zone-1-spot, 1-cpu-1-mem-amd64-linux-test-zone-1-on-demand and 595 other(s)"}]}
    logger.go:146: 2026-03-02T10:43:35.740-0800	INFO	provisioning/provisioner.go:438	created nodeclaim	{"NodePool": {"name":"legshickory-766-hrs0pqlspa"}, "NodeClaim": {"name":"legshickory-766-hrs0pqlspa-r772n"}, "requests": {"cpu":"100m","memory":"100Mi","pods":"1"}, "instance-types": "1-cpu-1-mem-amd64-linux-test-zone-1-on-demand, 1-cpu-1-mem-amd64-linux-test-zone-1-spot, 1-cpu-1-mem-amd64-linux-test-zone-2-on-demand, 1-cpu-1-mem-amd64-linux-test-zone-2-spot, 1-cpu-1-mem-amd64-linux-test-zone-3-on-demand and 595 other(s)"}
    logger.go:146: 2026-03-02T10:43:35.861-0800	INFO	disruption/queue.go:325	disrupting node(s)	{"command": "Drifted/ba440778-72bf-4c8e-b7fc-a8ce367ac47f: replace: [knightwell-782-lupr9qq6q9] -> [1 replacement] (savings: $19.94)", "decision": "replace", "disrupted-node-count": 1, "replacement-node-count": 1, "pod-count": 1, "disrupted-nodes": [{"Node":{"name":"knightwell-782-lupr9qq6q9"},"NodeClaim":{"name":"servanttar-780-v58qwckwwq"},"capacity-type":"on-demand","instance-type":"64-cpu-128-mem-arm64-windows-test-zone-3-on-demand"}], "replacement-nodes": [{"capacity-type":"reserved","instance-types":"1-cpu-1-mem-amd64-linux-test-zone-1-spot, 1-cpu-1-mem-amd64-windows-test-zone-2-spot, 1-cpu-1-mem-amd64-windows-test-zone-1-spot, 1-cpu-1-mem-arm64-windows-test-zone-1-spot, 1-cpu-1-mem-amd64-linux-test-zone-1-on-demand and 595 other(s)"}]}
    logger.go:146: 2026-03-02T10:43:35.869-0800	INFO	provisioning/provisioner.go:438	created nodeclaim	{"NodePool": {"name":"legshickory-766-hrs0pqlspa"}, "NodeClaim": {"name":"legshickory-766-hrs0pqlspa-cbmdr"}, "requests": {"cpu":"100m","memory":"100Mi","pods":"1"}, "instance-types": "1-cpu-1-mem-amd64-linux-test-zone-1-on-demand, 1-cpu-1-mem-amd64-linux-test-zone-1-spot, 1-cpu-1-mem-amd64-linux-test-zone-2-on-demand, 1-cpu-1-mem-amd64-linux-test-zone-2-spot, 1-cpu-1-mem-amd64-linux-test-zone-3-on-demand and 595 other(s)"}
    logger.go:146: 2026-03-02T10:43:35.961-0800	INFO	disruption/queue.go:325	disrupting node(s)	{"command": "Drifted/98b3322c-ea26-4701-89b0-04c7edfcfea6: replace: [roarercold-788-ny8ojdhcsa] -> [1 replacement] (savings: $19.94)", "decision": "replace", "disrupted-node-count": 1, "replacement-node-count": 1, "pod-count": 1, "disrupted-nodes": [{"Node":{"name":"roarercold-788-ny8ojdhcsa"},"NodeClaim":{"name":"centaurmirage-786-mnt9vlgekg"},"capacity-type":"on-demand","instance-type":"64-cpu-128-mem-arm64-windows-test-zone-3-on-demand"}], "replacement-nodes": [{"capacity-type":"reserved","instance-types":"1-cpu-1-mem-amd64-linux-test-zone-1-spot, 1-cpu-1-mem-amd64-windows-test-zone-2-spot, 1-cpu-1-mem-amd64-windows-test-zone-1-spot, 1-cpu-1-mem-arm64-windows-test-zone-1-spot, 1-cpu-1-mem-amd64-linux-test-zone-1-on-demand and 595 other(s)"}]}
    logger.go:146: 2026-03-02T10:43:35.969-0800	INFO	provisioning/provisioner.go:438	created nodeclaim	{"NodePool": {"name":"legshickory-766-hrs0pqlspa"}, "NodeClaim": {"name":"legshickory-766-hrs0pqlspa-nb2zz"}, "requests": {"cpu":"100m","memory":"100Mi","pods":"1"}, "instance-types": "1-cpu-1-mem-amd64-linux-test-zone-1-on-demand, 1-cpu-1-mem-amd64-linux-test-zone-1-spot, 1-cpu-1-mem-amd64-linux-test-zone-2-on-demand, 1-cpu-1-mem-amd64-linux-test-zone-2-spot, 1-cpu-1-mem-amd64-linux-test-zone-3-on-demand and 595 other(s)"}
[38;5;10m•[0m    logger.go:146: 2026-03-02T10:43:36.327-0800	INFO	disruption/queue.go:325	disrupting node(s)	{"command": "Underutilized/e41eaf5b-7f65-40f0-9756-233fb40feaca: replace: [mothmoor-825-lijc2yec83] -> [1 replacement] (savings: $19.94)", "decision": "replace", "disrupted-node-count": 1, "replacement-node-count": 1, "pod-count": 1, "disrupted-nodes": [{"Node":{"name":"mothmoor-825-lijc2yec83"},"NodeClaim":{"name":"scalesand-823-mnwtoiawxc"},"capacity-type":"on-demand","instance-type":"64-cpu-128-mem-arm64-windows-test-zone-3-on-demand"}], "replacement-nodes": [{"capacity-type":"spot","instance-types":"1-cpu-1-mem-amd64-linux-test-zone-1-spot, 1-cpu-1-mem-amd64-windows-test-zone-2-spot, 1-cpu-1-mem-amd64-windows-test-zone-1-spot, 1-cpu-1-mem-arm64-windows-test-zone-1-spot, 1-cpu-1-mem-amd64-linux-test-zone-1-on-demand and 595 other(s)"}]}
    logger.go:146: 2026-03-02T10:43:36.335-0800	INFO	provisioning/provisioner.go:438	created nodeclaim	{"NodePool": {"name":"legleather-821-ylqorggw1b"}, "NodeClaim": {"name":"legleather-821-ylqorggw1b-cz7qc"}, "requests": {"pods":"1"}, "instance-types": "1-cpu-1-mem-amd64-linux-test-zone-1-on-demand, 1-cpu-1-mem-amd64-linux-test-zone-1-spot, 1-cpu-1-mem-amd64-linux-test-zone-2-on-demand, 1-cpu-1-mem-amd64-linux-test-zone-2-spot, 1-cpu-1-mem-amd64-linux-test-zone-3-on-demand and 595 other(s)"}
    logger.go:146: 2026-03-02T10:43:36.419-0800	DEBUG	disruption/queue.go:175	command succeeded	{"decision": "replace", "disrupted-node-count": 1, "replacement-node-count": 1, "pod-count": 1, "disrupted-nodes": [{"Node":{"name":"mothmoor-825-lijc2yec83"},"NodeClaim":{"name":"scalesand-823-mnwtoiawxc"},"capacity-type":"on-demand","instance-type":"64-cpu-128-mem-arm64-windows-test-zone-3-on-demand"}], "replacement-nodes": [{"capacity-type":"spot","instance-types":"1-cpu-1-mem-amd64-windows-test-zone-3-spot, 1-cpu-1-mem-amd64-windows-test-zone-2-spot, 1-cpu-1-mem-amd64-windows-test-zone-1-spot, 1-cpu-1-mem-arm64-windows-test-zone-1-spot, 1-cpu-1-mem-amd64-linux-test-zone-1-spot and 595 other(s)"}]}
[38;5;10m•[0m    logger.go:146: 2026-03-02T10:43:36.623-0800	INFO	disruption/queue.go:325	disrupting node(s)	{"command": "Drifted/3faeb9ef-c256-4c06-a6ba-35563ad13c4d: replace: [butterflybrook-840-lorq7my3fr] -> [1 replacement] (savings: $19.94)", "decision": "replace", "disrupted-node-count": 1, "replacement-node-count": 1, "pod-count": 1, "disrupted-nodes": [{"Node":{"name":"butterflybrook-840-lorq7my3fr"},"NodeClaim":{"name":"skinnerfluff-838-90zfk6ytlm"},"capacity-type":"on-demand","instance-type":"64-cpu-128-mem-arm64-windows-test-zone-3-on-demand"}], "replacement-nodes": [{"capacity-type":"reserved","instance-types":"1-cpu-1-mem-amd64-linux-test-zone-1-spot, 1-cpu-1-mem-amd64-windows-test-zone-2-spot, 1-cpu-1-mem-amd64-windows-test-zone-1-spot, 1-cpu-1-mem-arm64-windows-test-zone-1-spot, 1-cpu-1-mem-amd64-linux-test-zone-1-on-demand and 595 other(s)"}]}
    logger.go:146: 2026-03-02T10:43:36.703-0800	INFO	provisioning/provisioner.go:438	created nodeclaim	{"NodePool": {"name":"kickerlizard-836-syflwa44pa"}, "NodeClaim": {"name":""}, "requests": {"pods":"1"}, "instance-types": "1-cpu-1-mem-amd64-linux-test-zone-1-on-demand, 1-cpu-1-mem-amd64-linux-test-zone-1-spot, 1-cpu-1-mem-amd64-linux-test-zone-2-on-demand, 1-cpu-1-mem-amd64-linux-test-zone-2-spot, 1-cpu-1-mem-amd64-linux-test-zone-3-on-demand and 595 other(s)"}
[38;5;10m•[0m[38;5;10m•[0m[38;5;10m•[0m[38;5;10m•[0m[38;5;10m•[0m[38;5;10m•[0m[38;5;10m•[0m[38;5;10m•[0m    logger.go:146: 2026-03-02T10:43:40.261-0800	INFO	disruption/queue.go:325	disrupting node(s)	{"command": "Underutilized/23dff58f-d0e3-421a-af65-69258ad39cbd: replace: [cowlpepper-1055-j4cdl1uu4k] -> [1 replacement] (savings: $1.30)", "decision": "replace", "disrupted-node-count": 1, "replacement-node-count": 1, "pod-count": 1, "disrupted-nodes": [{"Node":{"name":"cowlpepper-1055-j4cdl1uu4k"},"NodeClaim":{"name":"boarbone-1053-evx3fmklf3"},"capacity-type":"on-demand","instance-type":"current-on-demand"}], "replacement-nodes": [{"capacity-type":"spot","instance-types":"spot-replacement"}]}
    logger.go:146: 2026-03-02T10:43:40.267-0800	INFO	provisioning/provisioner.go:438	created nodeclaim	{"NodePool": {"name":"dolphintrail-1051-qq1tgfqya6"}, "NodeClaim": {"name":"dolphintrail-1051-qq1tgfqya6-g7nx9"}, "requests": {"cpu":"100m","memory":"100Mi","pods":"1"}, "instance-types": "spot-replacement"}
    logger.go:146: 2026-03-02T10:43:40.351-0800	ERROR	disruption/queue.go:173	failed terminating nodes while executing a disruption command	{"decision": "replace", "disrupted-node-count": 1, "replacement-node-count": 1, "pod-count": 1, "disrupted-nodes": [{"Node":{"name":"cowlpepper-1055-j4cdl1uu4k"},"NodeClaim":{"name":"boarbone-1053-evx3fmklf3"},"capacity-type":"on-demand","instance-type":"current-on-demand"}], "replacement-nodes": [{"capacity-type":"spot","instance-types":"spot-replacement"}], "error": "replacement was deleted, nodeclaims.karpenter.sh \"dolphintrail-1051-qq1tgfqya6-g7nx9\" not found"}
[38;5;10m•[0m    logger.go:146: 2026-03-02T10:43:40.583-0800	INFO	disruption/queue.go:325	disrupting node(s)	{"command": "Empty/9a5a500e-63ba-49d3-b283-45f532e4bb2a: delete: [edgerainbow-1062-bv6ox66wo7] (savings: $20.14)", "decision": "delete", "disrupted-node-count": 1, "replacement-node-count": 0, "pod-count": 0, "disrupted-nodes": [{"Node":{"name":"edgerainbow-1062-bv6ox66wo7"},"NodeClaim":{"name":"forgercurly-1060-8m4mfrchbj"},"capacity-type":"on-demand","instance-type":"64-cpu-128-mem-arm64-windows-test-zone-3-on-demand"}], "replacement-nodes": []}
[38;5;10m•[0m[38;5;10m•[0m[38;5;10m•[0m[38;5;10m•[0m[38;5;10m•[0m[38;5;10m•[0m    logger.go:146: 2026-03-02T10:43:41.707-0800	INFO	disruption/queue.go:325	disrupting node(s)	{"command": "Underutilized/e10fbf3e-2980-4783-9b14-2c00d7bad0df: replace: [weaselballistic-1120-5vg9rrh2io] -> [1 replacement] (savings: $19.94)", "decision": "replace", "disrupted-node-count": 1, "replacement-node-count": 1, "pod-count": 1, "disrupted-nodes": [{"Node":{"name":"weaselballistic-1120-5vg9rrh2io"},"NodeClaim":{"name":"falconzinc-1118-4cptpadzhi"},"capacity-type":"on-demand","instance-type":"64-cpu-128-mem-arm64-windows-test-zone-3-on-demand"}], "replacement-nodes": [{"capacity-type":"spot","instance-types":"1-cpu-1-mem-amd64-linux-test-zone-1-spot, 1-cpu-1-mem-amd64-windows-test-zone-2-spot, 1-cpu-1-mem-amd64-windows-test-zone-1-spot, 1-cpu-1-mem-arm64-windows-test-zone-1-spot, 1-cpu-1-mem-amd64-linux-test-zone-1-on-demand and 595 other(s)"}]}
    logger.go:146: 2026-03-02T10:43:41.717-0800	INFO	provisioning/provisioner.go:438	created nodeclaim	{"NodePool": {"name":"toothclever-1116-gmm2vh5c71"}, "NodeClaim": {"name":"toothclever-1116-gmm2vh5c71-78bkd"}, "requests": {"pods":"1"}, "instance-types": "1-cpu-1-mem-amd64-linux-test-zone-1-on-demand, 1-cpu-1-mem-amd64-linux-test-zone-1-spot, 1-cpu-1-mem-amd64-linux-test-zone-2-on-demand, 1-cpu-1-mem-amd64-linux-test-zone-2-spot, 1-cpu-1-mem-amd64-linux-test-zone-3-on-demand and 595 other(s)"}
[38;5;10m•[0m    logger.go:146: 2026-03-02T10:43:41.989-0800	DEBUG	disruption/emptiness.go:97	abandoning empty node consolidation attempt due to pod churn, command is no longer valid	{"decision": "delete", "disrupted-node-count": 1, "replacement-node-count": 0, "pod-count": 0, "disrupted-nodes": [{"Node":{"name":"frightquartz-1130-mna5wuova0"},"NodeClaim":{"name":"wingfork-1128-42yoma6j3l"},"capacity-type":"on-demand","instance-type":"64-cpu-128-mem-arm64-windows-test-zone-3-on-demand"}], "replacement-nodes": []}
[38;5;10m•[0m    logger.go:146: 2026-03-02T10:43:42.194-0800	DEBUG	disruption/emptiness.go:97	abandoning empty node consolidation attempt due to pod churn, command is no longer valid	{"decision": "delete", "disrupted-node-count": 1, "replacement-node-count": 0, "pod-count": 0, "disrupted-nodes": [{"Node":{"name":"wasphollow-1138-jsuaevd1jb"},"NodeClaim":{"name":"keeperpurple-1136-rjmqf4fxok"},"capacity-type":"on-demand","instance-type":"64-cpu-128-mem-arm64-windows-test-zone-3-on-demand"}], "replacement-nodes": []}
[38;5;10m•[0m    logger.go:146: 2026-03-02T10:43:42.343-0800	DEBUG	disruption/emptiness.go:97	abandoning empty node consolidation attempt due to pod churn, command is no longer valid	{"decision": "delete", "disrupted-node-count": 1, "replacement-node-count": 0, "pod-count": 0, "disrupted-nodes": [{"Node":{"name":"goatfeather-1150-8b3akousdb"},"NodeClaim":{"name":"lighternoble-1148-vusbjejdzi"},"capacity-type":"on-demand","instance-type":"64-cpu-128-mem-arm64-windows-test-zone-3-on-demand"}], "replacement-nodes": []}
[38;5;10m•[0m[38;5;10m•[0m[38;5;10m•[0m[38;5;10m•[0m[38;5;10m•[0m[38;5;10m•[0m[38;5;10m•[0m    logger.go:146: 2026-03-02T10:43:44.107-0800	INFO	disruption/queue.go:325	disrupting node(s)	{"command": "Empty/552aaca7-79ec-47a5-8142-ef17f063e02f: delete: [bearequinox-1277-ddmu0c4b2t, pixiemidnight-1283-jglrsanmla, guardianwax-1286-9ycltwvazi] (savings: $60.43)", "decision": "delete", "disrupted-node-count": 3, "replacement-node-count": 0, "pod-count": 0, "disrupted-nodes": [{"Node":{"name":"bearequinox-1277-ddmu0c4b2t"},"NodeClaim":{"name":"ribsoft-1275-gfwoeftmcj"},"capacity-type":"on-demand","instance-type":"64-cpu-128-mem-arm64-windows-test-zone-3-on-demand"},{"Node":{"name":"pixiemidnight-1283-jglrsanmla"},"NodeClaim":{"name":"crusherpetal-1281-j0cwgu5thz"},"capacity-type":"on-demand","instance-type":"64-cpu-128-mem-arm64-windows-test-zone-3-on-demand"},{"Node":{"name":"guardianwax-1286-9ycltwvazi"},"NodeClaim":{"name":"pipermountain-1284-yenygcqbk9"},"capacity-type":"on-demand","instance-type":"64-cpu-128-mem-arm64-windows-test-zone-3-on-demand"}], "replacement-nodes": []}
    logger.go:146: 2026-03-02T10:43:44.113-0800	DEBUG	disruption/queue.go:175	command succeeded	{"decision": "delete", "disrupted-node-count": 3, "replacement-node-count": 0, "pod-count": 0, "disrupted-nodes": [{"Node":{"name":"bearequinox-1277-ddmu0c4b2t"},"NodeClaim":{"name":"ribsoft-1275-gfwoeftmcj"},"capacity-type":"on-demand","instance-type":"64-cpu-128-mem-arm64-windows-test-zone-3-on-demand"},{"Node":{"name":"pixiemidnight-1283-jglrsanmla"},"NodeClaim":{"name":"crusherpetal-1281-j0cwgu5thz"},"capacity-type":"on-demand","instance-type":"64-cpu-128-mem-arm64-windows-test-zone-3-on-demand"},{"Node":{"name":"guardianwax-1286-9ycltwvazi"},"NodeClaim":{"name":"pipermountain-1284-yenygcqbk9"},"capacity-type":"on-demand","instance-type":"64-cpu-128-mem-arm64-windows-test-zone-3-on-demand"}], "replacement-nodes": []}
[38;5;10m•[0m    logger.go:146: 2026-03-02T10:43:44.419-0800	INFO	disruption/queue.go:325	disrupting node(s)	{"command": "Empty/cb6dc581-e6bb-4165-854c-ab01bb81c97f: delete: [sightancient-1314-dhlswlxqnj, driftersage-1317-otq62vldn7, shirtshade-1320-mz7zi9ftto, bonesticky-1323-jynf9k67dq, pawspectrum-1326-h2ruhjwtnb, guardianluck-1302-0cwwhce1cg, stallionrose-1305-czppkhqtqa, mouseroot-1311-igdplxxl4g, swoopbird-1299-bmnne9fgbv, shieldcyan-1308-3lsoi1nhv2] (savings: $201.44)", "decision": "delete", "disrupted-node-count": 10, "replacement-node-count": 0, "pod-count": 0, "disrupted-nodes": [{"Node":{"name":"sightancient-1314-dhlswlxqnj"},"NodeClaim":{"name":"carverlegend-1312-yi5kee24dh"},"capacity-type":"on-demand","instance-type":"64-cpu-128-mem-arm64-windows-test-zone-3-on-demand"},{"Node":{"name":"driftersage-1317-otq62vldn7"},"NodeClaim":{"name":"crownmaple-1315-gmzk2okswa"},"capacity-type":"on-demand","instance-type":"64-cpu-128-mem-arm64-windows-test-zone-3-on-demand"},{"Node":{"name":"shirtshade-1320-mz7zi9ftto"},"NodeClaim":{"name":"herongrave-1318-7kqx5ckgaq"},"capacity-type":"on-demand","instance-type":"64-cpu-128-mem-arm64-windows-test-zone-3-on-demand"},{"Node":{"name":"bonesticky-1323-jynf9k67dq"},"NodeClaim":{"name":"serpentpebble-1321-todjo9a2fz"},"capacity-type":"on-demand","instance-type":"64-cpu-128-mem-arm64-windows-test-zone-3-on-demand"},{"Node":{"name":"pawspectrum-1326-h2ruhjwtnb"},"NodeClaim":{"name":"lordpear-1324-1q2beylz3o"},"capacity-type":"on-demand","instance-type":"64-cpu-128-mem-arm64-windows-test-zone-3-on-demand"},{"Node":{"name":"guardianluck-1302-0cwwhce1cg"},"NodeClaim":{"name":"swallowthorn-1300-bjbs8t1kny"},"capacity-type":"on-demand","instance-type":"64-cpu-128-mem-arm64-windows-test-zone-3-on-demand"},{"Node":{"name":"stallionrose-1305-czppkhqtqa"},"NodeClaim":{"name":"swoopthread-1303-gyrhwltowf"},"capacity-type":"on-demand","instance-type":"64-cpu-128-mem-arm64-windows-test-zone-3-on-demand"},{"Node":{"name":"mouseroot-1311-igdplxxl4g"},"NodeClaim":{"name":"roaremerald-1309-yeqtlfhwpm"},"capacity-type":"on-demand","instance-type":"64-cpu-128-mem-arm64-windows-test-zone-3-on-demand"},{"Node":{"name":"swoopbird-1299-bmnne9fgbv"},"NodeClaim":{"name":"grinberyl-1297-jzl9aivthl"},"capacity-type":"on-demand","instance-type":"64-cpu-128-mem-arm64-windows-test-zone-3-on-demand"},{"Node":{"name":"shieldcyan-1308-3lsoi1nhv2"},"NodeClaim":{"name":"friendwhite-1306-nugzr5fxap"},"capacity-type":"on-demand","instance-type":"64-cpu-128-mem-arm64-windows-test-zone-3-on-demand"}], "replacement-nodes": []}
    logger.go:146: 2026-03-02T10:43:44.427-0800	DEBUG	disruption/queue.go:175	command succeeded	{"decision": "delete", "disrupted-node-count": 10, "replacement-node-count": 0, "pod-count": 0, "disrupted-nodes": [{"Node":{"name":"sightancient-1314-dhlswlxqnj"},"NodeClaim":{"name":"carverlegend-1312-yi5kee24dh"},"capacity-type":"on-demand","instance-type":"64-cpu-128-mem-arm64-windows-test-zone-3-on-demand"},{"Node":{"name":"driftersage-1317-otq62vldn7"},"NodeClaim":{"name":"crownmaple-1315-gmzk2okswa"},"capacity-type":"on-demand","instance-type":"64-cpu-128-mem-arm64-windows-test-zone-3-on-demand"},{"Node":{"name":"shirtshade-1320-mz7zi9ftto"},"NodeClaim":{"name":"herongrave-1318-7kqx5ckgaq"},"capacity-type":"on-demand","instance-type":"64-cpu-128-mem-arm64-windows-test-zone-3-on-demand"},{"Node":{"name":"bonesticky-1323-jynf9k67dq"},"NodeClaim":{"name":"serpentpebble-1321-todjo9a2fz"},"capacity-type":"on-demand","instance-type":"64-cpu-128-mem-arm64-windows-test-zone-3-on-demand"},{"Node":{"name":"pawspectrum-1326-h2ruhjwtnb"},"NodeClaim":{"name":"lordpear-1324-1q2beylz3o"},"capacity-type":"on-demand","instance-type":"64-cpu-128-mem-arm64-windows-test-zone-3-on-demand"},{"Node":{"name":"guardianluck-1302-0cwwhce1cg"},"NodeClaim":{"name":"swallowthorn-1300-bjbs8t1kny"},"capacity-type":"on-demand","instance-type":"64-cpu-128-mem-arm64-windows-test-zone-3-on-demand"},{"Node":{"name":"stallionrose-1305-czppkhqtqa"},"NodeClaim":{"name":"swoopthread-1303-gyrhwltowf"},"capacity-type":"on-demand","instance-type":"64-cpu-128-mem-arm64-windows-test-zone-3-on-demand"},{"Node":{"name":"mouseroot-1311-igdplxxl4g"},"NodeClaim":{"name":"roaremerald-1309-yeqtlfhwpm"},"capacity-type":"on-demand","instance-type":"64-cpu-128-mem-arm64-windows-test-zone-3-on-demand"},{"Node":{"name":"swoopbird-1299-bmnne9fgbv"},"NodeClaim":{"name":"grinberyl-1297-jzl9aivthl"},"capacity-type":"on-demand","instance-type":"64-cpu-128-mem-arm64-windows-test-zone-3-on-demand"},{"Node":{"name":"shieldcyan-1308-3lsoi1nhv2"},"NodeClaim":{"name":"friendwhite-1306-nugzr5fxap"},"capacity-type":"on-demand","instance-type":"64-cpu-128-mem-arm64-windows-test-zone-3-on-demand"}], "replacement-nodes": []}
[38;5;10m•[0m[38;5;10m•[0m    logger.go:146: 2026-03-02T10:43:45.106-0800	INFO	disruption/queue.go:325	disrupting node(s)	{"command": "Underutilized/56e5b0b7-044d-4089-b559-2606a129c97d: delete: [carpetvenom-1385-hxyknj3ujv, flylaser-1406-cnuzzfqk0l, winggrove-1379-xt0gxr5gzi] (savings: $60.43)", "decision": "delete", "disrupted-node-count": 3, "replacement-node-count": 0, "pod-count": 1, "disrupted-nodes": [{"Node":{"name":"carpetvenom-1385-hxyknj3ujv"},"NodeClaim":{"name":"hissersprinkle-1383-ysu4bukqct"},"capacity-type":"on-demand","instance-type":"64-cpu-128-mem-arm64-windows-test-zone-3-on-demand"},{"Node":{"name":"flylaser-1406-cnuzzfqk0l"},"NodeClaim":{"name":"ottersunrise-1404-3xyc4lmscj"},"capacity-type":"on-demand","instance-type":"64-cpu-128-mem-arm64-windows-test-zone-3-on-demand"},{"Node":{"name":"winggrove-1379-xt0gxr5gzi"},"NodeClaim":{"name":"thorncitrine-1377-ks5oyoajad"},"capacity-type":"on-demand","instance-type":"64-cpu-128-mem-arm64-windows-test-zone-3-on-demand"}], "replacement-nodes": []}
    logger.go:146: 2026-03-02T10:43:45.113-0800	DEBUG	disruption/queue.go:175	command succeeded	{"decision": "delete", "disrupted-node-count": 3, "replacement-node-count": 0, "pod-count": 1, "disrupted-nodes": [{"Node":{"name":"carpetvenom-1385-hxyknj3ujv"},"NodeClaim":{"name":"hissersprinkle-1383-ysu4bukqct"},"capacity-type":"on-demand","instance-type":"64-cpu-128-mem-arm64-windows-test-zone-3-on-demand"},{"Node":{"name":"flylaser-1406-cnuzzfqk0l"},"NodeClaim":{"name":"ottersunrise-1404-3xyc4lmscj"},"capacity-type":"on-demand","instance-type":"64-cpu-128-mem-arm64-windows-test-zone-3-on-demand"},{"Node":{"name":"winggrove-1379-xt0gxr5gzi"},"NodeClaim":{"name":"thorncitrine-1377-ks5oyoajad"},"capacity-type":"on-demand","instance-type":"64-cpu-128-mem-arm64-windows-test-zone-3-on-demand"}], "replacement-nodes": []}
[38;5;10m•[0m    logger.go:146: 2026-03-02T10:43:45.432-0800	INFO	disruption/queue.go:325	disrupting node(s)	{"command": "Underutilized/d8036280-e922-40f7-b146-a13432da7ae5: delete: [rabbitsnapdragon-1457-rovleplb8b, facedisco-1460-jkxd3hwpjx, butterflyshore-1466-de9l1m3qbs] (savings: $60.43)", "decision": "delete", "disrupted-node-count": 3, "replacement-node-count": 0, "pod-count": 1, "disrupted-nodes": [{"Node":{"name":"rabbitsnapdragon-1457-rovleplb8b"},"NodeClaim":{"name":"tigergeode-1455-pmikn90vt9"},"capacity-type":"on-demand","instance-type":"64-cpu-128-mem-arm64-windows-test-zone-3-on-demand"},{"Node":{"name":"facedisco-1460-jkxd3hwpjx"},"NodeClaim":{"name":"shriekmalachite-1458-qhohqzyux4"},"capacity-type":"on-demand","instance-type":"64-cpu-128-mem-arm64-windows-test-zone-3-on-demand"},{"Node":{"name":"butterflyshore-1466-de9l1m3qbs"},"NodeClaim":{"name":"carverhoney-1464-bydpkuzbnq"},"capacity-type":"on-demand","instance-type":"64-cpu-128-mem-arm64-windows-test-zone-3-on-demand"}], "replacement-nodes": []}
    logger.go:146: 2026-03-02T10:43:45.561-0800	DEBUG	disruption/queue.go:175	command succeeded	{"decision": "delete", "disrupted-node-count": 3, "replacement-node-count": 0, "pod-count": 1, "disrupted-nodes": [{"Node":{"name":"rabbitsnapdragon-1457-rovleplb8b"},"NodeClaim":{"name":"tigergeode-1455-pmikn90vt9"},"capacity-type":"on-demand","instance-type":"64-cpu-128-mem-arm64-windows-test-zone-3-on-demand"},{"Node":{"name":"facedisco-1460-jkxd3hwpjx"},"NodeClaim":{"name":"shriekmalachite-1458-qhohqzyux4"},"capacity-type":"on-demand","instance-type":"64-cpu-128-mem-arm64-windows-test-zone-3-on-demand"},{"Node":{"name":"butterflyshore-1466-de9l1m3qbs"},"NodeClaim":{"name":"carverhoney-1464-bydpkuzbnq"},"capacity-type":"on-demand","instance-type":"64-cpu-128-mem-arm64-windows-test-zone-3-on-demand"}], "replacement-nodes": []}
[38;5;10m•[0m    logger.go:146: 2026-03-02T10:43:46.155-0800	INFO	disruption/queue.go:325	disrupting node(s)	{"command": "Empty/5d1bfab1-fd98-4b50-8ebb-80f50663cdc7: delete: [hyenacomet-1560-dnixq0nsos, slavecactus-1596-zwr4l7ryzc, puppybrass-1605-37qiatgccl, raptorviolet-1608-cg3vuungb4, chillervalley-1626-zgkvqwatge, spurbronze-1551-hgt2pefzzm, graspmaze-1557-jzcvx9dajw, healerjungle-1578-clxxlxur1i, flierfancy-1581-253syjlvn5, lionpaper-1593-wfvu0zn9ga, binderjungle-1599-d63svcafxx, spurnettle-1620-utn01mbrdd, kangarootabby-1566-ry4pmbj8il, handwool-1617-fjoahp7xmx, bardpatch-1590-feomc9lcou, ocelotrose-1569-ww6xhu1nvw, gargoylevolcano-1623-4hie9ifo7l, antelopemisty-1635-9e2mhhkexi, gemmountain-1572-uyvmas2upw, gargoylethread-1632-urr28uqub8] (savings: $402.88)", "decision": "delete", "disrupted-node-count": 20, "replacement-node-count": 0, "pod-count": 0, "disrupted-nodes": [{"Node":{"name":"hyenacomet-1560-dnixq0nsos"},"NodeClaim":{"name":"snagglefootbranch-1558-wnwdnbvp0g"},"capacity-type":"on-demand","instance-type":"64-cpu-128-mem-arm64-windows-test-zone-3-on-demand"},{"Node":{"name":"slavecactus-1596-zwr4l7ryzc"},"NodeClaim":{"name":"knightcopper-1594-msu6c2tjqd"},"capacity-type":"on-demand","instance-type":"64-cpu-128-mem-arm64-windows-test-zone-3-on-demand"},{"Node":{"name":"puppybrass-1605-37qiatgccl"},"NodeClaim":{"name":"hornetring-1603-k7luzsd0d1"},"capacity-type":"on-demand","instance-type":"64-cpu-128-mem-arm64-windows-test-zone-3-on-demand"},{"Node":{"name":"raptorviolet-1608-cg3vuungb4"},"NodeClaim":{"name":"bellgreat-1606-4miolwnunh"},"capacity-type":"on-demand","instance-type":"64-cpu-128-mem-arm64-windows-test-zone-3-on-demand"},{"Node":{"name":"chillervalley-1626-zgkvqwatge"},"NodeClaim":{"name":"beakplum-1624-1pi0v4hsvs"},"capacity-type":"on-demand","instance-type":"64-cpu-128-mem-arm64-windows-test-zone-3-on-demand"},{"Node":{"name":"spurbronze-1551-hgt2pefzzm"},"NodeClaim":{"name":"talonmangrove-1549-u5njejr6rx"},"capacity-type":"on-demand","instance-type":"64-cpu-128-mem-arm64-windows-test-zone-3-on-demand"},{"Node":{"name":"graspmaze-1557-jzcvx9dajw"},"NodeClaim":{"name":"piperpurple-1555-rgcrkhihyq"},"capacity-type":"on-demand","instance-type":"64-cpu-128-mem-arm64-windows-test-zone-3-on-demand"},{"Node":{"name":"healerjungle-1578-clxxlxur1i"},"NodeClaim":{"name":"hairnova-1576-9ofsokh8el"},"capacity-type":"on-demand","instance-type":"64-cpu-128-mem-arm64-windows-test-zone-3-on-demand"},{"Node":{"name":"flierfancy-1581-253syjlvn5"},"NodeClaim":{"name":"lordbutton-1579-w2xtyxkmpg"},"capacity-type":"on-demand","instance-type":"64-cpu-128-mem-arm64-windows-test-zone-3-on-demand"},{"Node":{"name":"lionpaper-1593-wfvu0zn9ga"},"NodeClaim":{"name":"sightoasis-1591-zfuvhrbyja"},"capacity-type":"on-demand","instance-type":"64-cpu-128-mem-arm64-windows-test-zone-3-on-demand"},{"Node":{"name":"binderjungle-1599-d63svcafxx"},"NodeClaim":{"name":"speakerforest-1597-e60g0jusq1"},"capacity-type":"on-demand","instance-type":"64-cpu-128-mem-arm64-windows-test-zone-3-on-demand"},{"Node":{"name":"spurnettle-1620-utn01mbrdd"},"NodeClaim":{"name":"stormpyrite-1618-5wwigelr4b"},"capacity-type":"on-demand","instance-type":"64-cpu-128-mem-arm64-windows-test-zone-3-on-demand"},{"Node":{"name":"kangarootabby-1566-ry4pmbj8il"},"NodeClaim":{"name":"voicewest-1564-l23tng7pg5"},"capacity-type":"on-demand","instance-type":"64-cpu-128-mem-arm64-windows-test-zone-3-on-demand"},{"Node":{"name":"handwool-1617-fjoahp7xmx"},"NodeClaim":{"name":"beetlethorn-1615-k7ovwcxjek"},"capacity-type":"on-demand","instance-type":"64-cpu-128-mem-arm64-windows-test-zone-3-on-demand"},{"Node":{"name":"bardpatch-1590-feomc9lcou"},"NodeClaim":{"name":"mindtruth-1588-i2nimpn5es"},"capacity-type":"on-demand","instance-type":"64-cpu-128-mem-arm64-windows-test-zone-3-on-demand"},{"Node":{"name":"ocelotrose-1569-ww6xhu1nvw"},"NodeClaim":{"name":"speakerisland-1567-zqi0sxtpzh"},"capacity-type":"on-demand","instance-type":"64-cpu-128-mem-arm64-windows-test-zone-3-on-demand"},{"Node":{"name":"gargoylevolcano-1623-4hie9ifo7l"},"NodeClaim":{"name":"shriekstar-1621-thyc1bpbky"},"capacity-type":"on-demand","instance-type":"64-cpu-128-mem-arm64-windows-test-zone-3-on-demand"},{"Node":{"name":"antelopemisty-1635-9e2mhhkexi"},"NodeClaim":{"name":"dolphinfoil-1633-pylbxgd0gg"},"capacity-type":"on-demand","instance-type":"64-cpu-128-mem-arm64-windows-test-zone-3-on-demand"},{"Node":{"name":"gemmountain-1572-uyvmas2upw"},"NodeClaim":{"name":"leglily-1570-f22ppt7hak"},"capacity-type":"on-demand","instance-type":"64-cpu-128-mem-arm64-windows-test-zone-3-on-demand"},{"Node":{"name":"gargoylethread-1632-urr28uqub8"},"NodeClaim":{"name":"tigersquare-1630-rrwiihyqko"},"capacity-type":"on-demand","instance-type":"64-cpu-128-mem-arm64-windows-test-zone-3-on-demand"}], "replacement-nodes": []}
    logger.go:146: 2026-03-02T10:43:46.168-0800	DEBUG	disruption/queue.go:175	command succeeded	{"decision": "delete", "disrupted-node-count": 20, "replacement-node-count": 0, "pod-count": 0, "disrupted-nodes": [{"Node":{"name":"hyenacomet-1560-dnixq0nsos"},"NodeClaim":{"name":"snagglefootbranch-1558-wnwdnbvp0g"},"capacity-type":"on-demand","instance-type":"64-cpu-128-mem-arm64-windows-test-zone-3-on-demand"},{"Node":{"name":"slavecactus-1596-zwr4l7ryzc"},"NodeClaim":{"name":"knightcopper-1594-msu6c2tjqd"},"capacity-type":"on-demand","instance-type":"64-cpu-128-mem-arm64-windows-test-zone-3-on-demand"},{"Node":{"name":"puppybrass-1605-37qiatgccl"},"NodeClaim":{"name":"hornetring-1603-k7luzsd0d1"},"capacity-type":"on-demand","instance-type":"64-cpu-128-mem-arm64-windows-test-zone-3-on-demand"},{"Node":{"name":"raptorviolet-1608-cg3vuungb4"},"NodeClaim":{"name":"bellgreat-1606-4miolwnunh"},"capacity-type":"on-demand","instance-type":"64-cpu-128-mem-arm64-windows-test-zone-3-on-demand"},{"Node":{"name":"chillervalley-1626-zgkvqwatge"},"NodeClaim":{"name":"beakplum-1624-1pi0v4hsvs"},"capacity-type":"on-demand","instance-type":"64-cpu-128-mem-arm64-windows-test-zone-3-on-demand"},{"Node":{"name":"spurbronze-1551-hgt2pefzzm"},"NodeClaim":{"name":"talonmangrove-1549-u5njejr6rx"},"capacity-type":"on-demand","instance-type":"64-cpu-128-mem-arm64-windows-test-zone-3-on-demand"},{"Node":{"name":"graspmaze-1557-jzcvx9dajw"},"NodeClaim":{"name":"piperpurple-1555-rgcrkhihyq"},"capacity-type":"on-demand","instance-type":"64-cpu-128-mem-arm64-windows-test-zone-3-on-demand"},{"Node":{"name":"healerjungle-1578-clxxlxur1i"},"NodeClaim":{"name":"hairnova-1576-9ofsokh8el"},"capacity-type":"on-demand","instance-type":"64-cpu-128-mem-arm64-windows-test-zone-3-on-demand"},{"Node":{"name":"flierfancy-1581-253syjlvn5"},"NodeClaim":{"name":"lordbutton-1579-w2xtyxkmpg"},"capacity-type":"on-demand","instance-type":"64-cpu-128-mem-arm64-windows-test-zone-3-on-demand"},{"Node":{"name":"lionpaper-1593-wfvu0zn9ga"},"NodeClaim":{"name":"sightoasis-1591-zfuvhrbyja"},"capacity-type":"on-demand","instance-type":"64-cpu-128-mem-arm64-windows-test-zone-3-on-demand"},{"Node":{"name":"binderjungle-1599-d63svcafxx"},"NodeClaim":{"name":"speakerforest-1597-e60g0jusq1"},"capacity-type":"on-demand","instance-type":"64-cpu-128-mem-arm64-windows-test-zone-3-on-demand"},{"Node":{"name":"spurnettle-1620-utn01mbrdd"},"NodeClaim":{"name":"stormpyrite-1618-5wwigelr4b"},"capacity-type":"on-demand","instance-type":"64-cpu-128-mem-arm64-windows-test-zone-3-on-demand"},{"Node":{"name":"kangarootabby-1566-ry4pmbj8il"},"NodeClaim":{"name":"voicewest-1564-l23tng7pg5"},"capacity-type":"on-demand","instance-type":"64-cpu-128-mem-arm64-windows-test-zone-3-on-demand"},{"Node":{"name":"handwool-1617-fjoahp7xmx"},"NodeClaim":{"name":"beetlethorn-1615-k7ovwcxjek"},"capacity-type":"on-demand","instance-type":"64-cpu-128-mem-arm64-windows-test-zone-3-on-demand"},{"Node":{"name":"bardpatch-1590-feomc9lcou"},"NodeClaim":{"name":"mindtruth-1588-i2nimpn5es"},"capacity-type":"on-demand","instance-type":"64-cpu-128-mem-arm64-windows-test-zone-3-on-demand"},{"Node":{"name":"ocelotrose-1569-ww6xhu1nvw"},"NodeClaim":{"name":"speakerisland-1567-zqi0sxtpzh"},"capacity-type":"on-demand","instance-type":"64-cpu-128-mem-arm64-windows-test-zone-3-on-demand"},{"Node":{"name":"gargoylevolcano-1623-4hie9ifo7l"},"NodeClaim":{"name":"shriekstar-1621-thyc1bpbky"},"capacity-type":"on-demand","instance-type":"64-cpu-128-mem-arm64-windows-test-zone-3-on-demand"},{"Node":{"name":"antelopemisty-1635-9e2mhhkexi"},"NodeClaim":{"name":"dolphinfoil-1633-pylbxgd0gg"},"capacity-type":"on-demand","instance-type":"64-cpu-128-mem-arm64-windows-test-zone-3-on-demand"},{"Node":{"name":"gemmountain-1572-uyvmas2upw"},"NodeClaim":{"name":"leglily-1570-f22ppt7hak"},"capacity-type":"on-demand","instance-type":"64-cpu-128-mem-arm64-windows-test-zone-3-on-demand"},{"Node":{"name":"gargoylethread-1632-urr28uqub8"},"NodeClaim":{"name":"tigersquare-1630-rrwiihyqko"},"capacity-type":"on-demand","instance-type":"64-cpu-128-mem-arm64-windows-test-zone-3-on-demand"}], "replacement-nodes": []}
[38;5;10m•[0m    logger.go:146: 2026-03-02T10:43:46.859-0800	INFO	disruption/queue.go:325	disrupting node(s)	{"command": "Empty/61601a11-0cf5-4695-8077-2514a484745f: delete: [leopardsour-1737-jdonlsvs54, griffindestiny-1743-gxgotod56x, flyfierce-1749-spoouyyf2g, buffalobird-1752-i4ujtojnbu, markplum-1725-s1gyyweann, jaguarlove-1740-jw9uvt07bt, mindheavy-1779-ko501xnvnm, paintermirage-1782-gqnxjxvuot, lifteraquamarine-1776-vkovjirgid, walkerbald-1758-i4whz6qonw, twistersequoia-1719-wnh5yyxjst, masterstorm-1734-bqfggdunbc, boasun-1746-glbrrv550o, piratelight-1755-kmfsuv3we6, dartchestnut-1761-rt2wdz3xqo, beakshard-1785-meerh5mnfl, kickerround-1731-xptswnembp, parrotbrave-1704-7ymbcnmf64, snagglefootorange-1764-dxzrtrlwu4, whalewest-1767-i9etvr8vv9, throatmeteor-1788-oprkardcrz, mindspot-1707-zm2czvwwjj, mareluck-1710-ur9lfqzlsr, stonechisel-1713-4l4w3hfa3g, griffinblue-1716-c6cvq4ygtp, harefringe-1722-9h5wnpunfd, gemsunset-1728-g8hxalaexz, bitegrove-1773-4tbhuvuv6c, knightlime-1701-cd6vq9trsl, kingsunrise-1770-04ambvmet4] (savings: $604.32)", "decision": "delete", "disrupted-node-count": 30, "replacement-node-count": 0, "pod-count": 0, "disrupted-nodes": [{"Node":{"name":"leopardsour-1737-jdonlsvs54"},"NodeClaim":{"name":"roarcyber-1735-qtz6rh3ay8"},"capacity-type":"on-demand","instance-type":"64-cpu-128-mem-arm64-windows-test-zone-3-on-demand"},{"Node":{"name":"griffindestiny-1743-gxgotod56x"},"NodeClaim":{"name":"racermirage-1741-9fusxx7iqw"},"capacity-type":"on-demand","instance-type":"64-cpu-128-mem-arm64-windows-test-zone-3-on-demand"},{"Node":{"name":"flyfierce-1749-spoouyyf2g"},"NodeClaim":{"name":"buffalothunder-1747-3ye8ghxy4n"},"capacity-type":"on-demand","instance-type":"64-cpu-128-mem-arm64-windows-test-zone-3-on-demand"},{"Node":{"name":"buffalobird-1752-i4ujtojnbu"},"NodeClaim":{"name":"followernettle-1750-afi4tjly1i"},"capacity-type":"on-demand","instance-type":"64-cpu-128-mem-arm64-windows-test-zone-3-on-demand"},{"Node":{"name":"markplum-1725-s1gyyweann"},"NodeClaim":{"name":"loongiant-1723-sko4gjefrg"},"capacity-type":"on-demand","instance-type":"64-cpu-128-mem-arm64-windows-test-zone-3-on-demand"},{"Node":{"name":"jaguarlove-1740-jw9uvt07bt"},"NodeClaim":{"name":"seerplanet-1738-iwlegoytdv"},"capacity-type":"on-demand","instance-type":"64-cpu-128-mem-arm64-windows-test-zone-3-on-demand"},{"Node":{"name":"mindheavy-1779-ko501xnvnm"},"NodeClaim":{"name":"craftermercury-1777-b5gcpmqjrb"},"capacity-type":"on-demand","instance-type":"64-cpu-128-mem-arm64-windows-test-zone-3-on-demand"},{"Node":{"name":"paintermirage-1782-gqnxjxvuot"},"NodeClaim":{"name":"deathnorth-1780-tx8lbeglhs"},"capacity-type":"on-demand","instance-type":"64-cpu-128-mem-arm64-windows-test-zone-3-on-demand"},{"Node":{"name":"lifteraquamarine-1776-vkovjirgid"},"NodeClaim":{"name":"scribesteel-1774-fqxjoqppkm"},"capacity-type":"on-demand","instance-type":"64-cpu-128-mem-arm64-windows-test-zone-3-on-demand"},{"Node":{"name":"walkerbald-1758-i4whz6qonw"},"NodeClaim":{"name":"weaselleather-1756-ltj4zdnu06"},"capacity-type":"on-demand","instance-type":"64-cpu-128-mem-arm64-windows-test-zone-3-on-demand"},{"Node":{"name":"twistersequoia-1719-wnh5yyxjst"},"NodeClaim":{"name":"vipershine-1717-ea8r8tuccg"},"capacity-type":"on-demand","instance-type":"64-cpu-128-mem-arm64-windows-test-zone-3-on-demand"},{"Node":{"name":"masterstorm-1734-bqfggdunbc"},"NodeClaim":{"name":"flameebony-1732-cgn6eh8hw3"},"capacity-type":"on-demand","instance-type":"64-cpu-128-mem-arm64-windows-test-zone-3-on-demand"},{"Node":{"name":"boasun-1746-glbrrv550o"},"NodeClaim":{"name":"kinghorn-1744-v5scnkulny"},"capacity-type":"on-demand","instance-type":"64-cpu-128-mem-arm64-windows-test-zone-3-on-demand"},{"Node":{"name":"piratelight-1755-kmfsuv3we6"},"NodeClaim":{"name":"jayequinox-1753-yd9ly2qhwg"},"capacity-type":"on-demand","instance-type":"64-cpu-128-mem-arm64-windows-test-zone-3-on-demand"},{"Node":{"name":"dartchestnut-1761-rt2wdz3xqo"},"NodeClaim":{"name":"battrail-1759-dcgul9zas7"},"capacity-type":"on-demand","instance-type":"64-cpu-128-mem-arm64-windows-test-zone-3-on-demand"},{"Node":{"name":"beakshard-1785-meerh5mnfl"},"NodeClaim":{"name":"followerchocolate-1783-eb2lk3dkgc"},"capacity-type":"on-demand","instance-type":"64-cpu-128-mem-arm64-windows-test-zone-3-on-demand"},{"Node":{"name":"kickerround-1731-xptswnembp"},"NodeClaim":{"name":"toucanash-1729-ftomy9wax3"},"capacity-type":"on-demand","instance-type":"64-cpu-128-mem-arm64-windows-test-zone-3-on-demand"},{"Node":{"name":"parrotbrave-1704-7ymbcnmf64"},"NodeClaim":{"name":"snappersly-1702-obk25ee545"},"capacity-type":"on-demand","instance-type":"64-cpu-128-mem-arm64-windows-test-zone-3-on-demand"},{"Node":{"name":"snagglefootorange-1764-dxzrtrlwu4"},"NodeClaim":{"name":"neckribbon-1762-zvbsksbd6j"},"capacity-type":"on-demand","instance-type":"64-cpu-128-mem-arm64-windows-test-zone-3-on-demand"},{"Node":{"name":"whalewest-1767-i9etvr8vv9"},"NodeClaim":{"name":"touchpuzzle-1765-ex8btlbmcq"},"capacity-type":"on-demand","instance-type":"64-cpu-128-mem-arm64-windows-test-zone-3-on-demand"},{"Node":{"name":"throatmeteor-1788-oprkardcrz"},"NodeClaim":{"name":"geckojewel-1786-21z5jyepo2"},"capacity-type":"on-demand","instance-type":"64-cpu-128-mem-arm64-windows-test-zone-3-on-demand"},{"Node":{"name":"mindspot-1707-zm2czvwwjj"},"NodeClaim":{"name":"mothshard-1705-jyl75ypjbv"},"capacity-type":"on-demand","instance-type":"64-cpu-128-mem-arm64-windows-test-zone-3-on-demand"},{"Node":{"name":"mareluck-1710-ur9lfqzlsr"},"NodeClaim":{"name":"dropspeckle-1708-jsj40lfcvx"},"capacity-type":"on-demand","instance-type":"64-cpu-128-mem-arm64-windows-test-zone-3-on-demand"},{"Node":{"name":"stonechisel-1713-4l4w3hfa3g"},"NodeClaim":{"name":"ladysilver-1711-6xwtwqkjeo"},"capacity-type":"on-demand","instance-type":"64-cpu-128-mem-arm64-windows-test-zone-3-on-demand"},{"Node":{"name":"griffinblue-1716-c6cvq4ygtp"},"NodeClaim":{"name":"weaselquasar-1714-ka4vtaujfd"},"capacity-type":"on-demand","instance-type":"64-cpu-128-mem-arm64-windows-test-zone-3-on-demand"},{"Node":{"name":"harefringe-1722-9h5wnpunfd"},"NodeClaim":{"name":"birdcandy-1720-qq83vye7eq"},"capacity-type":"on-demand","instance-type":"64-cpu-128-mem-arm64-windows-test-zone-3-on-demand"},{"Node":{"name":"gemsunset-1728-g8hxalaexz"},"NodeClaim":{"name":"donkeyjewel-1726-i8rmersgfh"},"capacity-type":"on-demand","instance-type":"64-cpu-128-mem-arm64-windows-test-zone-3-on-demand"},{"Node":{"name":"bitegrove-1773-4tbhuvuv6c"},"NodeClaim":{"name":"roverwool-1771-djbs5thd2s"},"capacity-type":"on-demand","instance-type":"64-cpu-128-mem-arm64-windows-test-zone-3-on-demand"},{"Node":{"name":"knightlime-1701-cd6vq9trsl"},"NodeClaim":{"name":"slicerforest-1699-xfaabvzxzm"},"capacity-type":"on-demand","instance-type":"64-cpu-128-mem-arm64-windows-test-zone-3-on-demand"},{"Node":{"name":"kingsunrise-1770-04ambvmet4"},"NodeClaim":{"name":"lynxfir-1768-hsnob0fhcg"},"capacity-type":"on-demand","instance-type":"64-cpu-128-mem-arm64-windows-test-zone-3-on-demand"}], "replacement-nodes": []}
    logger.go:146: 2026-03-02T10:43:46.878-0800	DEBUG	disruption/queue.go:175	command succeeded	{"decision": "delete", "disrupted-node-count": 30, "replacement-node-count": 0, "pod-count": 0, "disrupted-nodes": [{"Node":{"name":"leopardsour-1737-jdonlsvs54"},"NodeClaim":{"name":"roarcyber-1735-qtz6rh3ay8"},"capacity-type":"on-demand","instance-type":"64-cpu-128-mem-arm64-windows-test-zone-3-on-demand"},{"Node":{"name":"griffindestiny-1743-gxgotod56x"},"NodeClaim":{"name":"racermirage-1741-9fusxx7iqw"},"capacity-type":"on-demand","instance-type":"64-cpu-128-mem-arm64-windows-test-zone-3-on-demand"},{"Node":{"name":"flyfierce-1749-spoouyyf2g"},"NodeClaim":{"name":"buffalothunder-1747-3ye8ghxy4n"},"capacity-type":"on-demand","instance-type":"64-cpu-128-mem-arm64-windows-test-zone-3-on-demand"},{"Node":{"name":"buffalobird-1752-i4ujtojnbu"},"NodeClaim":{"name":"followernettle-1750-afi4tjly1i"},"capacity-type":"on-demand","instance-type":"64-cpu-128-mem-arm64-windows-test-zone-3-on-demand"},{"Node":{"name":"markplum-1725-s1gyyweann"},"NodeClaim":{"name":"loongiant-1723-sko4gjefrg"},"capacity-type":"on-demand","instance-type":"64-cpu-128-mem-arm64-windows-test-zone-3-on-demand"},{"Node":{"name":"jaguarlove-1740-jw9uvt07bt"},"NodeClaim":{"name":"seerplanet-1738-iwlegoytdv"},"capacity-type":"on-demand","instance-type":"64-cpu-128-mem-arm64-windows-test-zone-3-on-demand"},{"Node":{"name":"mindheavy-1779-ko501xnvnm"},"NodeClaim":{"name":"craftermercury-1777-b5gcpmqjrb"},"capacity-type":"on-demand","instance-type":"64-cpu-128-mem-arm64-windows-test-zone-3-on-demand"},{"Node":{"name":"paintermirage-1782-gqnxjxvuot"},"NodeClaim":{"name":"deathnorth-1780-tx8lbeglhs"},"capacity-type":"on-demand","instance-type":"64-cpu-128-mem-arm64-windows-test-zone-3-on-demand"},{"Node":{"name":"lifteraquamarine-1776-vkovjirgid"},"NodeClaim":{"name":"scribesteel-1774-fqxjoqppkm"},"capacity-type":"on-demand","instance-type":"64-cpu-128-mem-arm64-windows-test-zone-3-on-demand"},{"Node":{"name":"walkerbald-1758-i4whz6qonw"},"NodeClaim":{"name":"weaselleather-1756-ltj4zdnu06"},"capacity-type":"on-demand","instance-type":"64-cpu-128-mem-arm64-windows-test-zone-3-on-demand"},{"Node":{"name":"twistersequoia-1719-wnh5yyxjst"},"NodeClaim":{"name":"vipershine-1717-ea8r8tuccg"},"capacity-type":"on-demand","instance-type":"64-cpu-128-mem-arm64-windows-test-zone-3-on-demand"},{"Node":{"name":"masterstorm-1734-bqfggdunbc"},"NodeClaim":{"name":"flameebony-1732-cgn6eh8hw3"},"capacity-type":"on-demand","instance-type":"64-cpu-128-mem-arm64-windows-test-zone-3-on-demand"},{"Node":{"name":"boasun-1746-glbrrv550o"},"NodeClaim":{"name":"kinghorn-1744-v5scnkulny"},"capacity-type":"on-demand","instance-type":"64-cpu-128-mem-arm64-windows-test-zone-3-on-demand"},{"Node":{"name":"piratelight-1755-kmfsuv3we6"},"NodeClaim":{"name":"jayequinox-1753-yd9ly2qhwg"},"capacity-type":"on-demand","instance-type":"64-cpu-128-mem-arm64-windows-test-zone-3-on-demand"},{"Node":{"name":"dartchestnut-1761-rt2wdz3xqo"},"NodeClaim":{"name":"battrail-1759-dcgul9zas7"},"capacity-type":"on-demand","instance-type":"64-cpu-128-mem-arm64-windows-test-zone-3-on-demand"},{"Node":{"name":"beakshard-1785-meerh5mnfl"},"NodeClaim":{"name":"followerchocolate-1783-eb2lk3dkgc"},"capacity-type":"on-demand","instance-type":"64-cpu-128-mem-arm64-windows-test-zone-3-on-demand"},{"Node":{"name":"kickerround-1731-xptswnembp"},"NodeClaim":{"name":"toucanash-1729-ftomy9wax3"},"capacity-type":"on-demand","instance-type":"64-cpu-128-mem-arm64-windows-test-zone-3-on-demand"},{"Node":{"name":"parrotbrave-1704-7ymbcnmf64"},"NodeClaim":{"name":"snappersly-1702-obk25ee545"},"capacity-type":"on-demand","instance-type":"64-cpu-128-mem-arm64-windows-test-zone-3-on-demand"},{"Node":{"name":"snagglefootorange-1764-dxzrtrlwu4"},"NodeClaim":{"name":"neckribbon-1762-zvbsksbd6j"},"capacity-type":"on-demand","instance-type":"64-cpu-128-mem-arm64-windows-test-zone-3-on-demand"},{"Node":{"name":"whalewest-1767-i9etvr8vv9"},"NodeClaim":{"name":"touchpuzzle-1765-ex8btlbmcq"},"capacity-type":"on-demand","instance-type":"64-cpu-128-mem-arm64-windows-test-zone-3-on-demand"},{"Node":{"name":"throatmeteor-1788-oprkardcrz"},"NodeClaim":{"name":"geckojewel-1786-21z5jyepo2"},"capacity-type":"on-demand","instance-type":"64-cpu-128-mem-arm64-windows-test-zone-3-on-demand"},{"Node":{"name":"mindspot-1707-zm2czvwwjj"},"NodeClaim":{"name":"mothshard-1705-jyl75ypjbv"},"capacity-type":"on-demand","instance-type":"64-cpu-128-mem-arm64-windows-test-zone-3-on-demand"},{"Node":{"name":"mareluck-1710-ur9lfqzlsr"},"NodeClaim":{"name":"dropspeckle-1708-jsj40lfcvx"},"capacity-type":"on-demand","instance-type":"64-cpu-128-mem-arm64-windows-test-zone-3-on-demand"},{"Node":{"name":"stonechisel-1713-4l4w3hfa3g"},"NodeClaim":{"name":"ladysilver-1711-6xwtwqkjeo"},"capacity-type":"on-demand","instance-type":"64-cpu-128-mem-arm64-windows-test-zone-3-on-demand"},{"Node":{"name":"griffinblue-1716-c6cvq4ygtp"},"NodeClaim":{"name":"weaselquasar-1714-ka4vtaujfd"},"capacity-type":"on-demand","instance-type":"64-cpu-128-mem-arm64-windows-test-zone-3-on-demand"},{"Node":{"name":"harefringe-1722-9h5wnpunfd"},"NodeClaim":{"name":"birdcandy-1720-qq83vye7eq"},"capacity-type":"on-demand","instance-type":"64-cpu-128-mem-arm64-windows-test-zone-3-on-demand"},{"Node":{"name":"gemsunset-1728-g8hxalaexz"},"NodeClaim":{"name":"donkeyjewel-1726-i8rmersgfh"},"capacity-type":"on-demand","instance-type":"64-cpu-128-mem-arm64-windows-test-zone-3-on-demand"},{"Node":{"name":"bitegrove-1773-4tbhuvuv6c"},"NodeClaim":{"name":"roverwool-1771-djbs5thd2s"},"capacity-type":"on-demand","instance-type":"64-cpu-128-mem-arm64-windows-test-zone-3-on-demand"},{"Node":{"name":"knightlime-1701-cd6vq9trsl"},"NodeClaim":{"name":"slicerforest-1699-xfaabvzxzm"},"capacity-type":"on-demand","instance-type":"64-cpu-128-mem-arm64-windows-test-zone-3-on-demand"},{"Node":{"name":"kingsunrise-1770-04ambvmet4"},"NodeClaim":{"name":"lynxfir-1768-hsnob0fhcg"},"capacity-type":"on-demand","instance-type":"64-cpu-128-mem-arm64-windows-test-zone-3-on-demand"}], "replacement-nodes": []}
[38;5;10m•[0m[38;5;10m•[0m[38;5;10m•[0m[38;5;10m•[0m[38;5;10m•[0m[38;5;10m•[0m[38;5;10m•[0m[38;5;10m•[0m    logger.go:146: 2026-03-02T10:43:50.482-0800	INFO	disruption/queue.go:325	disrupting node(s)	{"command": "Underutilized/88a050fe-62c4-4838-a40c-607a59ee7456: replace: [riderwhip-2513-r7unccsr1w] -> [1 replacement] (savings: $19.94)", "decision": "replace", "disrupted-node-count": 1, "replacement-node-count": 1, "pod-count": 1, "disrupted-nodes": [{"Node":{"name":"riderwhip-2513-r7unccsr1w"},"NodeClaim":{"name":"swallowplanet-2511-unflmvqy7n"},"capacity-type":"on-demand","instance-type":"64-cpu-128-mem-arm64-windows-test-zone-3-on-demand"}], "replacement-nodes": [{"capacity-type":"spot","instance-types":"1-cpu-1-mem-amd64-linux-test-zone-1-spot, 1-cpu-1-mem-amd64-windows-test-zone-2-spot, 1-cpu-1-mem-amd64-windows-test-zone-1-spot, 1-cpu-1-mem-arm64-windows-test-zone-1-spot, 1-cpu-1-mem-amd64-linux-test-zone-1-on-demand and 595 other(s)"}]}
    logger.go:146: 2026-03-02T10:43:50.490-0800	INFO	provisioning/provisioner.go:438	created nodeclaim	{"NodePool": {"name":"deerchatter-2509-mucpbrx0pr"}, "NodeClaim": {"name":"deerchatter-2509-mucpbrx0pr-vhhmh"}, "requests": {"pods":"1"}, "instance-types": "1-cpu-1-mem-amd64-linux-test-zone-1-on-demand, 1-cpu-1-mem-amd64-linux-test-zone-1-spot, 1-cpu-1-mem-amd64-linux-test-zone-2-on-demand, 1-cpu-1-mem-amd64-linux-test-zone-2-spot, 1-cpu-1-mem-amd64-linux-test-zone-3-on-demand and 595 other(s)"}
    logger.go:146: 2026-03-02T10:43:50.581-0800	DEBUG	disruption/queue.go:175	command succeeded	{"decision": "replace", "disrupted-node-count": 1, "replacement-node-count": 1, "pod-count": 1, "disrupted-nodes": [{"Node":{"name":"riderwhip-2513-r7unccsr1w"},"NodeClaim":{"name":"swallowplanet-2511-unflmvqy7n"},"capacity-type":"on-demand","instance-type":"64-cpu-128-mem-arm64-windows-test-zone-3-on-demand"}], "replacement-nodes": [{"capacity-type":"spot","instance-types":"1-cpu-1-mem-amd64-windows-test-zone-3-spot, 1-cpu-1-mem-amd64-windows-test-zone-2-spot, 1-cpu-1-mem-amd64-windows-test-zone-1-spot, 1-cpu-1-mem-arm64-windows-test-zone-1-spot, 1-cpu-1-mem-amd64-linux-test-zone-1-spot and 595 other(s)"}]}
[38;5;10m•[0m    logger.go:146: 2026-03-02T10:43:50.814-0800	INFO	disruption/queue.go:325	disrupting node(s)	{"command": "Underutilized/f1f31892-7e18-40b2-9cc2-434bf2d45288: replace: [bunnyvine-2529-w3o6fbznaj] -> [1 replacement] (savings: $19.94)", "decision": "replace", "disrupted-node-count": 1, "replacement-node-count": 1, "pod-count": 1, "disrupted-nodes": [{"Node":{"name":"bunnyvine-2529-w3o6fbznaj"},"NodeClaim":{"name":"dragonpebble-2527-njt3uc9ss3"},"capacity-type":"spot","instance-type":"64-cpu-128-mem-arm64-windows-test-zone-3-spot"}], "replacement-nodes": [{"capacity-type":"spot","instance-types":"1-cpu-1-mem-amd64-linux-test-zone-1-spot, 1-cpu-1-mem-amd64-windows-test-zone-2-spot, 1-cpu-1-mem-amd64-windows-test-zone-1-spot, 1-cpu-1-mem-arm64-windows-test-zone-1-spot, 1-cpu-1-mem-amd64-linux-test-zone-2-spot and 10 other(s)"}]}
    logger.go:146: 2026-03-02T10:43:50.820-0800	INFO	provisioning/provisioner.go:438	created nodeclaim	{"NodePool": {"name":"razoraquamarine-2522-oysoeqigok"}, "NodeClaim": {"name":"razoraquamarine-2522-oysoeqigok-cvfvp"}, "requests": {"pods":"1"}, "instance-types": "1-cpu-1-mem-amd64-linux-test-zone-1-spot, 1-cpu-1-mem-amd64-linux-test-zone-2-spot, 1-cpu-1-mem-amd64-linux-test-zone-3-spot, 1-cpu-1-mem-amd64-windows-test-zone-1-spot, 1-cpu-1-mem-amd64-windows-test-zone-2-spot and 10 other(s)"}
    logger.go:146: 2026-03-02T10:43:50.881-0800	DEBUG	disruption/queue.go:175	command succeeded	{"decision": "replace", "disrupted-node-count": 1, "replacement-node-count": 1, "pod-count": 1, "disrupted-nodes": [{"Node":{"name":"bunnyvine-2529-w3o6fbznaj"},"NodeClaim":{"name":"dragonpebble-2527-njt3uc9ss3"},"capacity-type":"spot","instance-type":"64-cpu-128-mem-arm64-windows-test-zone-3-spot"}], "replacement-nodes": [{"capacity-type":"spot","instance-types":"1-cpu-1-mem-amd64-linux-test-zone-1-spot, 1-cpu-1-mem-amd64-windows-test-zone-2-spot, 1-cpu-1-mem-amd64-windows-test-zone-1-spot, 1-cpu-1-mem-arm64-windows-test-zone-1-spot, 1-cpu-1-mem-amd64-linux-test-zone-2-spot and 10 other(s)"}]}
[38;5;10m•[0m[38;5;10m•[0m[38;5;10m•[0m[38;5;10m•[0m    logger.go:146: 2026-03-02T10:43:51.693-0800	INFO	disruption/queue.go:325	disrupting node(s)	{"command": "Underutilized/65b16161-c84a-4782-a8d8-ae52474c66f7: replace: [napeshag-2578-hqiq0outzm] -> [1 replacement] (savings: $2.70)", "decision": "replace", "disrupted-node-count": 1, "replacement-node-count": 1, "pod-count": 1, "disrupted-nodes": [{"Node":{"name":"napeshag-2578-hqiq0outzm"},"NodeClaim":{"name":"hawkpear-2576-i6hhaerarn"},"capacity-type":"spot","instance-type":"1-cpu-2-mem-arm64-linux-test-zone-2-spot"}], "replacement-nodes": [{"capacity-type":"spot","instance-types":"1-cpu-2-mem-amd64-linux-test-zone-2-spot, 1-cpu-1-mem-amd64-linux-test-zone-1-spot, 1-cpu-1-mem-arm64-linux-test-zone-1-spot, 1-cpu-1-mem-amd64-windows-test-zone-1-spot, 1-cpu-1-mem-arm64-windows-test-zone-1-spot and 10 other(s)"}]}
    logger.go:146: 2026-03-02T10:43:51.701-0800	INFO	provisioning/provisioner.go:438	created nodeclaim	{"NodePool": {"name":"lightningiris-2571-xtyjs7vokb"}, "NodeClaim": {"name":"lightningiris-2571-xtyjs7vokb-8sch8"}, "requests": {"pods":"1"}, "instance-types": "1-cpu-1-mem-amd64-linux-test-zone-1-spot, 1-cpu-1-mem-amd64-linux-test-zone-2-spot, 1-cpu-1-mem-amd64-linux-test-zone-3-spot, 1-cpu-1-mem-amd64-windows-test-zone-1-spot, 1-cpu-1-mem-amd64-windows-test-zone-2-spot and 10 other(s)"}
    logger.go:146: 2026-03-02T10:43:51.749-0800	DEBUG	disruption/queue.go:175	command succeeded	{"decision": "replace", "disrupted-node-count": 1, "replacement-node-count": 1, "pod-count": 1, "disrupted-nodes": [{"Node":{"name":"napeshag-2578-hqiq0outzm"},"NodeClaim":{"name":"hawkpear-2576-i6hhaerarn"},"capacity-type":"spot","instance-type":"1-cpu-2-mem-arm64-linux-test-zone-2-spot"}], "replacement-nodes": [{"capacity-type":"spot","instance-types":"1-cpu-2-mem-amd64-linux-test-zone-2-spot, 1-cpu-1-mem-amd64-linux-test-zone-1-spot, 1-cpu-1-mem-arm64-linux-test-zone-1-spot, 1-cpu-1-mem-amd64-windows-test-zone-1-spot, 1-cpu-1-mem-arm64-windows-test-zone-1-spot and 10 other(s)"}]}
[38;5;10m•[0m    logger.go:146: 2026-03-02T10:43:51.952-0800	INFO	disruption/queue.go:325	disrupting node(s)	{"command": "Underutilized/d9bc3449-0e35-441d-8134-35ae20f1e572: replace: [raccoonmire-2591-53f3nm3f1o] -> [1 replacement] (savings: $2.70)", "decision": "replace", "disrupted-node-count": 1, "replacement-node-count": 1, "pod-count": 1, "disrupted-nodes": [{"Node":{"name":"raccoonmire-2591-53f3nm3f1o"},"NodeClaim":{"name":"bearbasalt-2589-vso4n2e4dq"},"capacity-type":"spot","instance-type":"1-cpu-2-mem-arm64-linux-test-zone-2-spot"}], "replacement-nodes": [{"capacity-type":"spot","instance-types":"1-cpu-2-mem-amd64-linux-test-zone-2-spot, 1-cpu-1-mem-amd64-linux-test-zone-1-spot, 1-cpu-1-mem-arm64-linux-test-zone-1-spot, 1-cpu-1-mem-amd64-windows-test-zone-1-spot, 1-cpu-1-mem-arm64-windows-test-zone-1-spot and 11 other(s)"}]}
    logger.go:146: 2026-03-02T10:43:51.958-0800	INFO	provisioning/provisioner.go:438	created nodeclaim	{"NodePool": {"name":"shoulderspring-2584-pvbjgbiqk1"}, "NodeClaim": {"name":"shoulderspring-2584-pvbjgbiqk1-4pk2j"}, "requests": {"pods":"1"}, "instance-types": "1-cpu-1-mem-amd64-linux-test-zone-1-spot, 1-cpu-1-mem-amd64-linux-test-zone-2-spot, 1-cpu-1-mem-amd64-linux-test-zone-3-spot, 1-cpu-1-mem-amd64-windows-test-zone-1-spot, 1-cpu-1-mem-amd64-windows-test-zone-2-spot and 11 other(s)"}
    logger.go:146: 2026-03-02T10:43:52.055-0800	DEBUG	disruption/queue.go:175	command succeeded	{"decision": "replace", "disrupted-node-count": 1, "replacement-node-count": 1, "pod-count": 1, "disrupted-nodes": [{"Node":{"name":"raccoonmire-2591-53f3nm3f1o"},"NodeClaim":{"name":"bearbasalt-2589-vso4n2e4dq"},"capacity-type":"spot","instance-type":"1-cpu-2-mem-arm64-linux-test-zone-2-spot"}], "replacement-nodes": [{"capacity-type":"spot","instance-types":"1-cpu-2-mem-amd64-linux-test-zone-2-spot, 1-cpu-1-mem-amd64-linux-test-zone-1-spot, 1-cpu-1-mem-arm64-linux-test-zone-1-spot, 1-cpu-1-mem-amd64-windows-test-zone-1-spot, 1-cpu-1-mem-arm64-windows-test-zone-1-spot and 11 other(s)"}]}
[38;5;10m•[0m    logger.go:146: 2026-03-02T10:43:52.284-0800	INFO	disruption/queue.go:325	disrupting node(s)	{"command": "Underutilized/0989e2d9-287a-4f1d-a640-457075c5f7ac: delete: [touchcopper-2607-n4yws94hq9] (savings: $0.50)", "decision": "delete", "disrupted-node-count": 1, "replacement-node-count": 0, "pod-count": 1, "disrupted-nodes": [{"Node":{"name":"touchcopper-2607-n4yws94hq9"},"NodeClaim":{"name":"elfstar-2605-crx9am5gws"},"capacity-type":"on-demand","instance-type":"current-on-demand"}], "replacement-nodes": []}
    logger.go:146: 2026-03-02T10:43:52.288-0800	DEBUG	disruption/queue.go:175	command succeeded	{"decision": "delete", "disrupted-node-count": 1, "replacement-node-count": 0, "pod-count": 1, "disrupted-nodes": [{"Node":{"name":"touchcopper-2607-n4yws94hq9"},"NodeClaim":{"name":"elfstar-2605-crx9am5gws"},"capacity-type":"on-demand","instance-type":"current-on-demand"}], "replacement-nodes": []}
[38;5;10m•[0m    logger.go:146: 2026-03-02T10:43:52.479-0800	INFO	disruption/queue.go:325	disrupting node(s)	{"command": "Underutilized/6d6eb981-f511-422f-b2b8-68e2c048d629: replace: [noseshell-2629-iebpco4o9m] -> [1 replacement] (savings: $2.70)", "decision": "replace", "disrupted-node-count": 1, "replacement-node-count": 1, "pod-count": 1, "disrupted-nodes": [{"Node":{"name":"noseshell-2629-iebpco4o9m"},"NodeClaim":{"name":"stalkerpink-2627-b56v0kssbn"},"capacity-type":"spot","instance-type":"1-cpu-2-mem-arm64-linux-test-zone-2-spot"}], "replacement-nodes": [{"capacity-type":"spot","instance-types":"1-cpu-2-mem-amd64-linux-test-zone-2-spot, 1-cpu-1-mem-amd64-linux-test-zone-1-spot, 1-cpu-1-mem-arm64-linux-test-zone-1-spot, 1-cpu-1-mem-amd64-windows-test-zone-1-spot, 1-cpu-1-mem-arm64-windows-test-zone-1-spot and 10 other(s)"}]}
    logger.go:146: 2026-03-02T10:43:52.485-0800	INFO	provisioning/provisioner.go:438	created nodeclaim	{"NodePool": {"name":"thunderbubble-2622-dp7obxzeec"}, "NodeClaim": {"name":"thunderbubble-2622-dp7obxzeec-sw75f"}, "requests": {"pods":"1"}, "instance-types": "1-cpu-1-mem-amd64-linux-test-zone-1-spot, 1-cpu-1-mem-amd64-linux-test-zone-2-spot, 1-cpu-1-mem-amd64-linux-test-zone-3-spot, 1-cpu-1-mem-amd64-windows-test-zone-1-spot, 1-cpu-1-mem-amd64-windows-test-zone-2-spot and 10 other(s)"}
    logger.go:146: 2026-03-02T10:43:52.577-0800	DEBUG	disruption/queue.go:175	command succeeded	{"decision": "replace", "disrupted-node-count": 1, "replacement-node-count": 1, "pod-count": 1, "disrupted-nodes": [{"Node":{"name":"noseshell-2629-iebpco4o9m"},"NodeClaim":{"name":"stalkerpink-2627-b56v0kssbn"},"capacity-type":"spot","instance-type":"1-cpu-2-mem-arm64-linux-test-zone-2-spot"}], "replacement-nodes": [{"capacity-type":"spot","instance-types":"1-cpu-2-mem-amd64-linux-test-zone-2-spot, 1-cpu-1-mem-amd64-linux-test-zone-1-spot, 1-cpu-1-mem-arm64-linux-test-zone-1-spot, 1-cpu-1-mem-amd64-windows-test-zone-1-spot, 1-cpu-1-mem-arm64-windows-test-zone-1-spot and 10 other(s)"}]}
[38;5;10m•[0m[38;5;10m•[0m[38;5;10m•[0m    logger.go:146: 2026-03-02T10:43:53.091-0800	INFO	disruption/queue.go:325	disrupting node(s)	{"command": "Underutilized/4125bf8d-3a5e-43ec-b087-a99873d7afdb: replace: [deerplum-2663-rinu9if690] -> [1 replacement] (savings: $19.94)", "decision": "replace", "disrupted-node-count": 1, "replacement-node-count": 1, "pod-count": 1, "disrupted-nodes": [{"Node":{"name":"deerplum-2663-rinu9if690"},"NodeClaim":{"name":"ogrerogue-2661-k2ivvmdmjc"},"capacity-type":"on-demand","instance-type":"64-cpu-128-mem-arm64-windows-test-zone-3-on-demand"}], "replacement-nodes": [{"capacity-type":"spot","instance-types":"1-cpu-1-mem-amd64-linux-test-zone-1-spot, 1-cpu-1-mem-amd64-windows-test-zone-2-spot, 1-cpu-1-mem-amd64-windows-test-zone-1-spot, 1-cpu-1-mem-arm64-windows-test-zone-1-spot, 1-cpu-1-mem-amd64-linux-test-zone-1-on-demand and 595 other(s)"}]}
    logger.go:146: 2026-03-02T10:43:53.101-0800	INFO	provisioning/provisioner.go:438	created nodeclaim	{"NodePool": {"name":"hunterbush-2659-rxjcryoome"}, "NodeClaim": {"name":"hunterbush-2659-rxjcryoome-457sf"}, "requests": {"pods":"1"}, "instance-types": "1-cpu-1-mem-amd64-linux-test-zone-1-on-demand, 1-cpu-1-mem-amd64-linux-test-zone-1-spot, 1-cpu-1-mem-amd64-linux-test-zone-2-on-demand, 1-cpu-1-mem-amd64-linux-test-zone-2-spot, 1-cpu-1-mem-amd64-linux-test-zone-3-on-demand and 595 other(s)"}
    logger.go:146: 2026-03-02T10:43:53.186-0800	DEBUG	disruption/queue.go:175	command succeeded	{"decision": "replace", "disrupted-node-count": 1, "replacement-node-count": 1, "pod-count": 1, "disrupted-nodes": [{"Node":{"name":"deerplum-2663-rinu9if690"},"NodeClaim":{"name":"ogrerogue-2661-k2ivvmdmjc"},"capacity-type":"on-demand","instance-type":"64-cpu-128-mem-arm64-windows-test-zone-3-on-demand"}], "replacement-nodes": [{"capacity-type":"spot","instance-types":"1-cpu-1-mem-amd64-windows-test-zone-3-spot, 1-cpu-1-mem-amd64-windows-test-zone-2-spot, 1-cpu-1-mem-amd64-windows-test-zone-1-spot, 1-cpu-1-mem-arm64-windows-test-zone-1-spot, 1-cpu-1-mem-amd64-linux-test-zone-1-spot and 595 other(s)"}]}
[38;5;10m•[0m    logger.go:146: 2026-03-02T10:43:53.407-0800	INFO	disruption/queue.go:325	disrupting node(s)	{"command": "Underutilized/97fe497e-6ac5-4e1f-809b-fd0b15182979: replace: [mistressancient-2681-xba7s2ovsv] -> [1 replacement] (savings: $19.94)", "decision": "replace", "disrupted-node-count": 1, "replacement-node-count": 1, "pod-count": 1, "disrupted-nodes": [{"Node":{"name":"mistressancient-2681-xba7s2ovsv"},"NodeClaim":{"name":"skullpuzzle-2679-sqhcop9tfn"},"capacity-type":"spot","instance-type":"64-cpu-128-mem-arm64-windows-test-zone-3-spot"}], "replacement-nodes": [{"capacity-type":"spot","instance-types":"1-cpu-1-mem-amd64-linux-test-zone-1-spot, 1-cpu-1-mem-amd64-windows-test-zone-2-spot, 1-cpu-1-mem-amd64-windows-test-zone-1-spot, 1-cpu-1-mem-arm64-windows-test-zone-1-spot, 1-cpu-1-mem-amd64-linux-test-zone-2-spot and 10 other(s)"}]}
    logger.go:146: 2026-03-02T10:43:53.413-0800	INFO	provisioning/provisioner.go:438	created nodeclaim	{"NodePool": {"name":"condorfoil-2674-0hbef84dwk"}, "NodeClaim": {"name":"condorfoil-2674-0hbef84dwk-scz7z"}, "requests": {"pods":"1"}, "instance-types": "1-cpu-1-mem-amd64-linux-test-zone-1-spot, 1-cpu-1-mem-amd64-linux-test-zone-2-spot, 1-cpu-1-mem-amd64-linux-test-zone-3-spot, 1-cpu-1-mem-amd64-windows-test-zone-1-spot, 1-cpu-1-mem-amd64-windows-test-zone-2-spot and 10 other(s)"}
    logger.go:146: 2026-03-02T10:43:53.482-0800	DEBUG	disruption/queue.go:175	command succeeded	{"decision": "replace", "disrupted-node-count": 1, "replacement-node-count": 1, "pod-count": 1, "disrupted-nodes": [{"Node":{"name":"mistressancient-2681-xba7s2ovsv"},"NodeClaim":{"name":"skullpuzzle-2679-sqhcop9tfn"},"capacity-type":"spot","instance-type":"64-cpu-128-mem-arm64-windows-test-zone-3-spot"}], "replacement-nodes": [{"capacity-type":"spot","instance-types":"1-cpu-1-mem-amd64-linux-test-zone-1-spot, 1-cpu-1-mem-amd64-windows-test-zone-2-spot, 1-cpu-1-mem-amd64-windows-test-zone-1-spot, 1-cpu-1-mem-arm64-windows-test-zone-1-spot, 1-cpu-1-mem-amd64-linux-test-zone-2-spot and 10 other(s)"}]}
[38;5;10m•[0m[38;5;10m•[0m[38;5;10m•[0m    logger.go:146: 2026-03-02T10:43:54.007-0800	INFO	disruption/queue.go:325	disrupting node(s)	{"command": "Underutilized/b9d44533-9d6f-4d98-bf8f-ab0193582b6f: replace: [foxberry-2727-wtc6zw9weq] -> [1 replacement] (savings: $19.94)", "decision": "replace", "disrupted-node-count": 1, "replacement-node-count": 1, "pod-count": 3, "disrupted-nodes": [{"Node":{"name":"foxberry-2727-wtc6zw9weq"},"NodeClaim":{"name":"stalkersunset-2725-whos2gbg5n"},"capacity-type":"on-demand","instance-type":"64-cpu-128-mem-arm64-windows-test-zone-3-on-demand"}], "replacement-nodes": [{"capacity-type":"spot","instance-types":"1-cpu-1-mem-amd64-linux-test-zone-1-spot, 1-cpu-1-mem-amd64-windows-test-zone-2-spot, 1-cpu-1-mem-amd64-windows-test-zone-1-spot, 1-cpu-1-mem-arm64-windows-test-zone-1-spot, 1-cpu-1-mem-amd64-linux-test-zone-1-on-demand and 595 other(s)"}]}
    logger.go:146: 2026-03-02T10:43:54.017-0800	INFO	provisioning/provisioner.go:438	created nodeclaim	{"NodePool": {"name":"browsharp-2723-pilbo7c4qc"}, "NodeClaim": {"name":"browsharp-2723-pilbo7c4qc-zgp7w"}, "requests": {"pods":"3"}, "instance-types": "1-cpu-1-mem-amd64-linux-test-zone-1-on-demand, 1-cpu-1-mem-amd64-linux-test-zone-1-spot, 1-cpu-1-mem-amd64-linux-test-zone-2-on-demand, 1-cpu-1-mem-amd64-linux-test-zone-2-spot, 1-cpu-1-mem-amd64-linux-test-zone-3-on-demand and 595 other(s)"}
    logger.go:146: 2026-03-02T10:43:54.068-0800	DEBUG	disruption/queue.go:175	command succeeded	{"decision": "replace", "disrupted-node-count": 1, "replacement-node-count": 1, "pod-count": 3, "disrupted-nodes": [{"Node":{"name":"foxberry-2727-wtc6zw9weq"},"NodeClaim":{"name":"stalkersunset-2725-whos2gbg5n"},"capacity-type":"on-demand","instance-type":"64-cpu-128-mem-arm64-windows-test-zone-3-on-demand"}], "replacement-nodes": [{"capacity-type":"spot","instance-types":"1-cpu-1-mem-amd64-windows-test-zone-3-spot, 1-cpu-1-mem-amd64-windows-test-zone-2-spot, 1-cpu-1-mem-amd64-windows-test-zone-1-spot, 1-cpu-1-mem-arm64-windows-test-zone-1-spot, 1-cpu-1-mem-amd64-linux-test-zone-1-spot and 595 other(s)"}]}
[38;5;10m•[0m    logger.go:146: 2026-03-02T10:43:54.276-0800	INFO	disruption/queue.go:325	disrupting node(s)	{"command": "Underutilized/12932c69-5892-45fb-a06c-ed816f03c8b4: replace: [salmonrelic-2748-clrypy2brg] -> [1 replacement] (savings: $19.94)", "decision": "replace", "disrupted-node-count": 1, "replacement-node-count": 1, "pod-count": 3, "disrupted-nodes": [{"Node":{"name":"salmonrelic-2748-clrypy2brg"},"NodeClaim":{"name":"wingfeather-2746-alyxtv25wz"},"capacity-type":"spot","instance-type":"64-cpu-128-mem-arm64-windows-test-zone-3-spot"}], "replacement-nodes": [{"capacity-type":"spot","instance-types":"1-cpu-1-mem-amd64-linux-test-zone-1-spot, 1-cpu-1-mem-amd64-windows-test-zone-2-spot, 1-cpu-1-mem-amd64-windows-test-zone-1-spot, 1-cpu-1-mem-arm64-windows-test-zone-1-spot, 1-cpu-1-mem-amd64-linux-test-zone-2-spot and 10 other(s)"}]}
    logger.go:146: 2026-03-02T10:43:54.281-0800	INFO	provisioning/provisioner.go:438	created nodeclaim	{"NodePool": {"name":"chantersaber-2741-eixqqtglpj"}, "NodeClaim": {"name":"chantersaber-2741-eixqqtglpj-c6ngx"}, "requests": {"pods":"3"}, "instance-types": "1-cpu-1-mem-amd64-linux-test-zone-1-spot, 1-cpu-1-mem-amd64-linux-test-zone-2-spot, 1-cpu-1-mem-amd64-linux-test-zone-3-spot, 1-cpu-1-mem-amd64-windows-test-zone-1-spot, 1-cpu-1-mem-amd64-windows-test-zone-2-spot and 10 other(s)"}
    logger.go:146: 2026-03-02T10:43:54.368-0800	DEBUG	disruption/queue.go:175	command succeeded	{"decision": "replace", "disrupted-node-count": 1, "replacement-node-count": 1, "pod-count": 3, "disrupted-nodes": [{"Node":{"name":"salmonrelic-2748-clrypy2brg"},"NodeClaim":{"name":"wingfeather-2746-alyxtv25wz"},"capacity-type":"spot","instance-type":"64-cpu-128-mem-arm64-windows-test-zone-3-spot"}], "replacement-nodes": [{"capacity-type":"spot","instance-types":"1-cpu-1-mem-amd64-linux-test-zone-1-spot, 1-cpu-1-mem-amd64-windows-test-zone-2-spot, 1-cpu-1-mem-amd64-windows-test-zone-1-spot, 1-cpu-1-mem-arm64-windows-test-zone-1-spot, 1-cpu-1-mem-amd64-linux-test-zone-2-spot and 10 other(s)"}]}
[38;5;10m•[0m    logger.go:146: 2026-03-02T10:43:54.583-0800	INFO	disruption/queue.go:325	disrupting node(s)	{"command": "Underutilized/25edfb0d-0afc-4cd6-b029-0191afb04f8e: replace: [touchgreen-2763-i8hhtmrved] -> [1 replacement] (savings: $19.94)", "decision": "replace", "disrupted-node-count": 1, "replacement-node-count": 1, "pod-count": 1, "disrupted-nodes": [{"Node":{"name":"touchgreen-2763-i8hhtmrved"},"NodeClaim":{"name":"bugsprout-2761-twu3rmveyj"},"capacity-type":"on-demand","instance-type":"64-cpu-128-mem-arm64-windows-test-zone-3-on-demand"}], "replacement-nodes": [{"capacity-type":"spot","instance-types":"1-cpu-1-mem-amd64-linux-test-zone-1-spot, 1-cpu-1-mem-amd64-windows-test-zone-2-spot, 1-cpu-1-mem-amd64-windows-test-zone-1-spot, 1-cpu-1-mem-arm64-windows-test-zone-1-spot, 1-cpu-1-mem-amd64-linux-test-zone-1-on-demand and 595 other(s)"}]}
    logger.go:146: 2026-03-02T10:43:54.593-0800	INFO	provisioning/provisioner.go:438	created nodeclaim	{"NodePool": {"name":"beakwhip-2759-bq1kohfdgb"}, "NodeClaim": {"name":"beakwhip-2759-bq1kohfdgb-4dw8m"}, "requests": {"pods":"1"}, "instance-types": "1-cpu-1-mem-amd64-linux-test-zone-1-on-demand, 1-cpu-1-mem-amd64-linux-test-zone-1-spot, 1-cpu-1-mem-amd64-linux-test-zone-2-on-demand, 1-cpu-1-mem-amd64-linux-test-zone-2-spot, 1-cpu-1-mem-amd64-linux-test-zone-3-on-demand and 595 other(s)"}
    logger.go:146: 2026-03-02T10:43:54.674-0800	DEBUG	disruption/queue.go:175	command succeeded	{"decision": "replace", "disrupted-node-count": 1, "replacement-node-count": 1, "pod-count": 1, "disrupted-nodes": [{"Node":{"name":"touchgreen-2763-i8hhtmrved"},"NodeClaim":{"name":"bugsprout-2761-twu3rmveyj"},"capacity-type":"on-demand","instance-type":"64-cpu-128-mem-arm64-windows-test-zone-3-on-demand"}], "replacement-nodes": [{"capacity-type":"spot","instance-types":"1-cpu-1-mem-amd64-windows-test-zone-3-spot, 1-cpu-1-mem-amd64-windows-test-zone-2-spot, 1-cpu-1-mem-amd64-windows-test-zone-1-spot, 1-cpu-1-mem-arm64-windows-test-zone-1-spot, 1-cpu-1-mem-amd64-linux-test-zone-1-spot and 595 other(s)"}]}
[38;5;10m•[0m    logger.go:146: 2026-03-02T10:43:54.883-0800	INFO	disruption/queue.go:325	disrupting node(s)	{"command": "Underutilized/9ddcf670-41db-4ac1-8caa-42de60c29eb2: replace: [mothphantom-2781-wrcnsi1dtm] -> [1 replacement] (savings: $19.94)", "decision": "replace", "disrupted-node-count": 1, "replacement-node-count": 1, "pod-count": 1, "disrupted-nodes": [{"Node":{"name":"mothphantom-2781-wrcnsi1dtm"},"NodeClaim":{"name":"shieldproud-2779-rufg6jmniq"},"capacity-type":"spot","instance-type":"64-cpu-128-mem-arm64-windows-test-zone-3-spot"}], "replacement-nodes": [{"capacity-type":"spot","instance-types":"1-cpu-1-mem-amd64-linux-test-zone-1-spot, 1-cpu-1-mem-amd64-windows-test-zone-2-spot, 1-cpu-1-mem-amd64-windows-test-zone-1-spot, 1-cpu-1-mem-arm64-windows-test-zone-1-spot, 1-cpu-1-mem-amd64-linux-test-zone-2-spot and 10 other(s)"}]}
    logger.go:146: 2026-03-02T10:43:54.888-0800	INFO	provisioning/provisioner.go:438	created nodeclaim	{"NodePool": {"name":"pigoil-2774-hutyhytknk"}, "NodeClaim": {"name":"pigoil-2774-hutyhytknk-gjwc9"}, "requests": {"pods":"1"}, "instance-types": "1-cpu-1-mem-amd64-linux-test-zone-1-spot, 1-cpu-1-mem-amd64-linux-test-zone-2-spot, 1-cpu-1-mem-amd64-linux-test-zone-3-spot, 1-cpu-1-mem-amd64-windows-test-zone-1-spot, 1-cpu-1-mem-amd64-windows-test-zone-2-spot and 10 other(s)"}
    logger.go:146: 2026-03-02T10:43:54.972-0800	DEBUG	disruption/queue.go:175	command succeeded	{"decision": "replace", "disrupted-node-count": 1, "replacement-node-count": 1, "pod-count": 1, "disrupted-nodes": [{"Node":{"name":"mothphantom-2781-wrcnsi1dtm"},"NodeClaim":{"name":"shieldproud-2779-rufg6jmniq"},"capacity-type":"spot","instance-type":"64-cpu-128-mem-arm64-windows-test-zone-3-spot"}], "replacement-nodes": [{"capacity-type":"spot","instance-types":"1-cpu-1-mem-amd64-linux-test-zone-1-spot, 1-cpu-1-mem-amd64-windows-test-zone-2-spot, 1-cpu-1-mem-amd64-windows-test-zone-1-spot, 1-cpu-1-mem-arm64-windows-test-zone-1-spot, 1-cpu-1-mem-amd64-linux-test-zone-2-spot and 10 other(s)"}]}
[38;5;10m•[0m    logger.go:146: 2026-03-02T10:43:55.182-0800	INFO	disruption/queue.go:325	disrupting node(s)	{"command": "Underutilized/6da43629-d825-42d0-ba23-ae1440003fab: replace: [bootpine-2793-pbs4jfjhc2] -> [1 replacement] (savings: $19.64)", "decision": "replace", "disrupted-node-count": 1, "replacement-node-count": 1, "pod-count": 2, "disrupted-nodes": [{"Node":{"name":"bootpine-2793-pbs4jfjhc2"},"NodeClaim":{"name":"dropnebula-2791-lk0o1uozsp"},"capacity-type":"on-demand","instance-type":"64-cpu-128-mem-arm64-windows-test-zone-3-on-demand"}], "replacement-nodes": [{"capacity-type":"spot","instance-types":"4-cpu-1-mem-amd64-linux-test-zone-1-spot, 4-cpu-1-mem-arm64-linux-test-zone-1-spot, 4-cpu-1-mem-amd64-windows-test-zone-1-spot, 4-cpu-1-mem-arm64-windows-test-zone-1-spot, 4-cpu-1-mem-amd64-linux-test-zone-1-on-demand and 595 other(s)"}]}
    logger.go:146: 2026-03-02T10:43:55.191-0800	INFO	provisioning/provisioner.go:438	created nodeclaim	{"NodePool": {"name":"legendmalachite-2789-tn9ctv8dlo"}, "NodeClaim": {"name":"legendmalachite-2789-tn9ctv8dlo-jhlzs"}, "requests": {"cpu":"2","pods":"1"}, "instance-types": "16-cpu-1-mem-amd64-linux-test-zone-1-on-demand, 16-cpu-1-mem-amd64-linux-test-zone-1-spot, 16-cpu-1-mem-amd64-linux-test-zone-2-on-demand, 16-cpu-1-mem-amd64-linux-test-zone-2-spot, 16-cpu-1-mem-amd64-linux-test-zone-3-on-demand and 595 other(s)"}
    logger.go:146: 2026-03-02T10:43:55.284-0800	DEBUG	disruption/queue.go:175	command succeeded	{"decision": "replace", "disrupted-node-count": 1, "replacement-node-count": 1, "pod-count": 2, "disrupted-nodes": [{"Node":{"name":"bootpine-2793-pbs4jfjhc2"},"NodeClaim":{"name":"dropnebula-2791-lk0o1uozsp"},"capacity-type":"on-demand","instance-type":"64-cpu-128-mem-arm64-windows-test-zone-3-on-demand"}], "replacement-nodes": [{"capacity-type":"spot","instance-types":"4-cpu-1-mem-amd64-linux-test-zone-3-spot, 4-cpu-1-mem-arm64-linux-test-zone-1-spot, 4-cpu-1-mem-amd64-windows-test-zone-1-spot, 4-cpu-1-mem-arm64-windows-test-zone-1-spot, 4-cpu-1-mem-amd64-linux-test-zone-1-spot and 595 other(s)"}]}
[38;5;10m•[0m    logger.go:146: 2026-03-02T10:43:55.522-0800	INFO	disruption/queue.go:325	disrupting node(s)	{"command": "Underutilized/24abdbaa-8076-48b8-a82a-c9304e4b8e72: replace: [mythvenom-2816-bxt9wtqz2v] -> [1 replacement] (savings: $19.64)", "decision": "replace", "disrupted-node-count": 1, "replacement-node-count": 1, "pod-count": 2, "disrupted-nodes": [{"Node":{"name":"mythvenom-2816-bxt9wtqz2v"},"NodeClaim":{"name":"princediamond-2814-ttsqxdjld4"},"capacity-type":"spot","instance-type":"64-cpu-128-mem-arm64-windows-test-zone-3-spot"}], "replacement-nodes": [{"capacity-type":"spot","instance-types":"4-cpu-1-mem-amd64-linux-test-zone-1-spot, 4-cpu-1-mem-arm64-linux-test-zone-1-spot, 4-cpu-1-mem-amd64-windows-test-zone-1-spot, 4-cpu-1-mem-arm64-windows-test-zone-1-spot, 4-cpu-1-mem-amd64-linux-test-zone-2-spot and 10 other(s)"}]}
    logger.go:146: 2026-03-02T10:43:55.528-0800	INFO	provisioning/provisioner.go:438	created nodeclaim	{"NodePool": {"name":"snagglefootfantasy-2809-ts2tji6ypd"}, "NodeClaim": {"name":"snagglefootfantasy-2809-ts2tji6ypd-8hfhz"}, "requests": {"cpu":"2","pods":"1"}, "instance-types": "4-cpu-1-mem-amd64-linux-test-zone-1-spot, 4-cpu-1-mem-amd64-linux-test-zone-2-spot, 4-cpu-1-mem-amd64-linux-test-zone-3-spot, 4-cpu-1-mem-amd64-windows-test-zone-1-spot, 4-cpu-1-mem-amd64-windows-test-zone-2-spot and 10 other(s)"}
    logger.go:146: 2026-03-02T10:43:55.574-0800	DEBUG	disruption/queue.go:175	command succeeded	{"decision": "replace", "disrupted-node-count": 1, "replacement-node-count": 1, "pod-count": 2, "disrupted-nodes": [{"Node":{"name":"mythvenom-2816-bxt9wtqz2v"},"NodeClaim":{"name":"princediamond-2814-ttsqxdjld4"},"capacity-type":"spot","instance-type":"64-cpu-128-mem-arm64-windows-test-zone-3-spot"}], "replacement-nodes": [{"capacity-type":"spot","instance-types":"4-cpu-1-mem-amd64-linux-test-zone-1-spot, 4-cpu-1-mem-arm64-linux-test-zone-1-spot, 4-cpu-1-mem-amd64-windows-test-zone-1-spot, 4-cpu-1-mem-arm64-windows-test-zone-1-spot, 4-cpu-1-mem-amd64-linux-test-zone-2-spot and 10 other(s)"}]}
[38;5;10m•[0m    logger.go:146: 2026-03-02T10:43:55.789-0800	INFO	disruption/queue.go:325	disrupting node(s)	{"command": "Underutilized/de51e3e8-9641-41fd-9b81-794a9bc8a5ba: replace: [dropalder-2833-ptq8mxvpj5] -> [1 replacement] (savings: $19.64)", "decision": "replace", "disrupted-node-count": 1, "replacement-node-count": 1, "pod-count": 2, "disrupted-nodes": [{"Node":{"name":"dropalder-2833-ptq8mxvpj5"},"NodeClaim":{"name":"bugmercury-2831-dqr0tefqlk"},"capacity-type":"on-demand","instance-type":"64-cpu-128-mem-arm64-windows-test-zone-3-on-demand"}], "replacement-nodes": [{"capacity-type":"spot","instance-types":"4-cpu-1-mem-amd64-linux-test-zone-1-spot, 4-cpu-1-mem-arm64-linux-test-zone-1-spot, 4-cpu-1-mem-amd64-windows-test-zone-1-spot, 4-cpu-1-mem-arm64-windows-test-zone-1-spot, 4-cpu-1-mem-amd64-linux-test-zone-1-on-demand and 595 other(s)"}]}
    logger.go:146: 2026-03-02T10:43:55.797-0800	INFO	provisioning/provisioner.go:438	created nodeclaim	{"NodePool": {"name":"antlerarrow-2829-8opmoqgcjo"}, "NodeClaim": {"name":"antlerarrow-2829-8opmoqgcjo-dt4g4"}, "requests": {"cpu":"2","pods":"1"}, "instance-types": "16-cpu-1-mem-amd64-linux-test-zone-1-on-demand, 16-cpu-1-mem-amd64-linux-test-zone-1-spot, 16-cpu-1-mem-amd64-linux-test-zone-2-on-demand, 16-cpu-1-mem-amd64-linux-test-zone-2-spot, 16-cpu-1-mem-amd64-linux-test-zone-3-on-demand and 595 other(s)"}
    logger.go:146: 2026-03-02T10:43:55.883-0800	DEBUG	disruption/queue.go:175	command succeeded	{"decision": "replace", "disrupted-node-count": 1, "replacement-node-count": 1, "pod-count": 2, "disrupted-nodes": [{"Node":{"name":"dropalder-2833-ptq8mxvpj5"},"NodeClaim":{"name":"bugmercury-2831-dqr0tefqlk"},"capacity-type":"on-demand","instance-type":"64-cpu-128-mem-arm64-windows-test-zone-3-on-demand"}], "replacement-nodes": [{"capacity-type":"spot","instance-types":"4-cpu-1-mem-amd64-linux-test-zone-3-spot, 4-cpu-1-mem-arm64-linux-test-zone-1-spot, 4-cpu-1-mem-amd64-windows-test-zone-1-spot, 4-cpu-1-mem-arm64-windows-test-zone-1-spot, 4-cpu-1-mem-amd64-linux-test-zone-1-spot and 595 other(s)"}]}
[38;5;10m•[0m    logger.go:146: 2026-03-02T10:43:56.090-0800	INFO	disruption/queue.go:325	disrupting node(s)	{"command": "Underutilized/bdd17bdb-5aff-47b1-b19a-d341db88c559: replace: [legsspectrum-2856-tedtvqgugr] -> [1 replacement] (savings: $19.64)", "decision": "replace", "disrupted-node-count": 1, "replacement-node-count": 1, "pod-count": 2, "disrupted-nodes": [{"Node":{"name":"legsspectrum-2856-tedtvqgugr"},"NodeClaim":{"name":"raccoondaffodil-2854-hskd4acxke"},"capacity-type":"spot","instance-type":"64-cpu-128-mem-arm64-windows-test-zone-3-spot"}], "replacement-nodes": [{"capacity-type":"spot","instance-types":"4-cpu-1-mem-amd64-linux-test-zone-1-spot, 4-cpu-1-mem-arm64-linux-test-zone-1-spot, 4-cpu-1-mem-amd64-windows-test-zone-1-spot, 4-cpu-1-mem-arm64-windows-test-zone-1-spot, 4-cpu-1-mem-amd64-linux-test-zone-2-spot and 10 other(s)"}]}
    logger.go:146: 2026-03-02T10:43:56.095-0800	INFO	provisioning/provisioner.go:438	created nodeclaim	{"NodePool": {"name":"crownluminous-2849-cpmkzp7hxo"}, "NodeClaim": {"name":"crownluminous-2849-cpmkzp7hxo-btwlg"}, "requests": {"cpu":"2","pods":"1"}, "instance-types": "4-cpu-1-mem-amd64-linux-test-zone-1-spot, 4-cpu-1-mem-amd64-linux-test-zone-2-spot, 4-cpu-1-mem-amd64-linux-test-zone-3-spot, 4-cpu-1-mem-amd64-windows-test-zone-1-spot, 4-cpu-1-mem-amd64-windows-test-zone-2-spot and 10 other(s)"}
    logger.go:146: 2026-03-02T10:43:56.181-0800	DEBUG	disruption/queue.go:175	command succeeded	{"decision": "replace", "disrupted-node-count": 1, "replacement-node-count": 1, "pod-count": 2, "disrupted-nodes": [{"Node":{"name":"legsspectrum-2856-tedtvqgugr"},"NodeClaim":{"name":"raccoondaffodil-2854-hskd4acxke"},"capacity-type":"spot","instance-type":"64-cpu-128-mem-arm64-windows-test-zone-3-spot"}], "replacement-nodes": [{"capacity-type":"spot","instance-types":"4-cpu-1-mem-amd64-linux-test-zone-1-spot, 4-cpu-1-mem-arm64-linux-test-zone-1-spot, 4-cpu-1-mem-amd64-windows-test-zone-1-spot, 4-cpu-1-mem-arm64-windows-test-zone-1-spot, 4-cpu-1-mem-amd64-linux-test-zone-2-spot and 10 other(s)"}]}
[38;5;10m•[0m[38;5;10m•[0m[38;5;10m•[0m    logger.go:146: 2026-03-02T10:43:56.802-0800	INFO	disruption/queue.go:325	disrupting node(s)	{"command": "Underutilized/9c5ec825-cd37-40a7-8e40-aa4da0f8491e: delete: [saverancient-2912-3lwyhwidiw] (savings: $0.21)", "decision": "delete", "disrupted-node-count": 1, "replacement-node-count": 0, "pod-count": 1, "disrupted-nodes": [{"Node":{"name":"saverancient-2912-3lwyhwidiw"},"NodeClaim":{"name":"molewinter-2910-s8qcaazwhi"},"capacity-type":"on-demand","instance-type":"1-cpu-1-mem-amd64-linux-test-zone-1-on-demand"}], "replacement-nodes": []}
    logger.go:146: 2026-03-02T10:43:56.809-0800	DEBUG	disruption/queue.go:175	command succeeded	{"decision": "delete", "disrupted-node-count": 1, "replacement-node-count": 0, "pod-count": 1, "disrupted-nodes": [{"Node":{"name":"saverancient-2912-3lwyhwidiw"},"NodeClaim":{"name":"molewinter-2910-s8qcaazwhi"},"capacity-type":"on-demand","instance-type":"1-cpu-1-mem-amd64-linux-test-zone-1-on-demand"}], "replacement-nodes": []}
[38;5;10m•[0m[38;5;10m•[0m    logger.go:146: 2026-03-02T10:43:57.367-0800	INFO	disruption/queue.go:325	disrupting node(s)	{"command": "Underutilized/e89f9bb2-fcb3-43a0-87f8-ffa377da6bec: delete: [huntercyber-2952-pvmxnxprvu] (savings: $0.21)", "decision": "delete", "disrupted-node-count": 1, "replacement-node-count": 0, "pod-count": 1, "disrupted-nodes": [{"Node":{"name":"huntercyber-2952-pvmxnxprvu"},"NodeClaim":{"name":"trackiridescent-2950-mntvez60lu"},"capacity-type":"on-demand","instance-type":"1-cpu-1-mem-amd64-linux-test-zone-1-on-demand"}], "replacement-nodes": []}
    logger.go:146: 2026-03-02T10:43:57.372-0800	DEBUG	disruption/queue.go:175	command succeeded	{"decision": "delete", "disrupted-node-count": 1, "replacement-node-count": 0, "pod-count": 1, "disrupted-nodes": [{"Node":{"name":"huntercyber-2952-pvmxnxprvu"},"NodeClaim":{"name":"trackiridescent-2950-mntvez60lu"},"capacity-type":"on-demand","instance-type":"1-cpu-1-mem-amd64-linux-test-zone-1-on-demand"}], "replacement-nodes": []}
[38;5;10m•[0m    logger.go:146: 2026-03-02T10:43:57.625-0800	INFO	disruption/queue.go:325	disrupting node(s)	{"command": "Underutilized/d49ebc42-7da9-471e-b667-1208144e7d42: delete: [playermarble-2973-q2x36ih7sz] (savings: $0.21)", "decision": "delete", "disrupted-node-count": 1, "replacement-node-count": 0, "pod-count": 3, "disrupted-nodes": [{"Node":{"name":"playermarble-2973-q2x36ih7sz"},"NodeClaim":{"name":"tailstump-2971-yje7lspffm"},"capacity-type":"on-demand","instance-type":"1-cpu-1-mem-amd64-linux-test-zone-1-on-demand"}], "replacement-nodes": []}
    logger.go:146: 2026-03-02T10:43:57.631-0800	DEBUG	disruption/queue.go:175	command succeeded	{"decision": "delete", "disrupted-node-count": 1, "replacement-node-count": 0, "pod-count": 3, "disrupted-nodes": [{"Node":{"name":"playermarble-2973-q2x36ih7sz"},"NodeClaim":{"name":"tailstump-2971-yje7lspffm"},"capacity-type":"on-demand","instance-type":"1-cpu-1-mem-amd64-linux-test-zone-1-on-demand"}], "replacement-nodes": []}
[38;5;10m•[0m    logger.go:146: 2026-03-02T10:43:57.938-0800	INFO	disruption/queue.go:325	disrupting node(s)	{"command": "Underutilized/42cb7629-21be-4a6e-a2b6-6cc0486f3d9c: delete: [singerdent-2996-8t8pzwwnvc] (savings: $0.21)", "decision": "delete", "disrupted-node-count": 1, "replacement-node-count": 0, "pod-count": 2, "disrupted-nodes": [{"Node":{"name":"singerdent-2996-8t8pzwwnvc"},"NodeClaim":{"name":"paladinvoid-2994-pkjybazvcc"},"capacity-type":"on-demand","instance-type":"1-cpu-1-mem-amd64-linux-test-zone-1-on-demand"}], "replacement-nodes": []}
    logger.go:146: 2026-03-02T10:43:57.943-0800	DEBUG	disruption/queue.go:175	command succeeded	{"decision": "delete", "disrupted-node-count": 1, "replacement-node-count": 0, "pod-count": 2, "disrupted-nodes": [{"Node":{"name":"singerdent-2996-8t8pzwwnvc"},"NodeClaim":{"name":"paladinvoid-2994-pkjybazvcc"},"capacity-type":"on-demand","instance-type":"1-cpu-1-mem-amd64-linux-test-zone-1-on-demand"}], "replacement-nodes": []}
[38;5;10m•[0m    logger.go:146: 2026-03-02T10:43:58.180-0800	INFO	disruption/queue.go:325	disrupting node(s)	{"command": "Underutilized/a681da8f-4a1c-4ee0-aae2-5d4c69fe4a38: delete: [slothfern-3019-7lgcxxdiyg] (savings: $0.21)", "decision": "delete", "disrupted-node-count": 1, "replacement-node-count": 0, "pod-count": 2, "disrupted-nodes": [{"Node":{"name":"slothfern-3019-7lgcxxdiyg"},"NodeClaim":{"name":"molevanilla-3017-wfrz0rxymj"},"capacity-type":"on-demand","instance-type":"1-cpu-1-mem-amd64-linux-test-zone-1-on-demand"}], "replacement-nodes": []}
    logger.go:146: 2026-03-02T10:43:58.186-0800	DEBUG	disruption/queue.go:175	command succeeded	{"decision": "delete", "disrupted-node-count": 1, "replacement-node-count": 0, "pod-count": 2, "disrupted-nodes": [{"Node":{"name":"slothfern-3019-7lgcxxdiyg"},"NodeClaim":{"name":"molevanilla-3017-wfrz0rxymj"},"capacity-type":"on-demand","instance-type":"1-cpu-1-mem-amd64-linux-test-zone-1-on-demand"}], "replacement-nodes": []}
[38;5;10m•[0m    logger.go:146: 2026-03-02T10:43:58.457-0800	INFO	disruption/queue.go:325	disrupting node(s)	{"command": "Underutilized/59b455b5-0682-477b-9976-d43fbddbae04: delete: [dragonfuschia-3041-ixgrozino6] (savings: $0.21)", "decision": "delete", "disrupted-node-count": 1, "replacement-node-count": 0, "pod-count": 2, "disrupted-nodes": [{"Node":{"name":"dragonfuschia-3041-ixgrozino6"},"NodeClaim":{"name":"friendsavage-3039-pzocmjfqs7"},"capacity-type":"on-demand","instance-type":"1-cpu-1-mem-amd64-linux-test-zone-1-on-demand"}], "replacement-nodes": []}
    logger.go:146: 2026-03-02T10:43:58.462-0800	DEBUG	disruption/queue.go:175	command succeeded	{"decision": "delete", "disrupted-node-count": 1, "replacement-node-count": 0, "pod-count": 2, "disrupted-nodes": [{"Node":{"name":"dragonfuschia-3041-ixgrozino6"},"NodeClaim":{"name":"friendsavage-3039-pzocmjfqs7"},"capacity-type":"on-demand","instance-type":"1-cpu-1-mem-amd64-linux-test-zone-1-on-demand"}], "replacement-nodes": []}
[38;5;10m•[0m[38;5;10m•[0m[38;5;10m•[0m    logger.go:146: 2026-03-02T10:43:59.191-0800	INFO	disruption/queue.go:325	disrupting node(s)	{"command": "Underutilized/68865af7-dea1-427d-9b93-a2246d031ab2: delete: [trackerplume-3111-uppkhlwmwb] (savings: $0.21)", "decision": "delete", "disrupted-node-count": 1, "replacement-node-count": 0, "pod-count": 1, "disrupted-nodes": [{"Node":{"name":"trackerplume-3111-uppkhlwmwb"},"NodeClaim":{"name":"bugfan-3109-yvbyhcyza0"},"capacity-type":"on-demand","instance-type":"1-cpu-1-mem-amd64-linux-test-zone-1-on-demand"}], "replacement-nodes": []}
    logger.go:146: 2026-03-02T10:43:59.197-0800	DEBUG	disruption/queue.go:175	command succeeded	{"decision": "delete", "disrupted-node-count": 1, "replacement-node-count": 0, "pod-count": 1, "disrupted-nodes": [{"Node":{"name":"trackerplume-3111-uppkhlwmwb"},"NodeClaim":{"name":"bugfan-3109-yvbyhcyza0"},"capacity-type":"on-demand","instance-type":"1-cpu-1-mem-amd64-linux-test-zone-1-on-demand"}], "replacement-nodes": []}
[38;5;10m•[0m[38;5;10m•[0m    logger.go:146: 2026-03-02T10:44:00.545-0800	INFO	disruption/queue.go:325	disrupting node(s)	{"command": "Underutilized/bfca5731-e945-4b6a-abab-67a2dd92bb69: delete: [ladysour-3660-ggs1po8pqh] (savings: $0.21)", "decision": "delete", "disrupted-node-count": 1, "replacement-node-count": 0, "pod-count": 1, "disrupted-nodes": [{"Node":{"name":"ladysour-3660-ggs1po8pqh"},"NodeClaim":{"name":"braidtime-3658-fipojceopy"},"capacity-type":"spot","instance-type":"small-instance-type"}], "replacement-nodes": []}
    logger.go:146: 2026-03-02T10:44:00.549-0800	DEBUG	disruption/queue.go:175	command succeeded	{"decision": "delete", "disrupted-node-count": 1, "replacement-node-count": 0, "pod-count": 1, "disrupted-nodes": [{"Node":{"name":"ladysour-3660-ggs1po8pqh"},"NodeClaim":{"name":"braidtime-3658-fipojceopy"},"capacity-type":"spot","instance-type":"small-instance-type"}], "replacement-nodes": []}
[38;5;10m•[0m    logger.go:146: 2026-03-02T10:44:01.022-0800	INFO	disruption/queue.go:325	disrupting node(s)	{"command": "Underutilized/9398e26e-0cc7-41e2-93ea-e6e85629661a: delete: [mindshimmer-3678-aycymzc7tv] (savings: $0.21)", "decision": "delete", "disrupted-node-count": 1, "replacement-node-count": 0, "pod-count": 1, "disrupted-nodes": [{"Node":{"name":"mindshimmer-3678-aycymzc7tv"},"NodeClaim":{"name":"iguanagrove-3676-bklgcztqjm"},"capacity-type":"on-demand","instance-type":"1-cpu-1-mem-amd64-linux-test-zone-1-on-demand"}], "replacement-nodes": []}
    logger.go:146: 2026-03-02T10:44:01.028-0800	DEBUG	disruption/queue.go:175	command succeeded	{"decision": "delete", "disrupted-node-count": 1, "replacement-node-count": 0, "pod-count": 1, "disrupted-nodes": [{"Node":{"name":"mindshimmer-3678-aycymzc7tv"},"NodeClaim":{"name":"iguanagrove-3676-bklgcztqjm"},"capacity-type":"on-demand","instance-type":"1-cpu-1-mem-amd64-linux-test-zone-1-on-demand"}], "replacement-nodes": []}
[38;5;10m•[0m[38;5;10m•[0m    logger.go:146: 2026-03-02T10:44:01.519-0800	ERROR	disruption/helpers.go:212	failed listing instance types for bad-nodepool	{"error": "unable to fetch instance types"}
    logger.go:146: 2026-03-02T10:44:01.521-0800	ERROR	disruption/helpers.go:212	failed listing instance types for bad-nodepool	{"error": "unable to fetch instance types"}
    logger.go:146: 2026-03-02T10:44:01.523-0800	ERROR	disruption/helpers.go:212	failed listing instance types for bad-nodepool	{"error": "unable to fetch instance types"}
    logger.go:146: 2026-03-02T10:44:01.525-0800	ERROR	disruption/helpers.go:212	failed listing instance types for bad-nodepool	{"error": "unable to fetch instance types"}
    logger.go:146: 2026-03-02T10:44:01.539-0800	ERROR	disruption/helpers.go:212	failed listing instance types for bad-nodepool	{"error": "unable to fetch instance types"}
    logger.go:146: 2026-03-02T10:44:01.545-0800	INFO	disruption/queue.go:325	disrupting node(s)	{"command": "Underutilized/4b7feca3-8fdd-4de9-83a5-16cbea1e7f46: delete: [raptorproud-3724-ujx8ofswfr] (savings: $0.21)", "decision": "delete", "disrupted-node-count": 1, "replacement-node-count": 0, "pod-count": 1, "disrupted-nodes": [{"Node":{"name":"raptorproud-3724-ujx8ofswfr"},"NodeClaim":{"name":"hairtin-3722-7tqdahtcfp"},"capacity-type":"on-demand","instance-type":"1-cpu-1-mem-amd64-linux-test-zone-1-on-demand"}], "replacement-nodes": []}
    logger.go:146: 2026-03-02T10:44:01.551-0800	DEBUG	disruption/queue.go:175	command succeeded	{"decision": "delete", "disrupted-node-count": 1, "replacement-node-count": 0, "pod-count": 1, "disrupted-nodes": [{"Node":{"name":"raptorproud-3724-ujx8ofswfr"},"NodeClaim":{"name":"hairtin-3722-7tqdahtcfp"},"capacity-type":"on-demand","instance-type":"1-cpu-1-mem-amd64-linux-test-zone-1-on-demand"}], "replacement-nodes": []}
[38;5;10m•[0m    logger.go:146: 2026-03-02T10:44:01.886-0800	INFO	disruption/queue.go:325	disrupting node(s)	{"command": "Underutilized/b41c4aa9-4b22-4bd0-8ebf-cbf3483d2e28: delete: [ridgemangrove-3746-locddow2vs] (savings: $0.21)", "decision": "delete", "disrupted-node-count": 1, "replacement-node-count": 0, "pod-count": 1, "disrupted-nodes": [{"Node":{"name":"ridgemangrove-3746-locddow2vs"},"NodeClaim":{"name":"deathdenim-3744-thjld21bku"},"capacity-type":"on-demand","instance-type":"1-cpu-1-mem-amd64-linux-test-zone-1-on-demand"}], "replacement-nodes": []}
    logger.go:146: 2026-03-02T10:44:01.899-0800	DEBUG	disruption/queue.go:175	command succeeded	{"decision": "delete", "disrupted-node-count": 1, "replacement-node-count": 0, "pod-count": 1, "disrupted-nodes": [{"Node":{"name":"ridgemangrove-3746-locddow2vs"},"NodeClaim":{"name":"deathdenim-3744-thjld21bku"},"capacity-type":"on-demand","instance-type":"1-cpu-1-mem-amd64-linux-test-zone-1-on-demand"}], "replacement-nodes": []}
[38;5;10m•[0m[38;5;10m•[0m    logger.go:146: 2026-03-02T10:44:02.552-0800	DEBUG	disruption/emptiness.go:97	abandoning empty node consolidation attempt due to pod churn, command is no longer valid	{"decision": "delete", "disrupted-node-count": 1, "replacement-node-count": 0, "pod-count": 0, "disrupted-nodes": [{"Node":{"name":"pumacandle-3785-ad6eplgbga"},"NodeClaim":{"name":"hairfate-3783-ubyhkl3jpt"},"capacity-type":"on-demand","instance-type":"64-cpu-128-mem-arm64-windows-test-zone-3-on-demand"}], "replacement-nodes": []}
[38;5;10m•[0m[38;5;10m•[0m[38;5;10m•[0m[38;5;10m•[0m[38;5;10m•[0m    logger.go:146: 2026-03-02T10:44:03.973-0800	INFO	disruption/queue.go:325	disrupting node(s)	{"command": "Underutilized/c981b1da-e776-419c-8fc5-b9bc26a92360: replace: [savershine-3883-wcmndfscjz, cowlglen-3886-wado1ijdxl, heronspiral-3889-ekuftltsxt] -> [1 replacement] (savings: $60.22)", "decision": "replace", "disrupted-node-count": 3, "replacement-node-count": 1, "pod-count": 1, "disrupted-nodes": [{"Node":{"name":"savershine-3883-wcmndfscjz"},"NodeClaim":{"name":"kickerfire-3881-tynasgzxsr"},"capacity-type":"on-demand","instance-type":"64-cpu-128-mem-arm64-windows-test-zone-3-on-demand"},{"Node":{"name":"cowlglen-3886-wado1ijdxl"},"NodeClaim":{"name":"eagleazure-3884-ehwhwo9enc"},"capacity-type":"on-demand","instance-type":"64-cpu-128-mem-arm64-windows-test-zone-3-on-demand"},{"Node":{"name":"heronspiral-3889-ekuftltsxt"},"NodeClaim":{"name":"sharkfeather-3887-ga7v7dp7rq"},"capacity-type":"on-demand","instance-type":"64-cpu-128-mem-arm64-windows-test-zone-3-on-demand"}], "replacement-nodes": [{"capacity-type":"spot","instance-types":"1-cpu-1-mem-amd64-linux-test-zone-1-spot, 1-cpu-1-mem-amd64-windows-test-zone-2-spot, 1-cpu-1-mem-amd64-windows-test-zone-1-spot, 1-cpu-1-mem-arm64-windows-test-zone-1-spot, 1-cpu-1-mem-amd64-linux-test-zone-2-spot and 295 other(s)"}]}
    logger.go:146: 2026-03-02T10:44:03.980-0800	INFO	provisioning/provisioner.go:438	created nodeclaim	{"NodePool": {"name":"flytree-3873-eje9owxm3m"}, "NodeClaim": {"name":"flytree-3873-eje9owxm3m-gsmrk"}, "requests": {"pods":"3"}, "instance-types": "1-cpu-1-mem-amd64-linux-test-zone-1-spot, 1-cpu-1-mem-amd64-linux-test-zone-2-spot, 1-cpu-1-mem-amd64-linux-test-zone-3-spot, 1-cpu-1-mem-amd64-windows-test-zone-1-spot, 1-cpu-1-mem-amd64-windows-test-zone-2-spot and 295 other(s)"}
    logger.go:146: 2026-03-02T10:44:04.057-0800	DEBUG	disruption/queue.go:175	command succeeded	{"decision": "replace", "disrupted-node-count": 3, "replacement-node-count": 1, "pod-count": 1, "disrupted-nodes": [{"Node":{"name":"savershine-3883-wcmndfscjz"},"NodeClaim":{"name":"kickerfire-3881-tynasgzxsr"},"capacity-type":"on-demand","instance-type":"64-cpu-128-mem-arm64-windows-test-zone-3-on-demand"},{"Node":{"name":"cowlglen-3886-wado1ijdxl"},"NodeClaim":{"name":"eagleazure-3884-ehwhwo9enc"},"capacity-type":"on-demand","instance-type":"64-cpu-128-mem-arm64-windows-test-zone-3-on-demand"},{"Node":{"name":"heronspiral-3889-ekuftltsxt"},"NodeClaim":{"name":"sharkfeather-3887-ga7v7dp7rq"},"capacity-type":"on-demand","instance-type":"64-cpu-128-mem-arm64-windows-test-zone-3-on-demand"}], "replacement-nodes": [{"capacity-type":"spot","instance-types":"1-cpu-1-mem-amd64-linux-test-zone-1-spot, 1-cpu-1-mem-amd64-windows-test-zone-2-spot, 1-cpu-1-mem-amd64-windows-test-zone-1-spot, 1-cpu-1-mem-arm64-windows-test-zone-1-spot, 1-cpu-1-mem-amd64-linux-test-zone-2-spot and 295 other(s)"}]}
[38;5;10m•[0m    logger.go:146: 2026-03-02T10:44:04.292-0800	INFO	disruption/queue.go:325	disrupting node(s)	{"command": "Underutilized/a822d832-b24f-4f2d-b0aa-a8e1b45d224e: replace: [dogpalm-3930-5umvlslrwi, thornmud-3933-t7cynzlpw1, cowltabby-3927-6unthgpkwx] -> [1 replacement] (savings: $60.22)", "decision": "replace", "disrupted-node-count": 3, "replacement-node-count": 1, "pod-count": 1, "disrupted-nodes": [{"Node":{"name":"dogpalm-3930-5umvlslrwi"},"NodeClaim":{"name":"ferretplum-3928-tthg3zwuvb"},"capacity-type":"spot","instance-type":"64-cpu-128-mem-arm64-windows-test-zone-3-spot"},{"Node":{"name":"thornmud-3933-t7cynzlpw1"},"NodeClaim":{"name":"lasherspice-3931-mtjzkautju"},"capacity-type":"spot","instance-type":"64-cpu-128-mem-arm64-windows-test-zone-3-spot"},{"Node":{"name":"cowltabby-3927-6unthgpkwx"},"NodeClaim":{"name":"toothplaid-3925-ak1ju7ggah"},"capacity-type":"spot","instance-type":"64-cpu-128-mem-arm64-windows-test-zone-3-spot"}], "replacement-nodes": [{"capacity-type":"spot","instance-types":"1-cpu-1-mem-amd64-linux-test-zone-1-spot, 1-cpu-1-mem-amd64-windows-test-zone-2-spot, 1-cpu-1-mem-amd64-windows-test-zone-1-spot, 1-cpu-1-mem-arm64-windows-test-zone-1-spot, 1-cpu-1-mem-amd64-linux-test-zone-2-spot and 295 other(s)"}]}
    logger.go:146: 2026-03-02T10:44:04.299-0800	INFO	provisioning/provisioner.go:438	created nodeclaim	{"NodePool": {"name":"carverspring-3908-ahbq3g49ou"}, "NodeClaim": {"name":"carverspring-3908-ahbq3g49ou-gfx6d"}, "requests": {"pods":"3"}, "instance-types": "1-cpu-1-mem-amd64-linux-test-zone-1-spot, 1-cpu-1-mem-amd64-linux-test-zone-2-spot, 1-cpu-1-mem-amd64-linux-test-zone-3-spot, 1-cpu-1-mem-amd64-windows-test-zone-1-spot, 1-cpu-1-mem-amd64-windows-test-zone-2-spot and 295 other(s)"}
    logger.go:146: 2026-03-02T10:44:04.377-0800	DEBUG	disruption/queue.go:175	command succeeded	{"decision": "replace", "disrupted-node-count": 3, "replacement-node-count": 1, "pod-count": 1, "disrupted-nodes": [{"Node":{"name":"dogpalm-3930-5umvlslrwi"},"NodeClaim":{"name":"ferretplum-3928-tthg3zwuvb"},"capacity-type":"spot","instance-type":"64-cpu-128-mem-arm64-windows-test-zone-3-spot"},{"Node":{"name":"thornmud-3933-t7cynzlpw1"},"NodeClaim":{"name":"lasherspice-3931-mtjzkautju"},"capacity-type":"spot","instance-type":"64-cpu-128-mem-arm64-windows-test-zone-3-spot"},{"Node":{"name":"cowltabby-3927-6unthgpkwx"},"NodeClaim":{"name":"toothplaid-3925-ak1ju7ggah"},"capacity-type":"spot","instance-type":"64-cpu-128-mem-arm64-windows-test-zone-3-spot"}], "replacement-nodes": [{"capacity-type":"spot","instance-types":"1-cpu-1-mem-amd64-linux-test-zone-1-spot, 1-cpu-1-mem-amd64-windows-test-zone-2-spot, 1-cpu-1-mem-amd64-windows-test-zone-1-spot, 1-cpu-1-mem-arm64-windows-test-zone-1-spot, 1-cpu-1-mem-amd64-linux-test-zone-2-spot and 295 other(s)"}]}
[38;5;10m•[0m    logger.go:146: 2026-03-02T10:44:04.623-0800	INFO	disruption/queue.go:325	disrupting node(s)	{"command": "Underutilized/deffab79-3e23-4324-9dae-5f1cbe9796ac: replace: [queenslash-3953-jj0ttluwyc, lionoil-3956-1uehrser65, pixiecyber-3959-wtz9jnxhct] -> [1 replacement] (savings: $60.22)", "decision": "replace", "disrupted-node-count": 3, "replacement-node-count": 1, "pod-count": 1, "disrupted-nodes": [{"Node":{"name":"queenslash-3953-jj0ttluwyc"},"NodeClaim":{"name":"princessphase-3951-r92nvsh3nz"},"capacity-type":"on-demand","instance-type":"64-cpu-128-mem-arm64-windows-test-zone-3-on-demand"},{"Node":{"name":"lionoil-3956-1uehrser65"},"NodeClaim":{"name":"gazellesolar-3954-hvlkknomt7"},"capacity-type":"on-demand","instance-type":"64-cpu-128-mem-arm64-windows-test-zone-3-on-demand"},{"Node":{"name":"pixiecyber-3959-wtz9jnxhct"},"NodeClaim":{"name":"oxdenim-3957-djsu9wuc58"},"capacity-type":"spot","instance-type":"64-cpu-128-mem-arm64-windows-test-zone-3-spot"}], "replacement-nodes": [{"capacity-type":"spot","instance-types":"1-cpu-1-mem-amd64-linux-test-zone-1-spot, 1-cpu-1-mem-amd64-windows-test-zone-2-spot, 1-cpu-1-mem-amd64-windows-test-zone-1-spot, 1-cpu-1-mem-arm64-windows-test-zone-1-spot, 1-cpu-1-mem-amd64-linux-test-zone-2-spot and 295 other(s)"}]}
    logger.go:146: 2026-03-02T10:44:04.630-0800	INFO	provisioning/provisioner.go:438	created nodeclaim	{"NodePool": {"name":"crusherflax-3943-fizpykkpgm"}, "NodeClaim": {"name":"crusherflax-3943-fizpykkpgm-pcgjn"}, "requests": {"pods":"3"}, "instance-types": "1-cpu-1-mem-amd64-linux-test-zone-1-spot, 1-cpu-1-mem-amd64-linux-test-zone-2-spot, 1-cpu-1-mem-amd64-linux-test-zone-3-spot, 1-cpu-1-mem-amd64-windows-test-zone-1-spot, 1-cpu-1-mem-amd64-windows-test-zone-2-spot and 295 other(s)"}
    logger.go:146: 2026-03-02T10:44:04.707-0800	DEBUG	disruption/queue.go:175	command succeeded	{"decision": "replace", "disrupted-node-count": 3, "replacement-node-count": 1, "pod-count": 1, "disrupted-nodes": [{"Node":{"name":"queenslash-3953-jj0ttluwyc"},"NodeClaim":{"name":"princessphase-3951-r92nvsh3nz"},"capacity-type":"on-demand","instance-type":"64-cpu-128-mem-arm64-windows-test-zone-3-on-demand"},{"Node":{"name":"lionoil-3956-1uehrser65"},"NodeClaim":{"name":"gazellesolar-3954-hvlkknomt7"},"capacity-type":"on-demand","instance-type":"64-cpu-128-mem-arm64-windows-test-zone-3-on-demand"},{"Node":{"name":"pixiecyber-3959-wtz9jnxhct"},"NodeClaim":{"name":"oxdenim-3957-djsu9wuc58"},"capacity-type":"spot","instance-type":"64-cpu-128-mem-arm64-windows-test-zone-3-spot"}], "replacement-nodes": [{"capacity-type":"spot","instance-types":"1-cpu-1-mem-amd64-linux-test-zone-1-spot, 1-cpu-1-mem-amd64-windows-test-zone-2-spot, 1-cpu-1-mem-amd64-windows-test-zone-1-spot, 1-cpu-1-mem-arm64-windows-test-zone-1-spot, 1-cpu-1-mem-amd64-linux-test-zone-2-spot and 295 other(s)"}]}
[38;5;10m•[0m    logger.go:146: 2026-03-02T10:44:04.920-0800	INFO	disruption/queue.go:325	disrupting node(s)	{"command": "Underutilized/f743277f-6b7e-4835-a690-a45d390e8e54: delete: [samuraiquill-3997-ktgd85nsox] (savings: $0.21)", "decision": "delete", "disrupted-node-count": 1, "replacement-node-count": 0, "pod-count": 1, "disrupted-nodes": [{"Node":{"name":"samuraiquill-3997-ktgd85nsox"},"NodeClaim":{"name":"sargentquark-3995-lv7vevxrqf"},"capacity-type":"spot","instance-type":"1-cpu-1-mem-amd64-linux-test-zone-1-spot"}], "replacement-nodes": []}
    logger.go:146: 2026-03-02T10:44:04.925-0800	DEBUG	disruption/queue.go:175	command succeeded	{"decision": "delete", "disrupted-node-count": 1, "replacement-node-count": 0, "pod-count": 1, "disrupted-nodes": [{"Node":{"name":"samuraiquill-3997-ktgd85nsox"},"NodeClaim":{"name":"sargentquark-3995-lv7vevxrqf"},"capacity-type":"spot","instance-type":"1-cpu-1-mem-amd64-linux-test-zone-1-spot"}], "replacement-nodes": []}
[38;5;10m•[0m    logger.go:146: 2026-03-02T10:44:05.202-0800	INFO	disruption/queue.go:325	disrupting node(s)	{"command": "Underutilized/28c37b84-60c8-4cf4-b7d7-885e088a7d17: delete: [boarplume-4022-ep1mldwpvq] (savings: $0.21)", "decision": "delete", "disrupted-node-count": 1, "replacement-node-count": 0, "pod-count": 1, "disrupted-nodes": [{"Node":{"name":"boarplume-4022-ep1mldwpvq"},"NodeClaim":{"name":"palmmango-4020-a8pfchwrf2"},"capacity-type":"on-demand","instance-type":"1-cpu-1-mem-amd64-linux-test-zone-1-on-demand"}], "replacement-nodes": []}
    logger.go:146: 2026-03-02T10:44:05.208-0800	DEBUG	disruption/queue.go:175	command succeeded	{"decision": "delete", "disrupted-node-count": 1, "replacement-node-count": 0, "pod-count": 1, "disrupted-nodes": [{"Node":{"name":"boarplume-4022-ep1mldwpvq"},"NodeClaim":{"name":"palmmango-4020-a8pfchwrf2"},"capacity-type":"on-demand","instance-type":"1-cpu-1-mem-amd64-linux-test-zone-1-on-demand"}], "replacement-nodes": []}
[38;5;10m•[0m    logger.go:146: 2026-03-02T10:44:05.502-0800	INFO	disruption/queue.go:325	disrupting node(s)	{"command": "Underutilized/c6cb7f5b-b56d-467c-ac2d-4ba75528f9d9: replace: [servantkeen-4068-pnlwm15ngu, dukejade-4065-4fe9ls6skw] -> [1 replacement] (savings: $40.08)", "decision": "replace", "disrupted-node-count": 2, "replacement-node-count": 1, "pod-count": 2, "disrupted-nodes": [{"Node":{"name":"servantkeen-4068-pnlwm15ngu"},"NodeClaim":{"name":"scorpionskitter-4066-mcm1prusaw"},"capacity-type":"spot","instance-type":"64-cpu-128-mem-arm64-windows-test-zone-3-spot"},{"Node":{"name":"dukejade-4065-4fe9ls6skw"},"NodeClaim":{"name":"ripperthorn-4063-v1oeynevhy"},"capacity-type":"spot","instance-type":"64-cpu-128-mem-arm64-windows-test-zone-3-spot"}], "replacement-nodes": [{"capacity-type":"spot","instance-types":"1-cpu-1-mem-amd64-linux-test-zone-1-spot, 1-cpu-1-mem-amd64-windows-test-zone-2-spot, 1-cpu-1-mem-amd64-windows-test-zone-1-spot, 1-cpu-1-mem-arm64-windows-test-zone-1-spot, 1-cpu-1-mem-amd64-linux-test-zone-2-spot and 295 other(s)"}]}
    logger.go:146: 2026-03-02T10:44:05.509-0800	INFO	provisioning/provisioner.go:438	created nodeclaim	{"NodePool": {"name":"chatterhelix-4046-ic821z2bjm"}, "NodeClaim": {"name":"chatterhelix-4046-ic821z2bjm-w6qmj"}, "requests": {"pods":"3"}, "instance-types": "1-cpu-1-mem-amd64-linux-test-zone-1-spot, 1-cpu-1-mem-amd64-linux-test-zone-2-spot, 1-cpu-1-mem-amd64-linux-test-zone-3-spot, 1-cpu-1-mem-amd64-windows-test-zone-1-spot, 1-cpu-1-mem-amd64-windows-test-zone-2-spot and 295 other(s)"}
    logger.go:146: 2026-03-02T10:44:05.569-0800	DEBUG	disruption/queue.go:175	command succeeded	{"decision": "replace", "disrupted-node-count": 2, "replacement-node-count": 1, "pod-count": 2, "disrupted-nodes": [{"Node":{"name":"servantkeen-4068-pnlwm15ngu"},"NodeClaim":{"name":"scorpionskitter-4066-mcm1prusaw"},"capacity-type":"spot","instance-type":"64-cpu-128-mem-arm64-windows-test-zone-3-spot"},{"Node":{"name":"dukejade-4065-4fe9ls6skw"},"NodeClaim":{"name":"ripperthorn-4063-v1oeynevhy"},"capacity-type":"spot","instance-type":"64-cpu-128-mem-arm64-windows-test-zone-3-spot"}], "replacement-nodes": [{"capacity-type":"spot","instance-types":"1-cpu-1-mem-amd64-linux-test-zone-1-spot, 1-cpu-1-mem-amd64-windows-test-zone-2-spot, 1-cpu-1-mem-amd64-windows-test-zone-1-spot, 1-cpu-1-mem-arm64-windows-test-zone-1-spot, 1-cpu-1-mem-amd64-linux-test-zone-2-spot and 295 other(s)"}]}
[38;5;10m•[0m    logger.go:146: 2026-03-02T10:44:05.804-0800	INFO	disruption/queue.go:325	disrupting node(s)	{"command": "Underutilized/33c8f139-ee14-4976-945b-45646bbe0424: replace: [volelie-4094-8gzsvubj3m, followerlinen-4091-solxiegg1k] -> [1 replacement] (savings: $40.08)", "decision": "replace", "disrupted-node-count": 2, "replacement-node-count": 1, "pod-count": 2, "disrupted-nodes": [{"Node":{"name":"volelie-4094-8gzsvubj3m"},"NodeClaim":{"name":"gullshy-4092-q2spqqfzx8"},"capacity-type":"on-demand","instance-type":"64-cpu-128-mem-arm64-windows-test-zone-3-on-demand"},{"Node":{"name":"followerlinen-4091-solxiegg1k"},"NodeClaim":{"name":"owlbronze-4089-szwyz0cts8"},"capacity-type":"on-demand","instance-type":"64-cpu-128-mem-arm64-windows-test-zone-3-on-demand"}], "replacement-nodes": [{"capacity-type":"spot","instance-types":"1-cpu-1-mem-amd64-linux-test-zone-1-spot, 1-cpu-1-mem-amd64-windows-test-zone-2-spot, 1-cpu-1-mem-amd64-windows-test-zone-1-spot, 1-cpu-1-mem-arm64-windows-test-zone-1-spot, 1-cpu-1-mem-amd64-linux-test-zone-2-spot and 295 other(s)"}]}
    logger.go:146: 2026-03-02T10:44:05.811-0800	INFO	provisioning/provisioner.go:438	created nodeclaim	{"NodePool": {"name":"venomsolar-4081-wvdpyjvibn"}, "NodeClaim": {"name":"venomsolar-4081-wvdpyjvibn-8kfmq"}, "requests": {"pods":"3"}, "instance-types": "1-cpu-1-mem-amd64-linux-test-zone-1-spot, 1-cpu-1-mem-amd64-linux-test-zone-2-spot, 1-cpu-1-mem-amd64-linux-test-zone-3-spot, 1-cpu-1-mem-amd64-windows-test-zone-1-spot, 1-cpu-1-mem-amd64-windows-test-zone-2-spot and 295 other(s)"}
    logger.go:146: 2026-03-02T10:44:05.870-0800	DEBUG	disruption/queue.go:175	command succeeded	{"decision": "replace", "disrupted-node-count": 2, "replacement-node-count": 1, "pod-count": 2, "disrupted-nodes": [{"Node":{"name":"volelie-4094-8gzsvubj3m"},"NodeClaim":{"name":"gullshy-4092-q2spqqfzx8"},"capacity-type":"on-demand","instance-type":"64-cpu-128-mem-arm64-windows-test-zone-3-on-demand"},{"Node":{"name":"followerlinen-4091-solxiegg1k"},"NodeClaim":{"name":"owlbronze-4089-szwyz0cts8"},"capacity-type":"on-demand","instance-type":"64-cpu-128-mem-arm64-windows-test-zone-3-on-demand"}], "replacement-nodes": [{"capacity-type":"spot","instance-types":"1-cpu-1-mem-amd64-linux-test-zone-1-spot, 1-cpu-1-mem-amd64-windows-test-zone-2-spot, 1-cpu-1-mem-amd64-windows-test-zone-1-spot, 1-cpu-1-mem-arm64-windows-test-zone-1-spot, 1-cpu-1-mem-amd64-linux-test-zone-2-spot and 295 other(s)"}]}
[38;5;10m•[0m    logger.go:146: 2026-03-02T10:44:06.194-0800	DEBUG	disruption/emptiness.go:97	abandoning empty node consolidation attempt due to pod churn, command is no longer valid	{"decision": "delete", "disrupted-node-count": 3, "replacement-node-count": 0, "pod-count": 0, "disrupted-nodes": [{"Node":{"name":"vulturecoral-4135-mthcjhaxpu"},"NodeClaim":{"name":"stealerhazel-4133-zou3hozjj7"},"capacity-type":"spot","instance-type":"64-cpu-128-mem-arm64-windows-test-zone-3-spot"},{"Node":{"name":"stallionink-4138-oaqfmpgjdd"},"NodeClaim":{"name":"princesswild-4136-q5why03two"},"capacity-type":"spot","instance-type":"64-cpu-128-mem-arm64-windows-test-zone-3-spot"},{"Node":{"name":"boarvolcano-4141-9dutg0ddbb"},"NodeClaim":{"name":"taloncurly-4139-ghmms6461i"},"capacity-type":"spot","instance-type":"64-cpu-128-mem-arm64-windows-test-zone-3-spot"}], "replacement-nodes": []}
    logger.go:146: 2026-03-02T10:44:06.245-0800	INFO	disruption/queue.go:325	disrupting node(s)	{"command": "Underutilized/18d67d47-1fee-4645-9f87-4ec138d248ad: replace: [vulturecoral-4135-mthcjhaxpu, stallionink-4138-oaqfmpgjdd, boarvolcano-4141-9dutg0ddbb] -> [1 replacement] (savings: $60.22)", "decision": "replace", "disrupted-node-count": 3, "replacement-node-count": 1, "pod-count": 1, "disrupted-nodes": [{"Node":{"name":"vulturecoral-4135-mthcjhaxpu"},"NodeClaim":{"name":"stealerhazel-4133-zou3hozjj7"},"capacity-type":"spot","instance-type":"64-cpu-128-mem-arm64-windows-test-zone-3-spot"},{"Node":{"name":"stallionink-4138-oaqfmpgjdd"},"NodeClaim":{"name":"princesswild-4136-q5why03two"},"capacity-type":"spot","instance-type":"64-cpu-128-mem-arm64-windows-test-zone-3-spot"},{"Node":{"name":"boarvolcano-4141-9dutg0ddbb"},"NodeClaim":{"name":"taloncurly-4139-ghmms6461i"},"capacity-type":"spot","instance-type":"64-cpu-128-mem-arm64-windows-test-zone-3-spot"}], "replacement-nodes": [{"capacity-type":"spot","instance-types":"1-cpu-1-mem-amd64-linux-test-zone-1-spot, 1-cpu-1-mem-amd64-windows-test-zone-2-spot, 1-cpu-1-mem-amd64-windows-test-zone-1-spot, 1-cpu-1-mem-arm64-windows-test-zone-1-spot, 1-cpu-1-mem-amd64-linux-test-zone-2-spot and 295 other(s)"}]}
    logger.go:146: 2026-03-02T10:44:06.252-0800	INFO	provisioning/provisioner.go:438	created nodeclaim	{"NodePool": {"name":"goosepepper-4116-81su8nrkhk"}, "NodeClaim": {"name":"goosepepper-4116-81su8nrkhk-5zrfz"}, "requests": {"pods":"3"}, "instance-types": "1-cpu-1-mem-amd64-linux-test-zone-1-spot, 1-cpu-1-mem-amd64-linux-test-zone-2-spot, 1-cpu-1-mem-amd64-linux-test-zone-3-spot, 1-cpu-1-mem-amd64-windows-test-zone-1-spot, 1-cpu-1-mem-amd64-windows-test-zone-2-spot and 295 other(s)"}
    logger.go:146: 2026-03-02T10:44:06.300-0800	DEBUG	disruption/queue.go:175	command succeeded	{"decision": "replace", "disrupted-node-count": 3, "replacement-node-count": 1, "pod-count": 1, "disrupted-nodes": [{"Node":{"name":"vulturecoral-4135-mthcjhaxpu"},"NodeClaim":{"name":"stealerhazel-4133-zou3hozjj7"},"capacity-type":"spot","instance-type":"64-cpu-128-mem-arm64-windows-test-zone-3-spot"},{"Node":{"name":"stallionink-4138-oaqfmpgjdd"},"NodeClaim":{"name":"princesswild-4136-q5why03two"},"capacity-type":"spot","instance-type":"64-cpu-128-mem-arm64-windows-test-zone-3-spot"},{"Node":{"name":"boarvolcano-4141-9dutg0ddbb"},"NodeClaim":{"name":"taloncurly-4139-ghmms6461i"},"capacity-type":"spot","instance-type":"64-cpu-128-mem-arm64-windows-test-zone-3-spot"}], "replacement-nodes": [{"capacity-type":"spot","instance-types":"1-cpu-1-mem-amd64-linux-test-zone-1-spot, 1-cpu-1-mem-amd64-windows-test-zone-2-spot, 1-cpu-1-mem-amd64-windows-test-zone-1-spot, 1-cpu-1-mem-arm64-windows-test-zone-1-spot, 1-cpu-1-mem-amd64-linux-test-zone-2-spot and 295 other(s)"}]}
[38;5;10m•[0m    logger.go:146: 2026-03-02T10:44:06.620-0800	DEBUG	disruption/emptiness.go:97	abandoning empty node consolidation attempt due to pod churn, command is no longer valid	{"decision": "delete", "disrupted-node-count": 3, "replacement-node-count": 0, "pod-count": 0, "disrupted-nodes": [{"Node":{"name":"frighteast-4161-m7cgzhrhiu"},"NodeClaim":{"name":"arrowcurly-4159-zx5frogeip"},"capacity-type":"on-demand","instance-type":"64-cpu-128-mem-arm64-windows-test-zone-3-on-demand"},{"Node":{"name":"mustangwell-4164-okom8v1nya"},"NodeClaim":{"name":"jackalnarrow-4162-gsplwglilu"},"capacity-type":"on-demand","instance-type":"64-cpu-128-mem-arm64-windows-test-zone-3-on-demand"},{"Node":{"name":"twisterglimmer-4167-focttcfuhn"},"NodeClaim":{"name":"piperglimmer-4165-ubxrpblv23"},"capacity-type":"on-demand","instance-type":"64-cpu-128-mem-arm64-windows-test-zone-3-on-demand"}], "replacement-nodes": []}
    logger.go:146: 2026-03-02T10:44:06.674-0800	INFO	disruption/queue.go:325	disrupting node(s)	{"command": "Underutilized/43b6e14e-72e5-41f2-9c2b-9fef525acd15: replace: [frighteast-4161-m7cgzhrhiu, mustangwell-4164-okom8v1nya, twisterglimmer-4167-focttcfuhn] -> [1 replacement] (savings: $60.22)", "decision": "replace", "disrupted-node-count": 3, "replacement-node-count": 1, "pod-count": 1, "disrupted-nodes": [{"Node":{"name":"frighteast-4161-m7cgzhrhiu"},"NodeClaim":{"name":"arrowcurly-4159-zx5frogeip"},"capacity-type":"on-demand","instance-type":"64-cpu-128-mem-arm64-windows-test-zone-3-on-demand"},{"Node":{"name":"mustangwell-4164-okom8v1nya"},"NodeClaim":{"name":"jackalnarrow-4162-gsplwglilu"},"capacity-type":"on-demand","instance-type":"64-cpu-128-mem-arm64-windows-test-zone-3-on-demand"},{"Node":{"name":"twisterglimmer-4167-focttcfuhn"},"NodeClaim":{"name":"piperglimmer-4165-ubxrpblv23"},"capacity-type":"on-demand","instance-type":"64-cpu-128-mem-arm64-windows-test-zone-3-on-demand"}], "replacement-nodes": [{"capacity-type":"spot","instance-types":"1-cpu-1-mem-amd64-linux-test-zone-1-spot, 1-cpu-1-mem-amd64-windows-test-zone-2-spot, 1-cpu-1-mem-amd64-windows-test-zone-1-spot, 1-cpu-1-mem-arm64-windows-test-zone-1-spot, 1-cpu-1-mem-amd64-linux-test-zone-2-spot and 295 other(s)"}]}
    logger.go:146: 2026-03-02T10:44:06.682-0800	INFO	provisioning/provisioner.go:438	created nodeclaim	{"NodePool": {"name":"deathcedar-4151-ywgctwffvx"}, "NodeClaim": {"name":"deathcedar-4151-ywgctwffvx-n4fj6"}, "requests": {"pods":"3"}, "instance-types": "1-cpu-1-mem-amd64-linux-test-zone-1-spot, 1-cpu-1-mem-amd64-linux-test-zone-2-spot, 1-cpu-1-mem-amd64-linux-test-zone-3-spot, 1-cpu-1-mem-amd64-windows-test-zone-1-spot, 1-cpu-1-mem-amd64-windows-test-zone-2-spot and 295 other(s)"}
    logger.go:146: 2026-03-02T10:44:06.726-0800	DEBUG	disruption/queue.go:175	command succeeded	{"decision": "replace", "disrupted-node-count": 3, "replacement-node-count": 1, "pod-count": 1, "disrupted-nodes": [{"Node":{"name":"frighteast-4161-m7cgzhrhiu"},"NodeClaim":{"name":"arrowcurly-4159-zx5frogeip"},"capacity-type":"on-demand","instance-type":"64-cpu-128-mem-arm64-windows-test-zone-3-on-demand"},{"Node":{"name":"mustangwell-4164-okom8v1nya"},"NodeClaim":{"name":"jackalnarrow-4162-gsplwglilu"},"capacity-type":"on-demand","instance-type":"64-cpu-128-mem-arm64-windows-test-zone-3-on-demand"},{"Node":{"name":"twisterglimmer-4167-focttcfuhn"},"NodeClaim":{"name":"piperglimmer-4165-ubxrpblv23"},"capacity-type":"on-demand","instance-type":"64-cpu-128-mem-arm64-windows-test-zone-3-on-demand"}], "replacement-nodes": [{"capacity-type":"spot","instance-types":"1-cpu-1-mem-amd64-linux-test-zone-1-spot, 1-cpu-1-mem-amd64-windows-test-zone-2-spot, 1-cpu-1-mem-amd64-windows-test-zone-1-spot, 1-cpu-1-mem-arm64-windows-test-zone-1-spot, 1-cpu-1-mem-amd64-linux-test-zone-2-spot and 295 other(s)"}]}
[38;5;10m•[0m    logger.go:146: 2026-03-02T10:44:07.076-0800	INFO	disruption/queue.go:325	disrupting node(s)	{"command": "Underutilized/d133b1f7-2749-449f-9c02-ada6397c4764: delete: [razordeep-4211-tijl1pqi9z] (savings: $20.14)", "decision": "delete", "disrupted-node-count": 1, "replacement-node-count": 0, "pod-count": 1, "disrupted-nodes": [{"Node":{"name":"razordeep-4211-tijl1pqi9z"},"NodeClaim":{"name":"tonguebasalt-4209-k3pkknl96y"},"capacity-type":"spot","instance-type":"64-cpu-128-mem-arm64-windows-test-zone-3-spot"}], "replacement-nodes": []}
    logger.go:146: 2026-03-02T10:44:07.087-0800	DEBUG	disruption/queue.go:175	command succeeded	{"decision": "delete", "disrupted-node-count": 1, "replacement-node-count": 0, "pod-count": 1, "disrupted-nodes": [{"Node":{"name":"razordeep-4211-tijl1pqi9z"},"NodeClaim":{"name":"tonguebasalt-4209-k3pkknl96y"},"capacity-type":"spot","instance-type":"64-cpu-128-mem-arm64-windows-test-zone-3-spot"}], "replacement-nodes": []}
[38;5;10m•[0m    logger.go:146: 2026-03-02T10:44:07.425-0800	INFO	disruption/queue.go:325	disrupting node(s)	{"command": "Underutilized/aa9f28dd-c7cc-4c78-92d7-efc66711927f: delete: [crushercrocus-4240-0tavj6huxh] (savings: $20.14)", "decision": "delete", "disrupted-node-count": 1, "replacement-node-count": 0, "pod-count": 1, "disrupted-nodes": [{"Node":{"name":"crushercrocus-4240-0tavj6huxh"},"NodeClaim":{"name":"watchercitrine-4238-pfr5z0kbx3"},"capacity-type":"on-demand","instance-type":"64-cpu-128-mem-arm64-windows-test-zone-3-on-demand"}], "replacement-nodes": []}
    logger.go:146: 2026-03-02T10:44:07.437-0800	DEBUG	disruption/queue.go:175	command succeeded	{"decision": "delete", "disrupted-node-count": 1, "replacement-node-count": 0, "pod-count": 1, "disrupted-nodes": [{"Node":{"name":"crushercrocus-4240-0tavj6huxh"},"NodeClaim":{"name":"watchercitrine-4238-pfr5z0kbx3"},"capacity-type":"on-demand","instance-type":"64-cpu-128-mem-arm64-windows-test-zone-3-on-demand"}], "replacement-nodes": []}
[38;5;10m•[0m    logger.go:146: 2026-03-02T10:44:09.678-0800	INFO	disruption/queue.go:325	disrupting node(s)	{"command": "Underutilized/7f43fedb-7ff1-4d5d-b62a-886d46411a95: delete: [iguanasunrise-4272-rdhwgyoyf6] (savings: $0.21)", "decision": "delete", "disrupted-node-count": 1, "replacement-node-count": 0, "pod-count": 2, "disrupted-nodes": [{"Node":{"name":"iguanasunrise-4272-rdhwgyoyf6"},"NodeClaim":{"name":"heronmidnight-4270-dxtcuzkwgt"},"capacity-type":"on-demand","instance-type":"1-cpu-1-mem-amd64-linux-test-zone-1-on-demand"}], "replacement-nodes": []}
    logger.go:146: 2026-03-02T10:44:09.683-0800	DEBUG	disruption/queue.go:175	command succeeded	{"decision": "delete", "disrupted-node-count": 1, "replacement-node-count": 0, "pod-count": 2, "disrupted-nodes": [{"Node":{"name":"iguanasunrise-4272-rdhwgyoyf6"},"NodeClaim":{"name":"heronmidnight-4270-dxtcuzkwgt"},"capacity-type":"on-demand","instance-type":"1-cpu-1-mem-amd64-linux-test-zone-1-on-demand"}], "replacement-nodes": []}
[38;5;10m•[0m    logger.go:146: 2026-03-02T10:44:09.911-0800	INFO	disruption/queue.go:325	disrupting node(s)	{"command": "Underutilized/c3985407-687c-42f0-af97-5c78a825d4a0: replace: [facenavy-4297-6l9514mddu] -> [1 replacement] (savings: $19.84)", "decision": "replace", "disrupted-node-count": 1, "replacement-node-count": 1, "pod-count": 1, "disrupted-nodes": [{"Node":{"name":"facenavy-4297-6l9514mddu"},"NodeClaim":{"name":"seekergold-4295-81uyn0jfgy"},"capacity-type":"on-demand","instance-type":"64-cpu-128-mem-arm64-windows-test-zone-2-on-demand"}], "replacement-nodes": [{"capacity-type":"spot","instance-types":"2-cpu-1-mem-amd64-linux-test-zone-2-spot, 2-cpu-1-mem-arm64-linux-test-zone-2-spot, 2-cpu-1-mem-amd64-windows-test-zone-2-spot, 2-cpu-1-mem-arm64-windows-test-zone-2-spot, 2-cpu-1-mem-amd64-linux-test-zone-2-on-demand and 371 other(s)"}]}
    logger.go:146: 2026-03-02T10:44:09.919-0800	INFO	provisioning/provisioner.go:438	created nodeclaim	{"NodePool": {"name":"raccoonjungle-4284-smsdyfdz6d"}, "NodeClaim": {"name":"raccoonjungle-4284-smsdyfdz6d-fzjvk"}, "requests": {"cpu":"1","pods":"1"}, "instance-types": "16-cpu-1-mem-amd64-linux-test-zone-2-on-demand, 16-cpu-1-mem-amd64-linux-test-zone-2-spot, 16-cpu-1-mem-amd64-windows-test-zone-2-on-demand, 16-cpu-1-mem-amd64-windows-test-zone-2-spot, 16-cpu-1-mem-arm64-linux-test-zone-2-on-demand and 371 other(s)"}
    logger.go:146: 2026-03-02T10:44:09.977-0800	DEBUG	disruption/queue.go:175	command succeeded	{"decision": "replace", "disrupted-node-count": 1, "replacement-node-count": 1, "pod-count": 1, "disrupted-nodes": [{"Node":{"name":"facenavy-4297-6l9514mddu"},"NodeClaim":{"name":"seekergold-4295-81uyn0jfgy"},"capacity-type":"on-demand","instance-type":"64-cpu-128-mem-arm64-windows-test-zone-2-on-demand"}], "replacement-nodes": [{"capacity-type":"spot","instance-types":"2-cpu-1-mem-amd64-linux-test-zone-2-spot, 2-cpu-1-mem-arm64-linux-test-zone-2-spot, 2-cpu-1-mem-amd64-windows-test-zone-2-spot, 2-cpu-1-mem-arm64-windows-test-zone-2-spot, 2-cpu-2-mem-amd64-linux-test-zone-2-spot and 371 other(s)"}]}
[38;5;10m•[0m[38;5;10m•[0m    logger.go:146: 2026-03-02T10:44:10.503-0800	INFO	disruption/queue.go:325	disrupting node(s)	{"command": "Underutilized/1a850ce2-4399-4cd4-8c4d-84f74c4943c9: replace: [slavecotton-4341-waixqra8tu] -> [1 replacement] (savings: $19.94)", "decision": "replace", "disrupted-node-count": 1, "replacement-node-count": 1, "pod-count": 1, "disrupted-nodes": [{"Node":{"name":"slavecotton-4341-waixqra8tu"},"NodeClaim":{"name":"tailcrimson-4339-fhdmpnmhrf"},"capacity-type":"on-demand","instance-type":"64-cpu-128-mem-arm64-windows-test-zone-3-on-demand"}], "replacement-nodes": [{"capacity-type":"spot","instance-types":"1-cpu-1-mem-amd64-linux-test-zone-1-spot, 1-cpu-1-mem-amd64-windows-test-zone-2-spot, 1-cpu-1-mem-amd64-windows-test-zone-1-spot, 1-cpu-1-mem-arm64-windows-test-zone-1-spot, 1-cpu-1-mem-amd64-linux-test-zone-1-on-demand and 595 other(s)"}]}
    logger.go:146: 2026-03-02T10:44:10.518-0800	INFO	provisioning/provisioner.go:438	created nodeclaim	{"NodePool": {"name":"roarbold-4337-kgwfcggjuw"}, "NodeClaim": {"name":"roarbold-4337-kgwfcggjuw-fr445"}, "requests": {"pods":"1"}, "instance-types": "1-cpu-1-mem-amd64-linux-test-zone-1-on-demand, 1-cpu-1-mem-amd64-linux-test-zone-1-spot, 1-cpu-1-mem-amd64-linux-test-zone-2-on-demand, 1-cpu-1-mem-amd64-linux-test-zone-2-spot, 1-cpu-1-mem-amd64-linux-test-zone-3-on-demand and 595 other(s)"}
    logger.go:146: 2026-03-02T10:44:10.604-0800	DEBUG	provisioning/provisioner.go:344	computing scheduling decision for provisionable pod(s)	{"pending-pods": 1, "deleting-pods": 1}
[38;5;10m•[0m    logger.go:146: 2026-03-02T10:44:10.953-0800	DEBUG	provisioning/provisioner.go:344	computing scheduling decision for provisionable pod(s)	{"pending-pods": 5, "deleting-pods": 0}
    logger.go:146: 2026-03-02T10:44:11.027-0800	INFO	provisioning/provisioner.go:402	found provisionable pod(s)	{"Pods": "default/shoulderbronze-4366-u4jgu1pams, default/soarercrystal-4370-igvl9c5evk, default/watcherglacier-4364-3h6o2ijmsi, default/houndcotton-4368-pemh1svcfs, default/hidesand-4362-zrnq11cdxb", "duration": "74.490833ms"}
    logger.go:146: 2026-03-02T10:44:11.028-0800	INFO	scheduling/scheduler.go:280	computed new nodeclaim(s) to fit pod(s)	{"nodeclaims": 1, "pods": 5}
    logger.go:146: 2026-03-02T10:44:11.033-0800	INFO	provisioning/provisioner.go:438	created nodeclaim	{"NodePool": {"name":"dutchesssour-4352-lzf0rkulko"}, "NodeClaim": {"name":"dutchesssour-4352-lzf0rkulko-422pn"}, "requests": {"cpu":"5","pods":"5"}, "instance-types": "16-cpu-1-mem-amd64-linux-test-zone-1-on-demand, 16-cpu-1-mem-amd64-linux-test-zone-1-spot, 16-cpu-1-mem-amd64-linux-test-zone-2-on-demand, 16-cpu-1-mem-amd64-linux-test-zone-2-spot, 16-cpu-1-mem-amd64-linux-test-zone-3-on-demand and 595 other(s)"}
    logger.go:146: 2026-03-02T10:44:11.087-0800	DEBUG	provisioning/provisioner.go:344	computing scheduling decision for provisionable pod(s)	{"pending-pods": 5, "deleting-pods": 0}
    logger.go:146: 2026-03-02T10:44:11.126-0800	INFO	provisioning/provisioner.go:402	found provisionable pod(s)	{"Pods": "default/shoulderbronze-4366-u4jgu1pams, default/soarercrystal-4370-igvl9c5evk, default/watcherglacier-4364-3h6o2ijmsi, default/houndcotton-4368-pemh1svcfs, default/hidesand-4362-zrnq11cdxb", "duration": "40.221208ms"}
    logger.go:146: 2026-03-02T10:44:11.127-0800	INFO	scheduling/scheduler.go:280	computed new nodeclaim(s) to fit pod(s)	{"nodeclaims": 1, "pods": 5}
    logger.go:146: 2026-03-02T10:44:11.131-0800	INFO	provisioning/provisioner.go:438	created nodeclaim	{"NodePool": {"name":"dutchesssour-4352-lzf0rkulko"}, "NodeClaim": {"name":"dutchesssour-4352-lzf0rkulko-f4pkn"}, "requests": {"cpu":"5","pods":"5"}, "instance-types": "16-cpu-1-mem-amd64-linux-test-zone-1-on-demand, 16-cpu-1-mem-amd64-linux-test-zone-1-spot, 16-cpu-1-mem-amd64-linux-test-zone-2-on-demand, 16-cpu-1-mem-amd64-linux-test-zone-2-spot, 16-cpu-1-mem-amd64-linux-test-zone-3-on-demand and 595 other(s)"}
[38;5;10m•[0m    logger.go:146: 2026-03-02T10:44:22.544-0800	INFO	disruption/queue.go:325	disrupting node(s)	{"command": "Underutilized/0a38ade1-dc9e-4b0e-9457-5651d6b8ca5a: replace: [wanderershade-4388-xnnig188dm] -> [1 replacement] (savings: $0.00)", "decision": "replace", "disrupted-node-count": 1, "replacement-node-count": 1, "pod-count": 1, "disrupted-nodes": [{"Node":{"name":"wanderershade-4388-xnnig188dm"},"NodeClaim":{"name":"finmaze-4386-vujqgrkx2z"},"capacity-type":"reserved","instance-type":"64-cpu-128-mem-arm64-windows-test-zone-3-on-demand"}], "replacement-nodes": [{"capacity-type":"reserved","instance-types":"1-cpu-1-mem-amd64-linux-test-zone-1-on-demand"}]}
    logger.go:146: 2026-03-02T10:44:22.550-0800	INFO	provisioning/provisioner.go:438	created nodeclaim	{"NodePool": {"name":"zebraautumn-4378-agzh661jps"}, "NodeClaim": {"name":"zebraautumn-4378-agzh661jps-blbr2"}, "requests": {"pods":"1"}, "instance-types": "1-cpu-1-mem-amd64-linux-test-zone-1-on-demand"}
    logger.go:146: 2026-03-02T10:44:22.642-0800	DEBUG	disruption/queue.go:175	command succeeded	{"decision": "replace", "disrupted-node-count": 1, "replacement-node-count": 1, "pod-count": 1, "disrupted-nodes": [{"Node":{"name":"wanderershade-4388-xnnig188dm"},"NodeClaim":{"name":"finmaze-4386-vujqgrkx2z"},"capacity-type":"reserved","instance-type":"64-cpu-128-mem-arm64-windows-test-zone-3-on-demand"}], "replacement-nodes": [{"capacity-type":"reserved","instance-types":"1-cpu-1-mem-amd64-linux-test-zone-1-on-demand"}]}
[38;5;10m•[0m    logger.go:146: 2026-03-02T10:44:22.861-0800	INFO	disruption/queue.go:325	disrupting node(s)	{"command": "Underutilized/cfce1181-a967-49e2-b136-8286ae580397: replace: [chargernoble-4398-zhej3j0yji] -> [1 replacement] (savings: $20.14)", "decision": "replace", "disrupted-node-count": 1, "replacement-node-count": 1, "pod-count": 1, "disrupted-nodes": [{"Node":{"name":"chargernoble-4398-zhej3j0yji"},"NodeClaim":{"name":"monkeyplume-4396-rgnizlpprm"},"capacity-type":"on-demand","instance-type":"64-cpu-128-mem-arm64-windows-test-zone-3-on-demand"}], "replacement-nodes": [{"capacity-type":"reserved","instance-types":"64-cpu-128-mem-arm64-windows-test-zone-3-on-demand"}]}
    logger.go:146: 2026-03-02T10:44:22.868-0800	INFO	provisioning/provisioner.go:438	created nodeclaim	{"NodePool": {"name":"legcedar-4394-fdsd0s3yqc"}, "NodeClaim": {"name":"legcedar-4394-fdsd0s3yqc-4tsjs"}, "requests": {"pods":"1"}, "instance-types": "64-cpu-128-mem-arm64-windows-test-zone-3-on-demand"}
    logger.go:146: 2026-03-02T10:44:22.943-0800	DEBUG	disruption/queue.go:175	command succeeded	{"decision": "replace", "disrupted-node-count": 1, "replacement-node-count": 1, "pod-count": 1, "disrupted-nodes": [{"Node":{"name":"chargernoble-4398-zhej3j0yji"},"NodeClaim":{"name":"monkeyplume-4396-rgnizlpprm"},"capacity-type":"on-demand","instance-type":"64-cpu-128-mem-arm64-windows-test-zone-3-on-demand"}], "replacement-nodes": [{"capacity-type":"reserved","instance-types":"64-cpu-128-mem-arm64-windows-test-zone-3-on-demand"}]}
[38;5;10m•[0m    logger.go:146: 2026-03-02T10:44:23.181-0800	INFO	disruption/queue.go:325	disrupting node(s)	{"command": "Underutilized/dbb3e712-4415-4691-8a63-8bdb9e757643: replace: [wingcerulean-4417-5cmcmn8dey] -> [1 replacement] (savings: $20.14)", "decision": "replace", "disrupted-node-count": 1, "replacement-node-count": 1, "pod-count": 1, "disrupted-nodes": [{"Node":{"name":"wingcerulean-4417-5cmcmn8dey"},"NodeClaim":{"name":"pawfrost-4415-yclvqazd78"},"capacity-type":"spot","instance-type":"64-cpu-128-mem-arm64-windows-test-zone-3-spot"}], "replacement-nodes": [{"capacity-type":"reserved","instance-types":"64-cpu-128-mem-arm64-windows-test-zone-3-on-demand"}]}
    logger.go:146: 2026-03-02T10:44:23.188-0800	INFO	provisioning/provisioner.go:438	created nodeclaim	{"NodePool": {"name":"terriervaliant-4410-nkrtqxmzam"}, "NodeClaim": {"name":"terriervaliant-4410-nkrtqxmzam-6ww4d"}, "requests": {"pods":"1"}, "instance-types": "64-cpu-128-mem-arm64-windows-test-zone-3-on-demand"}
    logger.go:146: 2026-03-02T10:44:23.248-0800	DEBUG	disruption/queue.go:175	command succeeded	{"decision": "replace", "disrupted-node-count": 1, "replacement-node-count": 1, "pod-count": 1, "disrupted-nodes": [{"Node":{"name":"wingcerulean-4417-5cmcmn8dey"},"NodeClaim":{"name":"pawfrost-4415-yclvqazd78"},"capacity-type":"spot","instance-type":"64-cpu-128-mem-arm64-windows-test-zone-3-spot"}], "replacement-nodes": [{"capacity-type":"reserved","instance-types":"64-cpu-128-mem-arm64-windows-test-zone-3-on-demand"}]}
[38;5;10m•[0m    logger.go:146: 2026-03-02T10:44:23.463-0800	INFO	disruption/queue.go:325	disrupting node(s)	{"command": "Underutilized/3ee87ccf-83c7-4d63-a2f0-ce54956a6253: delete: [bonemorning-4439-dzcnlvqe02] (savings: $0.21)", "decision": "delete", "disrupted-node-count": 1, "replacement-node-count": 0, "pod-count": 1, "disrupted-nodes": [{"Node":{"name":"bonemorning-4439-dzcnlvqe02"},"NodeClaim":{"name":"stormrag-4437-cv0rbkwtyq"},"capacity-type":"on-demand","instance-type":"1-cpu-1-mem-amd64-linux-test-zone-1-on-demand"}], "replacement-nodes": []}
    logger.go:146: 2026-03-02T10:44:23.468-0800	DEBUG	disruption/queue.go:175	command succeeded	{"decision": "delete", "disrupted-node-count": 1, "replacement-node-count": 0, "pod-count": 1, "disrupted-nodes": [{"Node":{"name":"bonemorning-4439-dzcnlvqe02"},"NodeClaim":{"name":"stormrag-4437-cv0rbkwtyq"},"capacity-type":"on-demand","instance-type":"1-cpu-1-mem-amd64-linux-test-zone-1-on-demand"}], "replacement-nodes": []}
[38;5;10m•[0m    logger.go:146: 2026-03-02T10:44:23.771-0800	INFO	disruption/queue.go:325	disrupting node(s)	{"command": "Underutilized/21ea63eb-19b9-4e44-8b72-ecc7642f5c54: replace: [frillorange-4450-c363xuvzij] -> [1 replacement] (savings: $19.94)", "decision": "replace", "disrupted-node-count": 1, "replacement-node-count": 1, "pod-count": 1, "disrupted-nodes": [{"Node":{"name":"frillorange-4450-c363xuvzij"},"NodeClaim":{"name":"thunderhill-4448-wowdu71vnr"},"capacity-type":"on-demand","instance-type":"64-cpu-128-mem-arm64-windows-test-zone-3-on-demand"}], "replacement-nodes": [{"capacity-type":"spot","instance-types":"1-cpu-1-mem-amd64-linux-test-zone-1-spot, 1-cpu-1-mem-amd64-windows-test-zone-2-spot, 1-cpu-1-mem-amd64-windows-test-zone-1-spot, 1-cpu-1-mem-arm64-windows-test-zone-1-spot, 1-cpu-1-mem-amd64-linux-test-zone-1-on-demand and 595 other(s)"}]}
    logger.go:146: 2026-03-02T10:44:23.781-0800	INFO	provisioning/provisioner.go:438	created nodeclaim	{"NodePool": {"name":"sagepower-4446-beakz9l4d3"}, "NodeClaim": {"name":"sagepower-4446-beakz9l4d3-lww9t"}, "requests": {"pods":"1"}, "instance-types": "1-cpu-1-mem-amd64-linux-test-zone-1-on-demand, 1-cpu-1-mem-amd64-linux-test-zone-1-spot, 1-cpu-1-mem-amd64-linux-test-zone-2-on-demand, 1-cpu-1-mem-amd64-linux-test-zone-2-spot, 1-cpu-1-mem-amd64-linux-test-zone-3-on-demand and 595 other(s)"}
    logger.go:146: 2026-03-02T10:44:23.832-0800	DEBUG	disruption/queue.go:175	command succeeded	{"decision": "replace", "disrupted-node-count": 1, "replacement-node-count": 1, "pod-count": 1, "disrupted-nodes": [{"Node":{"name":"frillorange-4450-c363xuvzij"},"NodeClaim":{"name":"thunderhill-4448-wowdu71vnr"},"capacity-type":"on-demand","instance-type":"64-cpu-128-mem-arm64-windows-test-zone-3-on-demand"}], "replacement-nodes": [{"capacity-type":"spot","instance-types":"1-cpu-1-mem-amd64-windows-test-zone-3-spot, 1-cpu-1-mem-amd64-windows-test-zone-2-spot, 1-cpu-1-mem-amd64-windows-test-zone-1-spot, 1-cpu-1-mem-arm64-windows-test-zone-1-spot, 1-cpu-1-mem-amd64-linux-test-zone-1-spot and 595 other(s)"}]}
[38;5;10m•[0m[38;5;10m•[0m[38;5;10m•[0m    logger.go:146: 2026-03-02T10:44:24.397-0800	INFO	disruption/queue.go:325	disrupting node(s)	{"command": "Drifted/bf9d3ff3-a553-4c6e-ad44-784e2ccc8203: replace: [queenivy-4492-fxlmznsy4v] -> [1 replacement] (savings: $0.00)", "decision": "replace", "disrupted-node-count": 1, "replacement-node-count": 1, "pod-count": 0, "disrupted-nodes": [{"Node":{"name":"queenivy-4492-fxlmznsy4v"},"NodeClaim":{"name":"chillerginger-4490-jtw60nlhw8"},"capacity-type":"spot","instance-type":"1-cpu-1-mem-amd64-linux-test-zone-1-spot"}], "replacement-nodes": [{"capacity-type":"reserved","instance-types":"1-cpu-1-mem-amd64-linux-test-zone-1-spot, 1-cpu-1-mem-arm64-linux-test-zone-1-spot, 1-cpu-1-mem-amd64-windows-test-zone-1-spot, 1-cpu-1-mem-arm64-windows-test-zone-1-spot, 1-cpu-1-mem-amd64-linux-test-zone-1-on-demand and 1339 other(s)"}]}
    logger.go:146: 2026-03-02T10:44:24.407-0800	INFO	provisioning/provisioner.go:438	created nodeclaim	{"NodePool": {"name":"gargoylepolar-4488-eg78ahi1vi"}, "NodeClaim": {"name":"gargoylepolar-4488-eg78ahi1vi-hwdfl"}, "requests": null, "instance-types": "1-cpu-1-mem-amd64-linux-test-zone-1-on-demand, 1-cpu-1-mem-amd64-linux-test-zone-1-spot, 1-cpu-1-mem-amd64-linux-test-zone-2-on-demand, 1-cpu-1-mem-amd64-linux-test-zone-2-spot, 1-cpu-1-mem-amd64-linux-test-zone-3-on-demand and 595 other(s)"}
[38;5;10m•[0m    logger.go:146: 2026-03-02T10:44:24.699-0800	INFO	disruption/queue.go:325	disrupting node(s)	{"command": "Drifted/cb6672d6-88c1-46be-9936-9d1b824537ae: replace: [servantrift-4500-cxixzchfjc] -> [1 replacement] (savings: $0.00)", "decision": "replace", "disrupted-node-count": 1, "replacement-node-count": 1, "pod-count": 0, "disrupted-nodes": [{"Node":{"name":"servantrift-4500-cxixzchfjc"},"NodeClaim":{"name":"fightermorning-4498-6ipbloefyk"},"capacity-type":"spot","instance-type":"1-cpu-1-mem-amd64-linux-test-zone-1-spot"}], "replacement-nodes": [{"capacity-type":"reserved","instance-types":"1-cpu-1-mem-amd64-linux-test-zone-1-spot, 1-cpu-1-mem-arm64-linux-test-zone-1-spot, 1-cpu-1-mem-amd64-windows-test-zone-1-spot, 1-cpu-1-mem-arm64-windows-test-zone-1-spot, 1-cpu-1-mem-amd64-linux-test-zone-1-on-demand and 1339 other(s)"}]}
    logger.go:146: 2026-03-02T10:44:24.710-0800	INFO	provisioning/provisioner.go:438	created nodeclaim	{"NodePool": {"name":"shifttorch-4496-qvnorbbabk"}, "NodeClaim": {"name":"shifttorch-4496-qvnorbbabk-96pbj"}, "requests": null, "instance-types": "1-cpu-1-mem-amd64-linux-test-zone-1-on-demand, 1-cpu-1-mem-amd64-linux-test-zone-1-spot, 1-cpu-1-mem-amd64-linux-test-zone-2-on-demand, 1-cpu-1-mem-amd64-linux-test-zone-2-spot, 1-cpu-1-mem-amd64-linux-test-zone-3-on-demand and 595 other(s)"}
[38;5;10m•[0m    logger.go:146: 2026-03-02T10:44:24.901-0800	INFO	disruption/queue.go:325	disrupting node(s)	{"command": "Drifted/4cae0e5a-2168-4771-a88a-2ec3ebd1d471: replace: [gemgranite-4508-ffievm8elv] -> [1 replacement] (savings: $0.00)", "decision": "replace", "disrupted-node-count": 1, "replacement-node-count": 1, "pod-count": 0, "disrupted-nodes": [{"Node":{"name":"gemgranite-4508-ffievm8elv"},"NodeClaim":{"name":"bugatom-4506-jkormyocjy"},"capacity-type":"spot","instance-type":"1-cpu-1-mem-amd64-linux-test-zone-1-spot"}], "replacement-nodes": [{"capacity-type":"reserved","instance-types":"1-cpu-1-mem-amd64-linux-test-zone-1-spot, 1-cpu-1-mem-arm64-linux-test-zone-1-spot, 1-cpu-1-mem-amd64-windows-test-zone-1-spot, 1-cpu-1-mem-arm64-windows-test-zone-1-spot, 1-cpu-1-mem-amd64-linux-test-zone-1-on-demand and 1339 other(s)"}]}
    logger.go:146: 2026-03-02T10:44:24.912-0800	INFO	provisioning/provisioner.go:438	created nodeclaim	{"NodePool": {"name":"spidersapphire-4504-vxfqmskonj"}, "NodeClaim": {"name":"spidersapphire-4504-vxfqmskonj-5jc7k"}, "requests": null, "instance-types": "1-cpu-1-mem-amd64-linux-test-zone-1-on-demand, 1-cpu-1-mem-amd64-linux-test-zone-1-spot, 1-cpu-1-mem-amd64-linux-test-zone-2-on-demand, 1-cpu-1-mem-amd64-linux-test-zone-2-spot, 1-cpu-1-mem-amd64-linux-test-zone-3-on-demand and 595 other(s)"}
[38;5;10m•[0m    logger.go:146: 2026-03-02T10:44:25.147-0800	INFO	disruption/queue.go:325	disrupting node(s)	{"command": "Drifted/dcad3831-2611-4249-8855-a45677d58f7b: replace: [eaglestone-4517-rykpzoh3y9] -> [1 replacement] (savings: $0.00)", "decision": "replace", "disrupted-node-count": 1, "replacement-node-count": 1, "pod-count": 0, "disrupted-nodes": [{"Node":{"name":"eaglestone-4517-rykpzoh3y9"},"NodeClaim":{"name":"apebog-4515-rkpj9tbrhz"},"capacity-type":"spot","instance-type":"1-cpu-1-mem-amd64-linux-test-zone-1-spot"}], "replacement-nodes": [{"capacity-type":"reserved","instance-types":"1-cpu-1-mem-amd64-linux-test-zone-1-spot, 1-cpu-1-mem-arm64-linux-test-zone-1-spot, 1-cpu-1-mem-amd64-windows-test-zone-1-spot, 1-cpu-1-mem-arm64-windows-test-zone-1-spot, 1-cpu-1-mem-amd64-linux-test-zone-1-on-demand and 1339 other(s)"}]}
    logger.go:146: 2026-03-02T10:44:25.156-0800	INFO	provisioning/provisioner.go:438	created nodeclaim	{"NodePool": {"name":"carpalder-4513-idetoxte2j"}, "NodeClaim": {"name":"carpalder-4513-idetoxte2j-ssrr2"}, "requests": null, "instance-types": "1-cpu-1-mem-amd64-linux-test-zone-1-on-demand, 1-cpu-1-mem-amd64-linux-test-zone-1-spot, 1-cpu-1-mem-amd64-linux-test-zone-2-on-demand, 1-cpu-1-mem-amd64-linux-test-zone-2-spot, 1-cpu-1-mem-amd64-linux-test-zone-3-on-demand and 595 other(s)"}
    logger.go:146: 2026-03-02T10:44:25.161-0800	ERROR	disruption/queue.go:173	failed terminating nodes while executing a disruption command	{"decision": "replace", "disrupted-node-count": 1, "replacement-node-count": 1, "pod-count": 0, "disrupted-nodes": [{"Node":{"name":"eaglestone-4517-rykpzoh3y9"},"NodeClaim":{"name":"apebog-4515-rkpj9tbrhz"},"capacity-type":"spot","instance-type":"1-cpu-1-mem-amd64-linux-test-zone-1-spot"}], "replacement-nodes": [{"capacity-type":"spot","instance-types":"1-cpu-1-mem-amd64-linux-test-zone-1-spot, 1-cpu-1-mem-amd64-windows-test-zone-2-spot, 1-cpu-1-mem-amd64-windows-test-zone-1-spot, 1-cpu-1-mem-arm64-windows-test-zone-1-spot, 1-cpu-1-mem-amd64-linux-test-zone-1-on-demand and 1339 other(s)"}], "error": "command reached timeout, waiting for replacement initialization, nodeclaim not initialized (NodeClaim=carpalder-4513-idetoxte2j-ssrr2) (duration=11m0s)"}
[38;5;10m•[0m    logger.go:146: 2026-03-02T10:44:25.349-0800	INFO	disruption/queue.go:325	disrupting node(s)	{"command": "Drifted/4c82bdc8-4188-4530-8c1c-e75efceba389: replace: [wyrmcarnation-4525-ujyzz9wesx] -> [1 replacement] (savings: $0.00)", "decision": "replace", "disrupted-node-count": 1, "replacement-node-count": 1, "pod-count": 0, "disrupted-nodes": [{"Node":{"name":"wyrmcarnation-4525-ujyzz9wesx"},"NodeClaim":{"name":"beeglimmer-4523-0jaxen0blt"},"capacity-type":"spot","instance-type":"1-cpu-1-mem-amd64-linux-test-zone-1-spot"}], "replacement-nodes": [{"capacity-type":"reserved","instance-types":"1-cpu-1-mem-amd64-linux-test-zone-1-spot, 1-cpu-1-mem-arm64-linux-test-zone-1-spot, 1-cpu-1-mem-amd64-windows-test-zone-1-spot, 1-cpu-1-mem-arm64-windows-test-zone-1-spot, 1-cpu-1-mem-amd64-linux-test-zone-1-on-demand and 1339 other(s)"}]}
    logger.go:146: 2026-03-02T10:44:25.359-0800	INFO	provisioning/provisioner.go:438	created nodeclaim	{"NodePool": {"name":"stingvaliant-4521-dz8gjorts0"}, "NodeClaim": {"name":"stingvaliant-4521-dz8gjorts0-dtxdb"}, "requests": null, "instance-types": "1-cpu-1-mem-amd64-linux-test-zone-1-on-demand, 1-cpu-1-mem-amd64-linux-test-zone-1-spot, 1-cpu-1-mem-amd64-linux-test-zone-2-on-demand, 1-cpu-1-mem-amd64-linux-test-zone-2-spot, 1-cpu-1-mem-amd64-linux-test-zone-3-on-demand and 595 other(s)"}
    logger.go:146: 2026-03-02T10:44:25.556-0800	DEBUG	disruption/queue.go:175	command succeeded	{"decision": "replace", "disrupted-node-count": 1, "replacement-node-count": 1, "pod-count": 0, "disrupted-nodes": [{"Node":{"name":"wyrmcarnation-4525-ujyzz9wesx"},"NodeClaim":{"name":"beeglimmer-4523-0jaxen0blt"},"capacity-type":"spot","instance-type":"1-cpu-1-mem-amd64-linux-test-zone-1-spot"}], "replacement-nodes": [{"capacity-type":"spot","instance-types":"1-cpu-1-mem-amd64-linux-test-zone-1-spot, 1-cpu-1-mem-amd64-windows-test-zone-2-spot, 1-cpu-1-mem-amd64-windows-test-zone-1-spot, 1-cpu-1-mem-arm64-windows-test-zone-1-spot, 1-cpu-1-mem-amd64-linux-test-zone-1-on-demand and 1339 other(s)"}]}
[38;5;10m•[0m    logger.go:146: 2026-03-02T10:44:25.752-0800	INFO	disruption/queue.go:325	disrupting node(s)	{"command": "Drifted/83664bf4-2882-4bc1-a3dd-7ca23d6c8f27: replace: [stingerchrome-4534-0utdxeo7zf] -> [2 replacements] (savings: $0.00)", "decision": "replace", "disrupted-node-count": 1, "replacement-node-count": 2, "pod-count": 0, "disrupted-nodes": [{"Node":{"name":"stingerchrome-4534-0utdxeo7zf"},"NodeClaim":{"name":"birdsugar-4532-ldlactyrdk"},"capacity-type":"spot","instance-type":"1-cpu-1-mem-amd64-linux-test-zone-1-spot"}], "replacement-nodes": [{"capacity-type":"reserved"},{"capacity-type":"reserved"}]}
    logger.go:146: 2026-03-02T10:44:25.764-0800	INFO	provisioning/provisioner.go:438	created nodeclaim	{"NodePool": {"name":"piratespring-4530-euqy2tfuih"}, "NodeClaim": {"name":"piratespring-4530-euqy2tfuih-d4w8g"}, "requests": null, "instance-types": "1-cpu-1-mem-amd64-linux-test-zone-1-on-demand, 1-cpu-1-mem-amd64-linux-test-zone-1-spot, 1-cpu-1-mem-amd64-linux-test-zone-2-on-demand, 1-cpu-1-mem-amd64-linux-test-zone-2-spot, 1-cpu-1-mem-amd64-linux-test-zone-3-on-demand and 595 other(s)"}
    logger.go:146: 2026-03-02T10:44:25.764-0800	INFO	provisioning/provisioner.go:438	created nodeclaim	{"NodePool": {"name":"piratespring-4530-euqy2tfuih"}, "NodeClaim": {"name":"piratespring-4530-euqy2tfuih-tp42f"}, "requests": null, "instance-types": "1-cpu-1-mem-amd64-linux-test-zone-1-on-demand, 1-cpu-1-mem-amd64-linux-test-zone-1-spot, 1-cpu-1-mem-amd64-linux-test-zone-2-on-demand, 1-cpu-1-mem-amd64-linux-test-zone-2-spot, 1-cpu-1-mem-amd64-linux-test-zone-3-on-demand and 595 other(s)"}
    logger.go:146: 2026-03-02T10:44:26.161-0800	DEBUG	disruption/queue.go:175	command succeeded	{"decision": "replace", "disrupted-node-count": 1, "replacement-node-count": 2, "pod-count": 0, "disrupted-nodes": [{"Node":{"name":"stingerchrome-4534-0utdxeo7zf"},"NodeClaim":{"name":"birdsugar-4532-ldlactyrdk"},"capacity-type":"spot","instance-type":"1-cpu-1-mem-amd64-linux-test-zone-1-spot"}], "replacement-nodes": [{"capacity-type":"spot"},{"capacity-type":"spot"}]}
[38;5;10m•[0m    logger.go:146: 2026-03-02T10:44:26.355-0800	INFO	disruption/queue.go:325	disrupting node(s)	{"command": "Drifted/d4b2e989-36e0-4745-8fa1-d627ac1802ca: delete: [headcrystal-4544-sndvdqxidu] (savings: $0.00)", "decision": "delete", "disrupted-node-count": 1, "replacement-node-count": 0, "pod-count": 0, "disrupted-nodes": [{"Node":{"name":"headcrystal-4544-sndvdqxidu"},"NodeClaim":{"name":"snarldot-4542-o10ueei81p"},"capacity-type":"spot","instance-type":"1-cpu-1-mem-amd64-linux-test-zone-1-spot"}], "replacement-nodes": []}
    logger.go:146: 2026-03-02T10:44:26.360-0800	DEBUG	disruption/queue.go:175	command succeeded	{"decision": "delete", "disrupted-node-count": 1, "replacement-node-count": 0, "pod-count": 0, "disrupted-nodes": [{"Node":{"name":"headcrystal-4544-sndvdqxidu"},"NodeClaim":{"name":"snarldot-4542-o10ueei81p"},"capacity-type":"spot","instance-type":"1-cpu-1-mem-amd64-linux-test-zone-1-spot"}], "replacement-nodes": []}
[38;5;10m•[0m    logger.go:146: 2026-03-02T10:44:26.559-0800	INFO	disruption/queue.go:325	disrupting node(s)	{"command": "Drifted/73a349a6-cd17-49ae-8b28-eadf8eb22913: replace: [hisserhate-4552-qzro7jyemv] -> [1 replacement] (savings: $0.00)", "decision": "replace", "disrupted-node-count": 1, "replacement-node-count": 1, "pod-count": 0, "disrupted-nodes": [{"Node":{"name":"hisserhate-4552-qzro7jyemv"},"NodeClaim":{"name":"thornspring-4550-4hdvynldk1"},"capacity-type":"spot","instance-type":"1-cpu-1-mem-amd64-linux-test-zone-1-spot"}], "replacement-nodes": [{"capacity-type":"reserved","instance-types":"1-cpu-1-mem-amd64-linux-test-zone-1-spot, 1-cpu-1-mem-arm64-linux-test-zone-1-spot, 1-cpu-1-mem-amd64-windows-test-zone-1-spot, 1-cpu-1-mem-arm64-windows-test-zone-1-spot, 1-cpu-1-mem-amd64-linux-test-zone-1-on-demand and 1339 other(s)"}]}
    logger.go:146: 2026-03-02T10:44:26.570-0800	INFO	provisioning/provisioner.go:438	created nodeclaim	{"NodePool": {"name":"stalkerfate-4548-lwsirizz69"}, "NodeClaim": {"name":"stalkerfate-4548-lwsirizz69-ql69r"}, "requests": null, "instance-types": "1-cpu-1-mem-amd64-linux-test-zone-1-on-demand, 1-cpu-1-mem-amd64-linux-test-zone-1-spot, 1-cpu-1-mem-amd64-linux-test-zone-2-on-demand, 1-cpu-1-mem-amd64-linux-test-zone-2-spot, 1-cpu-1-mem-amd64-linux-test-zone-3-on-demand and 595 other(s)"}
    logger.go:146: 2026-03-02T10:44:26.570-0800	INFO	disruption/queue.go:325	disrupting node(s)	{"command": "Drifted/9c3ac77c-b12d-4dd2-a4e9-e4049361534d: replace: [grabberbow-4555-kn0uccnpcj] -> [1 replacement] (savings: $0.00)", "decision": "replace", "disrupted-node-count": 1, "replacement-node-count": 1, "pod-count": 0, "disrupted-nodes": [{"Node":{"name":"grabberbow-4555-kn0uccnpcj"},"NodeClaim":{"name":"carphelix-4553-xttrfptktm"},"capacity-type":"spot","instance-type":"1-cpu-1-mem-amd64-linux-test-zone-1-spot"}], "replacement-nodes": [{"capacity-type":"reserved","instance-types":"1-cpu-1-mem-amd64-linux-test-zone-1-spot, 1-cpu-1-mem-arm64-linux-test-zone-1-spot, 1-cpu-1-mem-amd64-windows-test-zone-1-spot, 1-cpu-1-mem-arm64-windows-test-zone-1-spot, 1-cpu-1-mem-amd64-linux-test-zone-1-on-demand and 1339 other(s)"}]}
    logger.go:146: 2026-03-02T10:44:26.580-0800	INFO	provisioning/provisioner.go:438	created nodeclaim	{"NodePool": {"name":"stalkerfate-4548-lwsirizz69"}, "NodeClaim": {"name":"stalkerfate-4548-lwsirizz69-ftnwk"}, "requests": null, "instance-types": "1-cpu-1-mem-amd64-linux-test-zone-1-on-demand, 1-cpu-1-mem-amd64-linux-test-zone-1-spot, 1-cpu-1-mem-amd64-linux-test-zone-2-on-demand, 1-cpu-1-mem-amd64-linux-test-zone-2-spot, 1-cpu-1-mem-amd64-linux-test-zone-3-on-demand and 595 other(s)"}
    logger.go:146: 2026-03-02T10:44:26.865-0800	DEBUG	disruption/queue.go:175	command succeeded	{"decision": "replace", "disrupted-node-count": 1, "replacement-node-count": 1, "pod-count": 0, "disrupted-nodes": [{"Node":{"name":"hisserhate-4552-qzro7jyemv"},"NodeClaim":{"name":"thornspring-4550-4hdvynldk1"},"capacity-type":"spot","instance-type":"1-cpu-1-mem-amd64-linux-test-zone-1-spot"}], "replacement-nodes": [{"capacity-type":"spot","instance-types":"1-cpu-1-mem-amd64-linux-test-zone-1-spot, 1-cpu-1-mem-amd64-windows-test-zone-2-spot, 1-cpu-1-mem-amd64-windows-test-zone-1-spot, 1-cpu-1-mem-arm64-windows-test-zone-1-spot, 1-cpu-1-mem-amd64-linux-test-zone-1-on-demand and 1339 other(s)"}]}
    logger.go:146: 2026-03-02T10:44:26.963-0800	DEBUG	disruption/queue.go:175	command succeeded	{"decision": "replace", "disrupted-node-count": 1, "replacement-node-count": 1, "pod-count": 0, "disrupted-nodes": [{"Node":{"name":"grabberbow-4555-kn0uccnpcj"},"NodeClaim":{"name":"carphelix-4553-xttrfptktm"},"capacity-type":"spot","instance-type":"1-cpu-1-mem-amd64-linux-test-zone-1-spot"}], "replacement-nodes": [{"capacity-type":"spot","instance-types":"1-cpu-1-mem-amd64-linux-test-zone-1-spot, 1-cpu-1-mem-amd64-windows-test-zone-2-spot, 1-cpu-1-mem-amd64-windows-test-zone-1-spot, 1-cpu-1-mem-arm64-windows-test-zone-1-spot, 1-cpu-1-mem-amd64-linux-test-zone-1-on-demand and 1339 other(s)"}]}
[38;5;10m•[0m[38;5;10m•[0m[38;5;10m•[0m[38;5;10m•[0m[38;5;10m•[0m[38;5;10m•[0m[38;5;10m•[0m[38;5;10m•[0m    logger.go:146: 2026-03-02T10:44:30.914-0800	DEBUG	disruption/singlenodeconsolidation.go:163	prioritizing nodepools that have not yet been considered due to timeouts in previous runs: nodepool-2
[38;5;10m•[0m[38;5;10m•[0m    logger.go:146: 2026-03-02T10:44:33.536-0800	DEBUG	disruption/singlenodeconsolidation.go:163	prioritizing nodepools that have not yet been considered due to timeouts in previous runs: nodepool-2
[38;5;10m•[0m    logger.go:146: 2026-03-02T10:44:39.731-0800	DEBUG	disruption/singlenodeconsolidation.go:71	abandoning single-node consolidation due to timeout after evaluating 0 candidates
[38;5;10m•[0m    logger.go:146: 2026-03-02T10:44:40.160-0800	INFO	disruption/queue.go:325	disrupting node(s)	{"command": "Empty/f0896265-3321-4335-8267-0e51102488ad: delete: [kickersolar-4925-qkfd4b1vcm] (savings: $0.21)", "decision": "delete", "disrupted-node-count": 1, "replacement-node-count": 0, "pod-count": 0, "disrupted-nodes": [{"Node":{"name":"kickersolar-4925-qkfd4b1vcm"},"NodeClaim":{"name":"lizardzinc-4923-38sg5bbc5q"},"capacity-type":"on-demand","instance-type":"1-cpu-1-mem-amd64-linux-test-zone-1-on-demand"}], "replacement-nodes": []}
[38;5;10m•[0m    logger.go:146: 2026-03-02T10:44:40.434-0800	INFO	disruption/queue.go:325	disrupting node(s)	{"command": "Drifted/04aa61aa-eccb-40d8-b474-1a27649b6b4e: delete: [grinbronze-4936-0attwyftzu] (savings: $0.21)", "decision": "delete", "disrupted-node-count": 1, "replacement-node-count": 0, "pod-count": 2, "disrupted-nodes": [{"Node":{"name":"grinbronze-4936-0attwyftzu"},"NodeClaim":{"name":"samurailegend-4934-0o97prwins"},"capacity-type":"on-demand","instance-type":"1-cpu-1-mem-amd64-linux-test-zone-1-on-demand"}], "replacement-nodes": []}
[38;5;10m•[0m    logger.go:146: 2026-03-02T10:44:40.749-0800	INFO	disruption/queue.go:325	disrupting node(s)	{"command": "Drifted/59258de4-0e67-4d7c-bf69-468d4f14ea3b: replace: [lynxoasis-4955-wajzboag6x] -> [1 replacement] (savings: $0.00)", "decision": "replace", "disrupted-node-count": 1, "replacement-node-count": 1, "pod-count": 4, "disrupted-nodes": [{"Node":{"name":"lynxoasis-4955-wajzboag6x"},"NodeClaim":{"name":"beakfortune-4953-vcmlnlxqab"},"capacity-type":"on-demand","instance-type":"1-cpu-1-mem-amd64-linux-test-zone-1-on-demand"}], "replacement-nodes": [{"capacity-type":"reserved","instance-types":"1-cpu-1-mem-amd64-linux-test-zone-1-spot, 1-cpu-1-mem-amd64-windows-test-zone-2-spot, 1-cpu-1-mem-amd64-windows-test-zone-1-spot, 1-cpu-1-mem-arm64-windows-test-zone-1-spot, 1-cpu-1-mem-amd64-linux-test-zone-1-on-demand and 595 other(s)"}]}
    logger.go:146: 2026-03-02T10:44:40.758-0800	INFO	provisioning/provisioner.go:438	created nodeclaim	{"NodePool": {"name":"voletin-4951-pd5u1basvz"}, "NodeClaim": {"name":"voletin-4951-pd5u1basvz-nbj96"}, "requests": {"pods":"4"}, "instance-types": "1-cpu-1-mem-amd64-linux-test-zone-1-on-demand, 1-cpu-1-mem-amd64-linux-test-zone-1-spot, 1-cpu-1-mem-amd64-linux-test-zone-2-on-demand, 1-cpu-1-mem-amd64-linux-test-zone-2-spot, 1-cpu-1-mem-amd64-linux-test-zone-3-on-demand and 595 other(s)"}
[38;5;10m•[0m    logger.go:146: 2026-03-02T10:44:41.028-0800	INFO	disruption/queue.go:325	disrupting node(s)	{"command": "Empty/2ed58014-5412-4207-95b7-5ea4c78091e4: delete: [monkeyslash-4974-ieljvybzva, chanterquark-4977-wktgzd4l4s, knightforest-4980-brxrvu5hcm] (savings: $0.62)", "decision": "delete", "disrupted-node-count": 3, "replacement-node-count": 0, "pod-count": 0, "disrupted-nodes": [{"Node":{"name":"monkeyslash-4974-ieljvybzva"},"NodeClaim":{"name":"gargoylepink-4972-ddswxv4jre"},"capacity-type":"on-demand","instance-type":"1-cpu-1-mem-amd64-linux-test-zone-1-on-demand"},{"Node":{"name":"chanterquark-4977-wktgzd4l4s"},"NodeClaim":{"name":"talonstripe-4975-vunvlvzwpa"},"capacity-type":"on-demand","instance-type":"1-cpu-1-mem-amd64-linux-test-zone-1-on-demand"},{"Node":{"name":"knightforest-4980-brxrvu5hcm"},"NodeClaim":{"name":"heromeadow-4978-ojnshk4bv8"},"capacity-type":"on-demand","instance-type":"1-cpu-1-mem-amd64-linux-test-zone-1-on-demand"}], "replacement-nodes": []}
[38;5;10m•[0m    logger.go:146: 2026-03-02T10:44:41.372-0800	INFO	disruption/queue.go:325	disrupting node(s)	{"command": "Underutilized/67211349-b5cd-494c-b0ab-456d39240257: delete: [skinnermorning-4985-khfmshqf4o, throattreasure-4988-qpxsyhzxqd] (savings: $0.41)", "decision": "delete", "disrupted-node-count": 2, "replacement-node-count": 0, "pod-count": 1, "disrupted-nodes": [{"Node":{"name":"skinnermorning-4985-khfmshqf4o"},"NodeClaim":{"name":"bugisland-4983-pj5kl6wlfp"},"capacity-type":"on-demand","instance-type":"1-cpu-1-mem-amd64-linux-test-zone-1-on-demand"},{"Node":{"name":"throattreasure-4988-qpxsyhzxqd"},"NodeClaim":{"name":"nosecarnation-4986-uhh7o6p544"},"capacity-type":"on-demand","instance-type":"1-cpu-1-mem-amd64-linux-test-zone-1-on-demand"}], "replacement-nodes": []}
[38;5;10m•[0m    logger.go:146: 2026-03-02T10:44:41.725-0800	INFO	disruption/queue.go:325	disrupting node(s)	{"command": "Underutilized/e7f498b0-0323-4e71-83b6-3266236adfea: replace: [necknorth-5015-xzhizd3rgj, chillertime-5018-k7ddpkk4lc, eaterwild-5021-xszlwedezz] -> [1 replacement] (savings: $60.22)", "decision": "replace", "disrupted-node-count": 3, "replacement-node-count": 1, "pod-count": 2, "disrupted-nodes": [{"Node":{"name":"necknorth-5015-xzhizd3rgj"},"NodeClaim":{"name":"fangring-5013-zd1phvhcey"},"capacity-type":"on-demand","instance-type":"64-cpu-128-mem-arm64-windows-test-zone-3-on-demand"},{"Node":{"name":"chillertime-5018-k7ddpkk4lc"},"NodeClaim":{"name":"foxfringe-5016-hqhlwlozse"},"capacity-type":"on-demand","instance-type":"64-cpu-128-mem-arm64-windows-test-zone-3-on-demand"},{"Node":{"name":"eaterwild-5021-xszlwedezz"},"NodeClaim":{"name":"yakphase-5019-sepvgbby0j"},"capacity-type":"on-demand","instance-type":"64-cpu-128-mem-arm64-windows-test-zone-3-on-demand"}], "replacement-nodes": [{"capacity-type":"spot","instance-types":"1-cpu-1-mem-amd64-linux-test-zone-1-spot, 1-cpu-1-mem-amd64-windows-test-zone-2-spot, 1-cpu-1-mem-amd64-windows-test-zone-1-spot, 1-cpu-1-mem-arm64-windows-test-zone-1-spot, 1-cpu-1-mem-amd64-linux-test-zone-2-spot and 295 other(s)"}]}
    logger.go:146: 2026-03-02T10:44:41.733-0800	INFO	provisioning/provisioner.go:438	created nodeclaim	{"NodePool": {"name":"noseamber-5002-frnb7oje7j"}, "NodeClaim": {"name":"noseamber-5002-frnb7oje7j-2hq9x"}, "requests": {"pods":"4"}, "instance-types": "1-cpu-1-mem-amd64-linux-test-zone-1-spot, 1-cpu-1-mem-amd64-linux-test-zone-2-spot, 1-cpu-1-mem-amd64-linux-test-zone-3-spot, 1-cpu-1-mem-amd64-windows-test-zone-1-spot, 1-cpu-1-mem-amd64-windows-test-zone-2-spot and 295 other(s)"}
[38;5;10m•[0m    logger.go:146: 2026-03-02T10:44:41.992-0800	ERROR	disruption/controller.go:254	failed listing nodepools	{"error": "client rate limiter Wait returned an error: context deadline exceeded"}
    logger.go:146: 2026-03-02T10:44:41.992-0800	ERROR	state/cluster.go:168	failed checking cluster state sync	{"error": "client rate limiter Wait returned an error: context deadline exceeded"}
[38;5;10m•[0m    logger.go:146: 2026-03-02T10:44:42.264-0800	INFO	disruption/queue.go:325	disrupting node(s)	{"command": "Drifted/8fbbd4bf-a767-482b-875a-079065a90aa5: replace: [legendstellar-5066-tl0pam5hzk] -> [1 replacement] (savings: $19.94)", "decision": "replace", "disrupted-node-count": 1, "replacement-node-count": 1, "pod-count": 1, "disrupted-nodes": [{"Node":{"name":"legendstellar-5066-tl0pam5hzk"},"NodeClaim":{"name":"flasherplain-5064-kvawikkirx"},"capacity-type":"on-demand","instance-type":"64-cpu-128-mem-arm64-windows-test-zone-3-on-demand"}], "replacement-nodes": [{"capacity-type":"reserved","instance-types":"1-cpu-1-mem-amd64-linux-test-zone-1-spot, 1-cpu-1-mem-amd64-windows-test-zone-2-spot, 1-cpu-1-mem-amd64-windows-test-zone-1-spot, 1-cpu-1-mem-arm64-windows-test-zone-1-spot, 1-cpu-1-mem-amd64-linux-test-zone-1-on-demand and 595 other(s)"}]}
    logger.go:146: 2026-03-02T10:44:42.272-0800	INFO	provisioning/provisioner.go:438	created nodeclaim	{"NodePool": {"name":"gembrown-5062-qew0t8t7me"}, "NodeClaim": {"name":"gembrown-5062-qew0t8t7me-ctchf"}, "requests": {"pods":"1"}, "instance-types": "1-cpu-1-mem-amd64-linux-test-zone-1-on-demand, 1-cpu-1-mem-amd64-linux-test-zone-1-spot, 1-cpu-1-mem-amd64-linux-test-zone-2-on-demand, 1-cpu-1-mem-amd64-linux-test-zone-2-spot, 1-cpu-1-mem-amd64-linux-test-zone-3-on-demand and 595 other(s)"}
[38;5;10m•[0m    logger.go:146: 2026-03-02T10:44:42.594-0800	INFO	disruption/queue.go:325	disrupting node(s)	{"command": "Drifted/e535374c-7cb4-4e57-9aa9-734e5d1cc379: delete: [serpentswift-5084-0bdgbpjur2] (savings: $20.14)", "decision": "delete", "disrupted-node-count": 1, "replacement-node-count": 0, "pod-count": 0, "disrupted-nodes": [{"Node":{"name":"serpentswift-5084-0bdgbpjur2"},"NodeClaim":{"name":"ladyplain-5082-egtamj0zdo"},"capacity-type":"on-demand","instance-type":"64-cpu-128-mem-arm64-windows-test-zone-3-on-demand"}], "replacement-nodes": []}
[38;5;10m•[0m    logger.go:146: 2026-03-02T10:44:42.990-0800	INFO	disruption/queue.go:325	disrupting node(s)	{"command": "Drifted/e99f30fe-6b8c-42e0-be7e-a835b7177270: delete: [bisonheather-5124-ohlu1kz916] (savings: $20.14)", "decision": "delete", "disrupted-node-count": 1, "replacement-node-count": 0, "pod-count": 1, "disrupted-nodes": [{"Node":{"name":"bisonheather-5124-ohlu1kz916"},"NodeClaim":{"name":"snappercherry-5122-uduu3vwpxt"},"capacity-type":"on-demand","instance-type":"64-cpu-128-mem-arm64-windows-test-zone-3-on-demand"}], "replacement-nodes": []}
    logger.go:146: 2026-03-02T10:44:43.093-0800	INFO	disruption/queue.go:325	disrupting node(s)	{"command": "Drifted/2ca56b96-e0dc-4645-a7a0-c7a2ed6c2fcb: delete: [cranewell-5127-cchyglou6j] (savings: $20.14)", "decision": "delete", "disrupted-node-count": 1, "replacement-node-count": 0, "pod-count": 1, "disrupted-nodes": [{"Node":{"name":"cranewell-5127-cchyglou6j"},"NodeClaim":{"name":"bardmaze-5125-jdkr4kxnjo"},"capacity-type":"on-demand","instance-type":"64-cpu-128-mem-arm64-windows-test-zone-3-on-demand"}], "replacement-nodes": []}
    logger.go:146: 2026-03-02T10:44:43.195-0800	INFO	disruption/queue.go:325	disrupting node(s)	{"command": "Drifted/be475fac-8474-4710-92b6-f9804164f4d8: delete: [ripperslime-5121-3j6rb1jnx0] (savings: $20.14)", "decision": "delete", "disrupted-node-count": 1, "replacement-node-count": 0, "pod-count": 1, "disrupted-nodes": [{"Node":{"name":"ripperslime-5121-3j6rb1jnx0"},"NodeClaim":{"name":"hairebony-5119-wdr9vv7etz"},"capacity-type":"on-demand","instance-type":"64-cpu-128-mem-arm64-windows-test-zone-3-on-demand"}], "replacement-nodes": []}
    logger.go:146: 2026-03-02T10:44:43.315-0800	DEBUG	disruption/queue.go:175	command succeeded	{"decision": "delete", "disrupted-node-count": 1, "replacement-node-count": 0, "pod-count": 1, "disrupted-nodes": [{"Node":{"name":"bisonheather-5124-ohlu1kz916"},"NodeClaim":{"name":"snappercherry-5122-uduu3vwpxt"},"capacity-type":"on-demand","instance-type":"64-cpu-128-mem-arm64-windows-test-zone-3-on-demand"}], "replacement-nodes": []}
    logger.go:146: 2026-03-02T10:44:43.316-0800	DEBUG	disruption/queue.go:175	command succeeded	{"decision": "delete", "disrupted-node-count": 1, "replacement-node-count": 0, "pod-count": 1, "disrupted-nodes": [{"Node":{"name":"cranewell-5127-cchyglou6j"},"NodeClaim":{"name":"bardmaze-5125-jdkr4kxnjo"},"capacity-type":"on-demand","instance-type":"64-cpu-128-mem-arm64-windows-test-zone-3-on-demand"}], "replacement-nodes": []}
    logger.go:146: 2026-03-02T10:44:43.318-0800	DEBUG	disruption/queue.go:175	command succeeded	{"decision": "delete", "disrupted-node-count": 1, "replacement-node-count": 0, "pod-count": 1, "disrupted-nodes": [{"Node":{"name":"ripperslime-5121-3j6rb1jnx0"},"NodeClaim":{"name":"hairebony-5119-wdr9vv7etz"},"capacity-type":"on-demand","instance-type":"64-cpu-128-mem-arm64-windows-test-zone-3-on-demand"}], "replacement-nodes": []}
[38;5;10m•[0m    logger.go:146: 2026-03-02T10:44:44.200-0800	INFO	disruption/queue.go:325	disrupting node(s)	{"command": "Drifted/32b7adf6-ee74-4c29-a528-431597598df6: delete: [antjade-5266-aoyucdlhb4] (savings: $20.14)", "decision": "delete", "disrupted-node-count": 1, "replacement-node-count": 0, "pod-count": 0, "disrupted-nodes": [{"Node":{"name":"antjade-5266-aoyucdlhb4"},"NodeClaim":{"name":"witchchatter-5264-0ty9t3wkis"},"capacity-type":"on-demand","instance-type":"64-cpu-128-mem-arm64-windows-test-zone-3-on-demand"}], "replacement-nodes": []}
    logger.go:146: 2026-03-02T10:44:44.300-0800	INFO	disruption/queue.go:325	disrupting node(s)	{"command": "Drifted/22334fd8-e176-4d38-ae0d-69ca34709d3f: delete: [crowvine-5292-pkpjtcz2fp] (savings: $20.14)", "decision": "delete", "disrupted-node-count": 1, "replacement-node-count": 0, "pod-count": 0, "disrupted-nodes": [{"Node":{"name":"crowvine-5292-pkpjtcz2fp"},"NodeClaim":{"name":"choppervaliant-5290-wmws0vchqh"},"capacity-type":"on-demand","instance-type":"64-cpu-128-mem-arm64-windows-test-zone-3-on-demand"}], "replacement-nodes": []}
    logger.go:146: 2026-03-02T10:44:44.400-0800	INFO	disruption/queue.go:325	disrupting node(s)	{"command": "Drifted/f7d1afba-595d-4fe9-8f60-bc70c20c6fd9: delete: [pawprism-5227-a3w6cxzo3s] (savings: $20.14)", "decision": "delete", "disrupted-node-count": 1, "replacement-node-count": 0, "pod-count": 0, "disrupted-nodes": [{"Node":{"name":"pawprism-5227-a3w6cxzo3s"},"NodeClaim":{"name":"sargentfeather-5225-4ubpqzkus1"},"capacity-type":"on-demand","instance-type":"64-cpu-128-mem-arm64-windows-test-zone-3-on-demand"}], "replacement-nodes": []}
    logger.go:146: 2026-03-02T10:44:44.500-0800	INFO	disruption/queue.go:325	disrupting node(s)	{"command": "Drifted/0e63b8ec-b3d9-4066-9b86-b898525637e4: delete: [ferretsand-5240-ziwc465clx] (savings: $20.14)", "decision": "delete", "disrupted-node-count": 1, "replacement-node-count": 0, "pod-count": 0, "disrupted-nodes": [{"Node":{"name":"ferretsand-5240-ziwc465clx"},"NodeClaim":{"name":"llamashine-5238-zpdwgc8yo1"},"capacity-type":"on-demand","instance-type":"64-cpu-128-mem-arm64-windows-test-zone-3-on-demand"}], "replacement-nodes": []}
    logger.go:146: 2026-03-02T10:44:44.600-0800	INFO	disruption/queue.go:325	disrupting node(s)	{"command": "Drifted/6e2474c0-1808-4d76-9048-bf6655c23e54: delete: [moleclever-5214-keozapvemi] (savings: $20.14)", "decision": "delete", "disrupted-node-count": 1, "replacement-node-count": 0, "pod-count": 0, "disrupted-nodes": [{"Node":{"name":"moleclever-5214-keozapvemi"},"NodeClaim":{"name":"chopperspot-5212-i9oh3su7re"},"capacity-type":"on-demand","instance-type":"64-cpu-128-mem-arm64-windows-test-zone-3-on-demand"}], "replacement-nodes": []}
    logger.go:146: 2026-03-02T10:44:44.701-0800	INFO	disruption/queue.go:325	disrupting node(s)	{"command": "Drifted/0cc6fea8-dd72-40de-b71a-5b7cb6596d74: delete: [falconstump-5279-wfaobfxmdj] (savings: $20.14)", "decision": "delete", "disrupted-node-count": 1, "replacement-node-count": 0, "pod-count": 0, "disrupted-nodes": [{"Node":{"name":"falconstump-5279-wfaobfxmdj"},"NodeClaim":{"name":"playerlemon-5277-ldnrphh5nc"},"capacity-type":"on-demand","instance-type":"64-cpu-128-mem-arm64-windows-test-zone-3-on-demand"}], "replacement-nodes": []}
    logger.go:146: 2026-03-02T10:44:44.801-0800	INFO	disruption/queue.go:325	disrupting node(s)	{"command": "Drifted/a7bf4636-b71c-4cd8-bb2b-21fc05ac6e23: delete: [pixiealpine-5253-ewkvssn4ii] (savings: $20.14)", "decision": "delete", "disrupted-node-count": 1, "replacement-node-count": 0, "pod-count": 0, "disrupted-nodes": [{"Node":{"name":"pixiealpine-5253-ewkvssn4ii"},"NodeClaim":{"name":"gullmercury-5251-3wyydyky6z"},"capacity-type":"on-demand","instance-type":"64-cpu-128-mem-arm64-windows-test-zone-3-on-demand"}], "replacement-nodes": []}
    logger.go:146: 2026-03-02T10:44:44.901-0800	INFO	disruption/queue.go:325	disrupting node(s)	{"command": "Drifted/c9f89304-ef0c-49b2-988e-31e9ccb6558c: delete: [bardfree-5305-vijm74vmrc] (savings: $20.14)", "decision": "delete", "disrupted-node-count": 1, "replacement-node-count": 0, "pod-count": 0, "disrupted-nodes": [{"Node":{"name":"bardfree-5305-vijm74vmrc"},"NodeClaim":{"name":"kingtabby-5303-clj7jv5oan"},"capacity-type":"on-demand","instance-type":"64-cpu-128-mem-arm64-windows-test-zone-3-on-demand"}], "replacement-nodes": []}
    logger.go:146: 2026-03-02T10:44:45.005-0800	INFO	disruption/queue.go:325	disrupting node(s)	{"command": "Drifted/633e617d-95d8-4d7b-87d3-699b4fe929db: delete: [thornwind-5188-fvxmtmzzfg] (savings: $20.14)", "decision": "delete", "disrupted-node-count": 1, "replacement-node-count": 0, "pod-count": 0, "disrupted-nodes": [{"Node":{"name":"thornwind-5188-fvxmtmzzfg"},"NodeClaim":{"name":"reaperemerald-5186-qtvjfn0zsi"},"capacity-type":"on-demand","instance-type":"64-cpu-128-mem-arm64-windows-test-zone-3-on-demand"}], "replacement-nodes": []}
    logger.go:146: 2026-03-02T10:44:45.105-0800	INFO	disruption/queue.go:325	disrupting node(s)	{"command": "Drifted/78329767-ee5a-4bac-afb4-45db02ca5fb7: delete: [slicerrowan-5201-hl0fpfdbcr] (savings: $20.14)", "decision": "delete", "disrupted-node-count": 1, "replacement-node-count": 0, "pod-count": 0, "disrupted-nodes": [{"Node":{"name":"slicerrowan-5201-hl0fpfdbcr"},"NodeClaim":{"name":"snarlglory-5199-vlukluo4dn"},"capacity-type":"on-demand","instance-type":"64-cpu-128-mem-arm64-windows-test-zone-3-on-demand"}], "replacement-nodes": []}
    logger.go:146: 2026-03-02T10:44:46.185-0800	DEBUG	disruption/queue.go:175	command succeeded	{"decision": "delete", "disrupted-node-count": 1, "replacement-node-count": 0, "pod-count": 0, "disrupted-nodes": [{"Node":{"name":"crowvine-5292-pkpjtcz2fp"},"NodeClaim":{"name":"choppervaliant-5290-wmws0vchqh"},"capacity-type":"on-demand","instance-type":"64-cpu-128-mem-arm64-windows-test-zone-3-on-demand"}], "replacement-nodes": []}
    logger.go:146: 2026-03-02T10:44:46.187-0800	DEBUG	disruption/queue.go:175	command succeeded	{"decision": "delete", "disrupted-node-count": 1, "replacement-node-count": 0, "pod-count": 0, "disrupted-nodes": [{"Node":{"name":"ferretsand-5240-ziwc465clx"},"NodeClaim":{"name":"llamashine-5238-zpdwgc8yo1"},"capacity-type":"on-demand","instance-type":"64-cpu-128-mem-arm64-windows-test-zone-3-on-demand"}], "replacement-nodes": []}
    logger.go:146: 2026-03-02T10:44:46.188-0800	DEBUG	disruption/queue.go:175	command succeeded	{"decision": "delete", "disrupted-node-count": 1, "replacement-node-count": 0, "pod-count": 0, "disrupted-nodes": [{"Node":{"name":"bardfree-5305-vijm74vmrc"},"NodeClaim":{"name":"kingtabby-5303-clj7jv5oan"},"capacity-type":"on-demand","instance-type":"64-cpu-128-mem-arm64-windows-test-zone-3-on-demand"}], "replacement-nodes": []}
    logger.go:146: 2026-03-02T10:44:46.189-0800	DEBUG	disruption/queue.go:175	command succeeded	{"decision": "delete", "disrupted-node-count": 1, "replacement-node-count": 0, "pod-count": 0, "disrupted-nodes": [{"Node":{"name":"pawprism-5227-a3w6cxzo3s"},"NodeClaim":{"name":"sargentfeather-5225-4ubpqzkus1"},"capacity-type":"on-demand","instance-type":"64-cpu-128-mem-arm64-windows-test-zone-3-on-demand"}], "replacement-nodes": []}
    logger.go:146: 2026-03-02T10:44:46.191-0800	DEBUG	disruption/queue.go:175	command succeeded	{"decision": "delete", "disrupted-node-count": 1, "replacement-node-count": 0, "pod-count": 0, "disrupted-nodes": [{"Node":{"name":"moleclever-5214-keozapvemi"},"NodeClaim":{"name":"chopperspot-5212-i9oh3su7re"},"capacity-type":"on-demand","instance-type":"64-cpu-128-mem-arm64-windows-test-zone-3-on-demand"}], "replacement-nodes": []}
    logger.go:146: 2026-03-02T10:44:46.192-0800	DEBUG	disruption/queue.go:175	command succeeded	{"decision": "delete", "disrupted-node-count": 1, "replacement-node-count": 0, "pod-count": 0, "disrupted-nodes": [{"Node":{"name":"falconstump-5279-wfaobfxmdj"},"NodeClaim":{"name":"playerlemon-5277-ldnrphh5nc"},"capacity-type":"on-demand","instance-type":"64-cpu-128-mem-arm64-windows-test-zone-3-on-demand"}], "replacement-nodes": []}
    logger.go:146: 2026-03-02T10:44:46.193-0800	DEBUG	disruption/queue.go:175	command succeeded	{"decision": "delete", "disrupted-node-count": 1, "replacement-node-count": 0, "pod-count": 0, "disrupted-nodes": [{"Node":{"name":"pixiealpine-5253-ewkvssn4ii"},"NodeClaim":{"name":"gullmercury-5251-3wyydyky6z"},"capacity-type":"on-demand","instance-type":"64-cpu-128-mem-arm64-windows-test-zone-3-on-demand"}], "replacement-nodes": []}
    logger.go:146: 2026-03-02T10:44:46.195-0800	DEBUG	disruption/queue.go:175	command succeeded	{"decision": "delete", "disrupted-node-count": 1, "replacement-node-count": 0, "pod-count": 0, "disrupted-nodes": [{"Node":{"name":"thornwind-5188-fvxmtmzzfg"},"NodeClaim":{"name":"reaperemerald-5186-qtvjfn0zsi"},"capacity-type":"on-demand","instance-type":"64-cpu-128-mem-arm64-windows-test-zone-3-on-demand"}], "replacement-nodes": []}
    logger.go:146: 2026-03-02T10:44:46.196-0800	DEBUG	disruption/queue.go:175	command succeeded	{"decision": "delete", "disrupted-node-count": 1, "replacement-node-count": 0, "pod-count": 0, "disrupted-nodes": [{"Node":{"name":"slicerrowan-5201-hl0fpfdbcr"},"NodeClaim":{"name":"snarlglory-5199-vlukluo4dn"},"capacity-type":"on-demand","instance-type":"64-cpu-128-mem-arm64-windows-test-zone-3-on-demand"}], "replacement-nodes": []}
    logger.go:146: 2026-03-02T10:44:46.197-0800	DEBUG	disruption/queue.go:175	command succeeded	{"decision": "delete", "disrupted-node-count": 1, "replacement-node-count": 0, "pod-count": 0, "disrupted-nodes": [{"Node":{"name":"antjade-5266-aoyucdlhb4"},"NodeClaim":{"name":"witchchatter-5264-0ty9t3wkis"},"capacity-type":"on-demand","instance-type":"64-cpu-128-mem-arm64-windows-test-zone-3-on-demand"}], "replacement-nodes": []}
[38;5;10m•[0m    logger.go:146: 2026-03-02T10:44:46.579-0800	INFO	disruption/queue.go:325	disrupting node(s)	{"command": "Drifted/d34446fa-ec19-41fc-89e2-3e002c734ccb: replace: [shouldernettle-5321-zg8oaqvmxm] -> [1 replacement] (savings: $19.84)", "decision": "replace", "disrupted-node-count": 1, "replacement-node-count": 1, "pod-count": 1, "disrupted-nodes": [{"Node":{"name":"shouldernettle-5321-zg8oaqvmxm"},"NodeClaim":{"name":"donkeygreat-5319-ere1zyvt8b"},"capacity-type":"on-demand","instance-type":"64-cpu-128-mem-arm64-windows-test-zone-3-on-demand"}], "replacement-nodes": [{"capacity-type":"reserved","instance-types":"2-cpu-1-mem-amd64-linux-test-zone-1-spot, 2-cpu-1-mem-arm64-linux-test-zone-1-spot, 2-cpu-1-mem-amd64-windows-test-zone-1-spot, 2-cpu-1-mem-arm64-windows-test-zone-1-spot, 2-cpu-1-mem-amd64-linux-test-zone-1-on-demand and 595 other(s)"}]}
    logger.go:146: 2026-03-02T10:44:46.587-0800	INFO	provisioning/provisioner.go:438	created nodeclaim	{"NodePool": {"name":"bootbuttercup-5310-xnlzimdykq"}, "NodeClaim": {"name":"bootbuttercup-5310-xnlzimdykq-pth9k"}, "requests": {"cpu":"1","pods":"1"}, "instance-types": "16-cpu-1-mem-amd64-linux-test-zone-1-on-demand, 16-cpu-1-mem-amd64-linux-test-zone-1-spot, 16-cpu-1-mem-amd64-linux-test-zone-2-on-demand, 16-cpu-1-mem-amd64-linux-test-zone-2-spot, 16-cpu-1-mem-amd64-linux-test-zone-3-on-demand and 595 other(s)"}
    logger.go:146: 2026-03-02T10:44:46.682-0800	DEBUG	disruption/queue.go:175	command succeeded	{"decision": "replace", "disrupted-node-count": 1, "replacement-node-count": 1, "pod-count": 1, "disrupted-nodes": [{"Node":{"name":"shouldernettle-5321-zg8oaqvmxm"},"NodeClaim":{"name":"donkeygreat-5319-ere1zyvt8b"},"capacity-type":"on-demand","instance-type":"64-cpu-128-mem-arm64-windows-test-zone-3-on-demand"}], "replacement-nodes": [{"capacity-type":"spot","instance-types":"2-cpu-1-mem-amd64-linux-test-zone-1-spot, 2-cpu-1-mem-arm64-linux-test-zone-1-spot, 2-cpu-1-mem-amd64-windows-test-zone-1-spot, 2-cpu-1-mem-arm64-windows-test-zone-1-spot, 2-cpu-1-mem-amd64-linux-test-zone-1-on-demand and 595 other(s)"}]}
[38;5;10m•[0m[38;5;10m•[0m[38;5;10m•[0m[38;5;10m•[0m    logger.go:146: 2026-03-02T10:44:47.484-0800	INFO	disruption/queue.go:325	disrupting node(s)	{"command": "Drifted/f8ff3d22-c906-436c-b8e0-d2cfa3d1000f: delete: [piratesand-5342-4srpky5r5s] (savings: $20.14)", "decision": "delete", "disrupted-node-count": 1, "replacement-node-count": 0, "pod-count": 1, "disrupted-nodes": [{"Node":{"name":"piratesand-5342-4srpky5r5s"},"NodeClaim":{"name":"neckpatch-5340-ztve7wvj0u"},"capacity-type":"on-demand","instance-type":"64-cpu-128-mem-arm64-windows-test-zone-3-on-demand"}], "replacement-nodes": []}
    logger.go:146: 2026-03-02T10:44:47.491-0800	DEBUG	disruption/queue.go:175	command succeeded	{"decision": "delete", "disrupted-node-count": 1, "replacement-node-count": 0, "pod-count": 1, "disrupted-nodes": [{"Node":{"name":"piratesand-5342-4srpky5r5s"},"NodeClaim":{"name":"neckpatch-5340-ztve7wvj0u"},"capacity-type":"on-demand","instance-type":"64-cpu-128-mem-arm64-windows-test-zone-3-on-demand"}], "replacement-nodes": []}
[38;5;10m•[0m[38;5;10m•[0m[38;5;10m•[0m    logger.go:146: 2026-03-02T10:44:48.173-0800	INFO	disruption/queue.go:325	disrupting node(s)	{"command": "Drifted/b7e048bb-9ac8-4d1e-ab07-281892e01e6d: delete: [pegasusvenom-5368-udzw4uj2j5] (savings: $20.14)", "decision": "delete", "disrupted-node-count": 1, "replacement-node-count": 0, "pod-count": 1, "disrupted-nodes": [{"Node":{"name":"pegasusvenom-5368-udzw4uj2j5"},"NodeClaim":{"name":"frillpale-5366-c4axhe2wnb"},"capacity-type":"on-demand","instance-type":"64-cpu-128-mem-arm64-windows-test-zone-3-on-demand"}], "replacement-nodes": []}
[38;5;10m•[0m    logger.go:146: 2026-03-02T10:44:48.435-0800	INFO	disruption/queue.go:325	disrupting node(s)	{"command": "Drifted/68de4fec-cb1f-4931-a47d-e9c9108dbb67: replace: [monkeyviridian-5376-rh1i0wr8de] -> [1 replacement] (savings: $19.94)", "decision": "replace", "disrupted-node-count": 1, "replacement-node-count": 1, "pod-count": 1, "disrupted-nodes": [{"Node":{"name":"monkeyviridian-5376-rh1i0wr8de"},"NodeClaim":{"name":"dutchessrowan-5374-3re2uqknpb"},"capacity-type":"on-demand","instance-type":"64-cpu-128-mem-arm64-windows-test-zone-3-on-demand"}], "replacement-nodes": [{"capacity-type":"reserved","instance-types":"1-cpu-1-mem-amd64-linux-test-zone-1-spot, 1-cpu-1-mem-amd64-windows-test-zone-2-spot, 1-cpu-1-mem-amd64-windows-test-zone-1-spot, 1-cpu-1-mem-arm64-windows-test-zone-1-spot, 1-cpu-1-mem-amd64-linux-test-zone-1-on-demand and 595 other(s)"}]}
    logger.go:146: 2026-03-02T10:44:48.443-0800	INFO	provisioning/provisioner.go:438	created nodeclaim	{"NodePool": {"name":"fingerplaid-5372-rxqnghehkw"}, "NodeClaim": {"name":"fingerplaid-5372-rxqnghehkw-x974v"}, "requests": {"pods":"1"}, "instance-types": "1-cpu-1-mem-amd64-linux-test-zone-1-on-demand, 1-cpu-1-mem-amd64-linux-test-zone-1-spot, 1-cpu-1-mem-amd64-linux-test-zone-2-on-demand, 1-cpu-1-mem-amd64-linux-test-zone-2-spot, 1-cpu-1-mem-amd64-linux-test-zone-3-on-demand and 595 other(s)"}
    logger.go:146: 2026-03-02T10:44:48.493-0800	DEBUG	disruption/queue.go:175	command succeeded	{"decision": "replace", "disrupted-node-count": 1, "replacement-node-count": 1, "pod-count": 1, "disrupted-nodes": [{"Node":{"name":"monkeyviridian-5376-rh1i0wr8de"},"NodeClaim":{"name":"dutchessrowan-5374-3re2uqknpb"},"capacity-type":"on-demand","instance-type":"64-cpu-128-mem-arm64-windows-test-zone-3-on-demand"}], "replacement-nodes": [{"capacity-type":"spot","instance-types":"1-cpu-1-mem-amd64-linux-test-zone-1-spot, 1-cpu-1-mem-amd64-windows-test-zone-2-spot, 1-cpu-1-mem-amd64-windows-test-zone-1-spot, 1-cpu-1-mem-arm64-windows-test-zone-1-spot, 1-cpu-1-mem-amd64-linux-test-zone-1-on-demand and 595 other(s)"}]}
[38;5;10m•[0m    logger.go:146: 2026-03-02T10:44:48.695-0800	INFO	disruption/queue.go:325	disrupting node(s)	{"command": "Drifted/d8cf978f-0bcb-4e59-a8a0-dc8803a3975e: delete: [lasherspangle-5386-wyrchcqlz6] (savings: $20.14)", "decision": "delete", "disrupted-node-count": 1, "replacement-node-count": 0, "pod-count": 1, "disrupted-nodes": [{"Node":{"name":"lasherspangle-5386-wyrchcqlz6"},"NodeClaim":{"name":"singerbramble-5384-s6bi6quywn"},"capacity-type":"on-demand","instance-type":"64-cpu-128-mem-arm64-windows-test-zone-3-on-demand"}], "replacement-nodes": []}
    logger.go:146: 2026-03-02T10:44:48.700-0800	DEBUG	disruption/queue.go:175	command succeeded	{"decision": "delete", "disrupted-node-count": 1, "replacement-node-count": 0, "pod-count": 1, "disrupted-nodes": [{"Node":{"name":"lasherspangle-5386-wyrchcqlz6"},"NodeClaim":{"name":"singerbramble-5384-s6bi6quywn"},"capacity-type":"on-demand","instance-type":"64-cpu-128-mem-arm64-windows-test-zone-3-on-demand"}], "replacement-nodes": []}
[38;5;10m•[0m    logger.go:146: 2026-03-02T10:44:49.002-0800	INFO	disruption/queue.go:325	disrupting node(s)	{"command": "Drifted/944ad925-7961-487b-a043-a5e2599656d1: delete: [princeeast-5398-xvt81nfjix] (savings: $20.14)", "decision": "delete", "disrupted-node-count": 1, "replacement-node-count": 0, "pod-count": 0, "disrupted-nodes": [{"Node":{"name":"princeeast-5398-xvt81nfjix"},"NodeClaim":{"name":"stealerskitter-5396-fhy7edh6lt"},"capacity-type":"on-demand","instance-type":"64-cpu-128-mem-arm64-windows-test-zone-3-on-demand"}], "replacement-nodes": []}
    logger.go:146: 2026-03-02T10:44:49.008-0800	DEBUG	disruption/queue.go:175	command succeeded	{"decision": "delete", "disrupted-node-count": 1, "replacement-node-count": 0, "pod-count": 0, "disrupted-nodes": [{"Node":{"name":"princeeast-5398-xvt81nfjix"},"NodeClaim":{"name":"stealerskitter-5396-fhy7edh6lt"},"capacity-type":"on-demand","instance-type":"64-cpu-128-mem-arm64-windows-test-zone-3-on-demand"}], "replacement-nodes": []}
[38;5;10m•[0m    logger.go:146: 2026-03-02T10:44:49.214-0800	INFO	disruption/queue.go:325	disrupting node(s)	{"command": "Drifted/d1b9bc3c-4237-4fed-8a13-63799c52b56c: delete: [slavefierce-5410-klqvok27ku] (savings: $20.14)", "decision": "delete", "disrupted-node-count": 1, "replacement-node-count": 0, "pod-count": 0, "disrupted-nodes": [{"Node":{"name":"slavefierce-5410-klqvok27ku"},"NodeClaim":{"name":"chintundra-5408-uuprlzwr6y"},"capacity-type":"on-demand","instance-type":"64-cpu-128-mem-arm64-windows-test-zone-3-on-demand"}], "replacement-nodes": []}
    logger.go:146: 2026-03-02T10:44:49.218-0800	ERROR	disruption/queue.go:147		{"error": "no command found"}
    logger.go:146: 2026-03-02T10:44:49.220-0800	DEBUG	disruption/queue.go:175	command succeeded	{"decision": "delete", "disrupted-node-count": 1, "replacement-node-count": 0, "pod-count": 0, "disrupted-nodes": [{"Node":{"name":"slavefierce-5410-klqvok27ku"},"NodeClaim":{"name":"chintundra-5408-uuprlzwr6y"},"capacity-type":"on-demand","instance-type":"64-cpu-128-mem-arm64-windows-test-zone-3-on-demand"}], "replacement-nodes": []}
[38;5;10m•[0m    logger.go:146: 2026-03-02T10:44:49.506-0800	INFO	disruption/queue.go:325	disrupting node(s)	{"command": "Empty/fd1920e7-b64b-4c4f-9c0c-4ea4c49707f2: delete: [huggerhollow-5415-irplnk8cww] (savings: $20.14)", "decision": "delete", "disrupted-node-count": 1, "replacement-node-count": 0, "pod-count": 0, "disrupted-nodes": [{"Node":{"name":"huggerhollow-5415-irplnk8cww"},"NodeClaim":{"name":"witchplume-5413-yskiujzerz"},"capacity-type":"on-demand","instance-type":"64-cpu-128-mem-arm64-windows-test-zone-3-on-demand"}], "replacement-nodes": []}
    logger.go:146: 2026-03-02T10:44:49.512-0800	DEBUG	disruption/queue.go:175	command succeeded	{"decision": "delete", "disrupted-node-count": 1, "replacement-node-count": 0, "pod-count": 0, "disrupted-nodes": [{"Node":{"name":"huggerhollow-5415-irplnk8cww"},"NodeClaim":{"name":"witchplume-5413-yskiujzerz"},"capacity-type":"on-demand","instance-type":"64-cpu-128-mem-arm64-windows-test-zone-3-on-demand"}], "replacement-nodes": []}
[38;5;10m•[0m    logger.go:146: 2026-03-02T10:44:49.834-0800	INFO	disruption/queue.go:325	disrupting node(s)	{"command": "Drifted/5e0459b1-8ef7-434a-bb95-753ef9044df9: replace: [swooppolar-5420-ljeecb1eot] -> [1 replacement] (savings: $19.94)", "decision": "replace", "disrupted-node-count": 1, "replacement-node-count": 1, "pod-count": 1, "disrupted-nodes": [{"Node":{"name":"swooppolar-5420-ljeecb1eot"},"NodeClaim":{"name":"cranepower-5418-x6oegfumch"},"capacity-type":"on-demand","instance-type":"64-cpu-128-mem-arm64-windows-test-zone-3-on-demand"}], "replacement-nodes": [{"capacity-type":"reserved","instance-types":"1-cpu-1-mem-amd64-linux-test-zone-1-spot, 1-cpu-1-mem-amd64-windows-test-zone-2-spot, 1-cpu-1-mem-amd64-windows-test-zone-1-spot, 1-cpu-1-mem-arm64-windows-test-zone-1-spot, 1-cpu-1-mem-amd64-linux-test-zone-1-on-demand and 595 other(s)"}]}
    logger.go:146: 2026-03-02T10:44:49.843-0800	INFO	provisioning/provisioner.go:438	created nodeclaim	{"NodePool": {"name":"fishstitch-5416-rc0fo1hvjm"}, "NodeClaim": {"name":"fishstitch-5416-rc0fo1hvjm-v5gmz"}, "requests": {"pods":"1"}, "instance-types": "1-cpu-1-mem-amd64-linux-test-zone-1-on-demand, 1-cpu-1-mem-amd64-linux-test-zone-1-spot, 1-cpu-1-mem-amd64-linux-test-zone-2-on-demand, 1-cpu-1-mem-amd64-linux-test-zone-2-spot, 1-cpu-1-mem-amd64-linux-test-zone-3-on-demand and 595 other(s)"}
    logger.go:146: 2026-03-02T10:44:49.853-0800	ERROR	disruption/queue.go:173	failed terminating nodes while executing a disruption command	{"decision": "replace", "disrupted-node-count": 1, "replacement-node-count": 1, "pod-count": 1, "disrupted-nodes": [{"Node":{"name":"swooppolar-5420-ljeecb1eot"},"NodeClaim":{"name":"cranepower-5418-x6oegfumch"},"capacity-type":"on-demand","instance-type":"64-cpu-128-mem-arm64-windows-test-zone-3-on-demand"}], "replacement-nodes": [{"capacity-type":"spot","instance-types":"1-cpu-1-mem-amd64-linux-test-zone-1-spot, 1-cpu-1-mem-amd64-windows-test-zone-2-spot, 1-cpu-1-mem-amd64-windows-test-zone-1-spot, 1-cpu-1-mem-arm64-windows-test-zone-1-spot, 1-cpu-1-mem-amd64-linux-test-zone-1-on-demand and 595 other(s)"}], "error": "replacement was deleted, nodeclaims.karpenter.sh \"fishstitch-5416-rc0fo1hvjm-v5gmz\" not found"}
[38;5;10m•[0m    logger.go:146: 2026-03-02T10:44:50.067-0800	INFO	disruption/queue.go:325	disrupting node(s)	{"command": "Drifted/63d4c39c-3c9b-4dbe-8075-084704324d0f: replace: [forgerdour-5429-vcopxtp8en] -> [3 replacements] (savings: $-0.40)", "decision": "replace", "disrupted-node-count": 1, "replacement-node-count": 3, "pod-count": 3, "disrupted-nodes": [{"Node":{"name":"forgerdour-5429-vcopxtp8en"},"NodeClaim":{"name":"gemtiny-5427-zshprb6sfp"},"capacity-type":"on-demand","instance-type":"current-on-demand"}], "replacement-nodes": [{"capacity-type":"reserved"},{"capacity-type":"reserved"},{"capacity-type":"reserved"}]}
    logger.go:146: 2026-03-02T10:44:50.073-0800	INFO	provisioning/provisioner.go:438	created nodeclaim	{"NodePool": {"name":"chestthread-5425-k9gbpvl2by"}, "NodeClaim": {"name":"chestthread-5425-k9gbpvl2by-twbw9"}, "requests": {"cpu":"2","pods":"1"}, "instance-types": "replacement-on-demand"}
    logger.go:146: 2026-03-02T10:44:50.073-0800	INFO	provisioning/provisioner.go:438	created nodeclaim	{"NodePool": {"name":"chestthread-5425-k9gbpvl2by"}, "NodeClaim": {"name":"chestthread-5425-k9gbpvl2by-pkjdq"}, "requests": {"cpu":"2","pods":"1"}, "instance-types": "replacement-on-demand"}
    logger.go:146: 2026-03-02T10:44:50.073-0800	INFO	provisioning/provisioner.go:438	created nodeclaim	{"NodePool": {"name":"chestthread-5425-k9gbpvl2by"}, "NodeClaim": {"name":"chestthread-5425-k9gbpvl2by-cnn9r"}, "requests": {"cpu":"2","pods":"1"}, "instance-types": "replacement-on-demand"}
    logger.go:146: 2026-03-02T10:44:50.384-0800	DEBUG	disruption/queue.go:175	command succeeded	{"decision": "replace", "disrupted-node-count": 1, "replacement-node-count": 3, "pod-count": 3, "disrupted-nodes": [{"Node":{"name":"forgerdour-5429-vcopxtp8en"},"NodeClaim":{"name":"gemtiny-5427-zshprb6sfp"},"capacity-type":"on-demand","instance-type":"current-on-demand"}], "replacement-nodes": [{"capacity-type":"on-demand"},{"capacity-type":"on-demand"},{"capacity-type":"on-demand"}]}
[38;5;10m•[0m    logger.go:146: 2026-03-02T10:44:50.618-0800	INFO	disruption/queue.go:325	disrupting node(s)	{"command": "Drifted/23e7728d-c483-4295-9d37-f4d6bc40c1db: replace: [slicerjuniper-5454-9pztgc99io] -> [1 replacement] (savings: $16.84)", "decision": "replace", "disrupted-node-count": 1, "replacement-node-count": 1, "pod-count": 1, "disrupted-nodes": [{"Node":{"name":"slicerjuniper-5454-9pztgc99io"},"NodeClaim":{"name":"scourgephantom-5452-gw0rpisvkk"},"capacity-type":"on-demand","instance-type":"64-cpu-128-mem-arm64-windows-test-zone-3-on-demand"}], "replacement-nodes": [{"capacity-type":"reserved","instance-types":"32-cpu-1-mem-amd64-linux-test-zone-1-spot, 32-cpu-1-mem-arm64-linux-test-zone-1-spot, 32-cpu-1-mem-amd64-windows-test-zone-1-spot, 32-cpu-1-mem-arm64-windows-test-zone-1-spot, 32-cpu-1-mem-amd64-linux-test-zone-1-on-demand and 379 other(s)"}]}
    logger.go:146: 2026-03-02T10:44:50.626-0800	INFO	provisioning/provisioner.go:438	created nodeclaim	{"NodePool": {"name":"beedawn-5441-grhtninxab"}, "NodeClaim": {"name":"beedawn-5441-grhtninxab-rsjcj"}, "requests": {"cpu":"30","pods":"1"}, "instance-types": "32-cpu-1-mem-amd64-linux-test-zone-1-on-demand, 32-cpu-1-mem-amd64-linux-test-zone-1-spot, 32-cpu-1-mem-amd64-linux-test-zone-2-on-demand, 32-cpu-1-mem-amd64-linux-test-zone-2-spot, 32-cpu-1-mem-amd64-linux-test-zone-3-on-demand and 379 other(s)"}
    logger.go:146: 2026-03-02T10:44:50.674-0800	DEBUG	disruption/queue.go:175	command succeeded	{"decision": "replace", "disrupted-node-count": 1, "replacement-node-count": 1, "pod-count": 1, "disrupted-nodes": [{"Node":{"name":"slicerjuniper-5454-9pztgc99io"},"NodeClaim":{"name":"scourgephantom-5452-gw0rpisvkk"},"capacity-type":"on-demand","instance-type":"64-cpu-128-mem-arm64-windows-test-zone-3-on-demand"}], "replacement-nodes": [{"capacity-type":"spot","instance-types":"32-cpu-1-mem-amd64-linux-test-zone-1-spot, 32-cpu-1-mem-arm64-linux-test-zone-1-spot, 32-cpu-1-mem-amd64-windows-test-zone-1-spot, 32-cpu-1-mem-arm64-windows-test-zone-1-spot, 32-cpu-1-mem-amd64-linux-test-zone-1-on-demand and 379 other(s)"}]}
[38;5;10m•[0m[38;5;10m•[0m    logger.go:146: 2026-03-02T10:44:51.105-0800	INFO	disruption/queue.go:325	disrupting node(s)	{"command": "Drifted/59c907df-78c4-4778-96c5-3c5d9f7e1fba: replace: [hornpink-5479-g0pqwveacc] -> [1 replacement] (savings: $20.14)", "decision": "replace", "disrupted-node-count": 1, "replacement-node-count": 1, "pod-count": 0, "disrupted-nodes": [{"Node":{"name":"hornpink-5479-g0pqwveacc"},"NodeClaim":{"name":"museoil-5477-1jn7xijcbz"},"capacity-type":"on-demand","instance-type":"64-cpu-128-mem-arm64-windows-test-zone-3-on-demand"}], "replacement-nodes": [{"capacity-type":"reserved","instance-types":""}]}
    logger.go:146: 2026-03-02T10:44:51.105-0800	INFO	disruption/queue.go:325	disrupting node(s)	{"command": "Drifted/86508f18-e194-48f5-bcfb-18fb5e2dd3d7: replace: [ravendull-5476-j9pcfzawqc] -> [1 replacement] (savings: $20.14)", "decision": "replace", "disrupted-node-count": 1, "replacement-node-count": 1, "pod-count": 0, "disrupted-nodes": [{"Node":{"name":"ravendull-5476-j9pcfzawqc"},"NodeClaim":{"name":"dolphinmountain-5474-1smhf4w4zl"},"capacity-type":"on-demand","instance-type":"64-cpu-128-mem-arm64-windows-test-zone-3-on-demand"}], "replacement-nodes": [{"capacity-type":"reserved","instance-types":""}]}
    logger.go:146: 2026-03-02T10:44:51.111-0800	INFO	provisioning/provisioner.go:438	created nodeclaim	{"NodePool": {"name":"markquiver-5469-czdyrzy7gc"}, "NodeClaim": {"name":"markquiver-5469-czdyrzy7gc-bslrh"}, "requests": null, "instance-types": ""}
    logger.go:146: 2026-03-02T10:44:51.111-0800	INFO	provisioning/provisioner.go:438	created nodeclaim	{"NodePool": {"name":"markquiver-5469-czdyrzy7gc"}, "NodeClaim": {"name":"markquiver-5469-czdyrzy7gc-qnpvd"}, "requests": null, "instance-types": ""}
    logger.go:146: 2026-03-02T10:44:51.189-0800	DEBUG	disruption/queue.go:175	command succeeded	{"decision": "replace", "disrupted-node-count": 1, "replacement-node-count": 1, "pod-count": 0, "disrupted-nodes": [{"Node":{"name":"hornpink-5479-g0pqwveacc"},"NodeClaim":{"name":"museoil-5477-1jn7xijcbz"},"capacity-type":"on-demand","instance-type":"64-cpu-128-mem-arm64-windows-test-zone-3-on-demand"}], "replacement-nodes": [{"capacity-type":"reserved","instance-types":""}]}
    logger.go:146: 2026-03-02T10:44:51.290-0800	DEBUG	disruption/queue.go:175	command succeeded	{"decision": "replace", "disrupted-node-count": 1, "replacement-node-count": 1, "pod-count": 0, "disrupted-nodes": [{"Node":{"name":"ravendull-5476-j9pcfzawqc"},"NodeClaim":{"name":"dolphinmountain-5474-1smhf4w4zl"},"capacity-type":"on-demand","instance-type":"64-cpu-128-mem-arm64-windows-test-zone-3-on-demand"}], "replacement-nodes": [{"capacity-type":"reserved","instance-types":""}]}
[38;5;10m•[0m    logger.go:146: 2026-03-02T10:44:51.525-0800	INFO	disruption/queue.go:325	disrupting node(s)	{"command": "Drifted/874d2f51-0b59-4d60-8e03-6282a6dd18cb: replace: [hyenasky-5498-47lwxtog9m] -> [1 replacement] (savings: $20.14)", "decision": "replace", "disrupted-node-count": 1, "replacement-node-count": 1, "pod-count": 0, "disrupted-nodes": [{"Node":{"name":"hyenasky-5498-47lwxtog9m"},"NodeClaim":{"name":"wyrmtar-5496-5scxvw2z5x"},"capacity-type":"on-demand","instance-type":"64-cpu-128-mem-arm64-windows-test-zone-3-on-demand"}], "replacement-nodes": [{"capacity-type":"reserved","instance-types":""}]}
    logger.go:146: 2026-03-02T10:44:51.530-0800	INFO	provisioning/provisioner.go:438	created nodeclaim	{"NodePool": {"name":"touchgeode-5491-d6tfrzluis"}, "NodeClaim": {"name":"touchgeode-5491-d6tfrzluis-gkhbs"}, "requests": null, "instance-types": ""}
    logger.go:146: 2026-03-02T10:44:51.621-0800	DEBUG	disruption/queue.go:175	command succeeded	{"decision": "replace", "disrupted-node-count": 1, "replacement-node-count": 1, "pod-count": 0, "disrupted-nodes": [{"Node":{"name":"hyenasky-5498-47lwxtog9m"},"NodeClaim":{"name":"wyrmtar-5496-5scxvw2z5x"},"capacity-type":"on-demand","instance-type":"64-cpu-128-mem-arm64-windows-test-zone-3-on-demand"}], "replacement-nodes": [{"capacity-type":"reserved","instance-types":""}]}
[38;5;10m•[0m    logger.go:146: 2026-03-02T10:44:51.840-0800	INFO	disruption/queue.go:325	disrupting node(s)	{"command": "Drifted/3dcaca7c-caab-43b8-9c10-8145b27881b2: replace: [crystalvanilla-5528-l5rvllgufp] -> [1 replacement] (savings: $20.14)", "decision": "replace", "disrupted-node-count": 1, "replacement-node-count": 1, "pod-count": 0, "disrupted-nodes": [{"Node":{"name":"crystalvanilla-5528-l5rvllgufp"},"NodeClaim":{"name":"cougariris-5526-xjdnrn4squ"},"capacity-type":"on-demand","instance-type":"64-cpu-128-mem-arm64-windows-test-zone-3-on-demand"}], "replacement-nodes": [{"capacity-type":"reserved","instance-types":""}]}
    logger.go:146: 2026-03-02T10:44:51.840-0800	INFO	disruption/queue.go:325	disrupting node(s)	{"command": "Drifted/66f1a46b-b275-4d85-936e-93b9ed72c9b5: replace: [scowlshard-5534-tfccgbiupj] -> [1 replacement] (savings: $20.14)", "decision": "replace", "disrupted-node-count": 1, "replacement-node-count": 1, "pod-count": 0, "disrupted-nodes": [{"Node":{"name":"scowlshard-5534-tfccgbiupj"},"NodeClaim":{"name":"fangpink-5532-fezbf44ucz"},"capacity-type":"on-demand","instance-type":"64-cpu-128-mem-arm64-windows-test-zone-3-on-demand"}], "replacement-nodes": [{"capacity-type":"reserved","instance-types":""}]}
    logger.go:146: 2026-03-02T10:44:51.840-0800	INFO	disruption/queue.go:325	disrupting node(s)	{"command": "Drifted/5a287dd8-05bf-4ad5-a396-123a557aa016: replace: [necknimble-5537-y82kpsrake] -> [1 replacement] (savings: $20.14)", "decision": "replace", "disrupted-node-count": 1, "replacement-node-count": 1, "pod-count": 0, "disrupted-nodes": [{"Node":{"name":"necknimble-5537-y82kpsrake"},"NodeClaim":{"name":"knavebronze-5535-co90yllhlw"},"capacity-type":"on-demand","instance-type":"64-cpu-128-mem-arm64-windows-test-zone-3-on-demand"}], "replacement-nodes": [{"capacity-type":"reserved","instance-types":""}]}
    logger.go:146: 2026-03-02T10:44:51.840-0800	INFO	disruption/queue.go:325	disrupting node(s)	{"command": "Drifted/426dedc0-6fd9-4f6f-b4bb-cac3aaac956e: replace: [questergossamer-5522-n4euehisdw] -> [1 replacement] (savings: $20.14)", "decision": "replace", "disrupted-node-count": 1, "replacement-node-count": 1, "pod-count": 0, "disrupted-nodes": [{"Node":{"name":"questergossamer-5522-n4euehisdw"},"NodeClaim":{"name":"maskgossamer-5520-r4te6b5sh1"},"capacity-type":"on-demand","instance-type":"64-cpu-128-mem-arm64-windows-test-zone-3-on-demand"}], "replacement-nodes": [{"capacity-type":"reserved","instance-types":""}]}
    logger.go:146: 2026-03-02T10:44:51.840-0800	INFO	disruption/queue.go:325	disrupting node(s)	{"command": "Drifted/efcde9ab-1036-42db-98b9-d2c8eb680fe9: replace: [geckophantom-5531-d2pltktgsz] -> [1 replacement] (savings: $20.14)", "decision": "replace", "disrupted-node-count": 1, "replacement-node-count": 1, "pod-count": 0, "disrupted-nodes": [{"Node":{"name":"geckophantom-5531-d2pltktgsz"},"NodeClaim":{"name":"deathsolar-5529-ap9qjwhw8a"},"capacity-type":"on-demand","instance-type":"64-cpu-128-mem-arm64-windows-test-zone-3-on-demand"}], "replacement-nodes": [{"capacity-type":"reserved","instance-types":""}]}
    logger.go:146: 2026-03-02T10:44:51.846-0800	INFO	provisioning/provisioner.go:438	created nodeclaim	{"NodePool": {"name":"static-nodepool-2"}, "NodeClaim": {"name":"static-nodepool-2-f6pv6"}, "requests": null, "instance-types": ""}
    logger.go:146: 2026-03-02T10:44:51.846-0800	INFO	provisioning/provisioner.go:438	created nodeclaim	{"NodePool": {"name":"static-nodepool-3"}, "NodeClaim": {"name":"static-nodepool-3-v4q6h"}, "requests": null, "instance-types": ""}
    logger.go:146: 2026-03-02T10:44:51.846-0800	INFO	provisioning/provisioner.go:438	created nodeclaim	{"NodePool": {"name":"static-nodepool-1"}, "NodeClaim": {"name":"static-nodepool-1-pprvd"}, "requests": null, "instance-types": ""}
    logger.go:146: 2026-03-02T10:44:51.846-0800	INFO	provisioning/provisioner.go:438	created nodeclaim	{"NodePool": {"name":"static-nodepool-2"}, "NodeClaim": {"name":"static-nodepool-2-mkrrv"}, "requests": null, "instance-types": ""}
    logger.go:146: 2026-03-02T10:44:51.847-0800	INFO	provisioning/provisioner.go:438	created nodeclaim	{"NodePool": {"name":"static-nodepool-3"}, "NodeClaim": {"name":"static-nodepool-3-82gn6"}, "requests": null, "instance-types": ""}
    logger.go:146: 2026-03-02T10:44:51.933-0800	DEBUG	disruption/queue.go:175	command succeeded	{"decision": "replace", "disrupted-node-count": 1, "replacement-node-count": 1, "pod-count": 0, "disrupted-nodes": [{"Node":{"name":"crystalvanilla-5528-l5rvllgufp"},"NodeClaim":{"name":"cougariris-5526-xjdnrn4squ"},"capacity-type":"on-demand","instance-type":"64-cpu-128-mem-arm64-windows-test-zone-3-on-demand"}], "replacement-nodes": [{"capacity-type":"reserved","instance-types":""}]}
    logger.go:146: 2026-03-02T10:44:52.035-0800	DEBUG	disruption/queue.go:175	command succeeded	{"decision": "replace", "disrupted-node-count": 1, "replacement-node-count": 1, "pod-count": 0, "disrupted-nodes": [{"Node":{"name":"necknimble-5537-y82kpsrake"},"NodeClaim":{"name":"knavebronze-5535-co90yllhlw"},"capacity-type":"on-demand","instance-type":"64-cpu-128-mem-arm64-windows-test-zone-3-on-demand"}], "replacement-nodes": [{"capacity-type":"reserved","instance-types":""}]}
    logger.go:146: 2026-03-02T10:44:52.135-0800	DEBUG	disruption/queue.go:175	command succeeded	{"decision": "replace", "disrupted-node-count": 1, "replacement-node-count": 1, "pod-count": 0, "disrupted-nodes": [{"Node":{"name":"questergossamer-5522-n4euehisdw"},"NodeClaim":{"name":"maskgossamer-5520-r4te6b5sh1"},"capacity-type":"on-demand","instance-type":"64-cpu-128-mem-arm64-windows-test-zone-3-on-demand"}], "replacement-nodes": [{"capacity-type":"reserved","instance-types":""}]}
    logger.go:146: 2026-03-02T10:44:52.237-0800	DEBUG	disruption/queue.go:175	command succeeded	{"decision": "replace", "disrupted-node-count": 1, "replacement-node-count": 1, "pod-count": 0, "disrupted-nodes": [{"Node":{"name":"geckophantom-5531-d2pltktgsz"},"NodeClaim":{"name":"deathsolar-5529-ap9qjwhw8a"},"capacity-type":"on-demand","instance-type":"64-cpu-128-mem-arm64-windows-test-zone-3-on-demand"}], "replacement-nodes": [{"capacity-type":"reserved","instance-types":""}]}
    logger.go:146: 2026-03-02T10:44:52.336-0800	DEBUG	disruption/queue.go:175	command succeeded	{"decision": "replace", "disrupted-node-count": 1, "replacement-node-count": 1, "pod-count": 0, "disrupted-nodes": [{"Node":{"name":"scowlshard-5534-tfccgbiupj"},"NodeClaim":{"name":"fangpink-5532-fezbf44ucz"},"capacity-type":"on-demand","instance-type":"64-cpu-128-mem-arm64-windows-test-zone-3-on-demand"}], "replacement-nodes": [{"capacity-type":"reserved","instance-types":""}]}
[38;5;10m•[0m[38;5;10m•[0m    logger.go:146: 2026-03-02T10:44:52.739-0800	INFO	disruption/queue.go:325	disrupting node(s)	{"command": "Drifted/de615cd0-7e6a-40bb-a503-22978f7342a1: replace: [toucancandy-5570-tzbsrosrc7] -> [1 replacement] (savings: $20.14)", "decision": "replace", "disrupted-node-count": 1, "replacement-node-count": 1, "pod-count": 0, "disrupted-nodes": [{"Node":{"name":"toucancandy-5570-tzbsrosrc7"},"NodeClaim":{"name":"fisherleaf-5568-o4jobv9bg4"},"capacity-type":"on-demand","instance-type":"64-cpu-128-mem-arm64-windows-test-zone-3-on-demand"}], "replacement-nodes": [{"capacity-type":"reserved","instance-types":""}]}
    logger.go:146: 2026-03-02T10:44:52.739-0800	INFO	disruption/queue.go:325	disrupting node(s)	{"command": "Drifted/aabed07d-d6de-41ca-8634-3bb0d5e4bb67: replace: [wolverinecrocus-5573-1tcwpqtr1f] -> [1 replacement] (savings: $20.14)", "decision": "replace", "disrupted-node-count": 1, "replacement-node-count": 1, "pod-count": 0, "disrupted-nodes": [{"Node":{"name":"wolverinecrocus-5573-1tcwpqtr1f"},"NodeClaim":{"name":"voledawn-5571-xgnr34wtie"},"capacity-type":"on-demand","instance-type":"64-cpu-128-mem-arm64-windows-test-zone-3-on-demand"}], "replacement-nodes": [{"capacity-type":"reserved","instance-types":""}]}
    logger.go:146: 2026-03-02T10:44:52.744-0800	INFO	provisioning/provisioner.go:438	created nodeclaim	{"NodePool": {"name":"walkersnow-5563-f61d5ovbil"}, "NodeClaim": {"name":"walkersnow-5563-f61d5ovbil-62czq"}, "requests": null, "instance-types": ""}
    logger.go:146: 2026-03-02T10:44:52.744-0800	INFO	provisioning/provisioner.go:438	created nodeclaim	{"NodePool": {"name":"walkersnow-5563-f61d5ovbil"}, "NodeClaim": {"name":"walkersnow-5563-f61d5ovbil-gqm7s"}, "requests": null, "instance-types": ""}
    logger.go:146: 2026-03-02T10:44:52.838-0800	DEBUG	disruption/queue.go:175	command succeeded	{"decision": "replace", "disrupted-node-count": 1, "replacement-node-count": 1, "pod-count": 0, "disrupted-nodes": [{"Node":{"name":"toucancandy-5570-tzbsrosrc7"},"NodeClaim":{"name":"fisherleaf-5568-o4jobv9bg4"},"capacity-type":"on-demand","instance-type":"64-cpu-128-mem-arm64-windows-test-zone-3-on-demand"}], "replacement-nodes": [{"capacity-type":"reserved","instance-types":""}]}
    logger.go:146: 2026-03-02T10:44:52.937-0800	DEBUG	disruption/queue.go:175	command succeeded	{"decision": "replace", "disrupted-node-count": 1, "replacement-node-count": 1, "pod-count": 0, "disrupted-nodes": [{"Node":{"name":"wolverinecrocus-5573-1tcwpqtr1f"},"NodeClaim":{"name":"voledawn-5571-xgnr34wtie"},"capacity-type":"on-demand","instance-type":"64-cpu-128-mem-arm64-windows-test-zone-3-on-demand"}], "replacement-nodes": [{"capacity-type":"reserved","instance-types":""}]}
[38;5;10m•[0m    logger.go:146: 2026-03-02T10:44:53.152-0800	INFO	disruption/queue.go:325	disrupting node(s)	{"command": "Drifted/22ffd243-ad60-4bae-a196-cad61de7c642: replace: [racerstar-5595-q5iqi29sdr] -> [1 replacement] (savings: $20.14)", "decision": "replace", "disrupted-node-count": 1, "replacement-node-count": 1, "pod-count": 0, "disrupted-nodes": [{"Node":{"name":"racerstar-5595-q5iqi29sdr"},"NodeClaim":{"name":"armtulip-5593-pkvqggdthk"},"capacity-type":"on-demand","instance-type":"64-cpu-128-mem-arm64-windows-test-zone-3-on-demand"}], "replacement-nodes": [{"capacity-type":"reserved","instance-types":""}]}
    logger.go:146: 2026-03-02T10:44:53.152-0800	INFO	disruption/queue.go:325	disrupting node(s)	{"command": "Drifted/21153411-dc7e-467b-b680-bbef083ebb7f: replace: [fanglapis-5583-ymxz3etanm] -> [1 replacement] (savings: $20.14)", "decision": "replace", "disrupted-node-count": 1, "replacement-node-count": 1, "pod-count": 0, "disrupted-nodes": [{"Node":{"name":"fanglapis-5583-ymxz3etanm"},"NodeClaim":{"name":"saverroan-5581-nebmxqsyse"},"capacity-type":"on-demand","instance-type":"64-cpu-128-mem-arm64-windows-test-zone-3-on-demand"}], "replacement-nodes": [{"capacity-type":"reserved","instance-types":""}]}
    logger.go:146: 2026-03-02T10:44:53.158-0800	INFO	provisioning/provisioner.go:438	created nodeclaim	{"NodePool": {"name":"monkeydog-5576-gpywapi6wj"}, "NodeClaim": {"name":"monkeydog-5576-gpywapi6wj-qck7h"}, "requests": null, "instance-types": ""}
    logger.go:146: 2026-03-02T10:44:53.158-0800	INFO	provisioning/provisioner.go:438	created nodeclaim	{"NodePool": {"name":"monkeydog-5576-gpywapi6wj"}, "NodeClaim": {"name":"monkeydog-5576-gpywapi6wj-h9t4s"}, "requests": null, "instance-types": ""}
    logger.go:146: 2026-03-02T10:44:53.252-0800	DEBUG	disruption/queue.go:175	command succeeded	{"decision": "replace", "disrupted-node-count": 1, "replacement-node-count": 1, "pod-count": 0, "disrupted-nodes": [{"Node":{"name":"fanglapis-5583-ymxz3etanm"},"NodeClaim":{"name":"saverroan-5581-nebmxqsyse"},"capacity-type":"on-demand","instance-type":"64-cpu-128-mem-arm64-windows-test-zone-3-on-demand"}], "replacement-nodes": [{"capacity-type":"reserved","instance-types":""}]}
    logger.go:146: 2026-03-02T10:44:53.353-0800	DEBUG	disruption/queue.go:175	command succeeded	{"decision": "replace", "disrupted-node-count": 1, "replacement-node-count": 1, "pod-count": 0, "disrupted-nodes": [{"Node":{"name":"racerstar-5595-q5iqi29sdr"},"NodeClaim":{"name":"armtulip-5593-pkvqggdthk"},"capacity-type":"on-demand","instance-type":"64-cpu-128-mem-arm64-windows-test-zone-3-on-demand"}], "replacement-nodes": [{"capacity-type":"reserved","instance-types":""}]}
[38;5;10m•[0m    logger.go:146: 2026-03-02T10:44:53.580-0800	INFO	disruption/queue.go:325	disrupting node(s)	{"command": "Drifted/5a0c26fe-bd7e-4a3d-8235-995f1b62c015: replace: [mustangtopaz-5617-szb9qldyy8] -> [1 replacement] (savings: $20.14)", "decision": "replace", "disrupted-node-count": 1, "replacement-node-count": 1, "pod-count": 0, "disrupted-nodes": [{"Node":{"name":"mustangtopaz-5617-szb9qldyy8"},"NodeClaim":{"name":"chillbrick-5615-qmodmw0emc"},"capacity-type":"on-demand","instance-type":"64-cpu-128-mem-arm64-windows-test-zone-3-on-demand"}], "replacement-nodes": [{"capacity-type":"reserved","instance-types":""}]}
    logger.go:146: 2026-03-02T10:44:53.585-0800	INFO	provisioning/provisioner.go:438	created nodeclaim	{"NodePool": {"name":"bellyblue-5598-qmxr3prjyi"}, "NodeClaim": {"name":"bellyblue-5598-qmxr3prjyi-pmtzd"}, "requests": null, "instance-types": ""}
    logger.go:146: 2026-03-02T10:44:53.673-0800	DEBUG	disruption/queue.go:175	command succeeded	{"decision": "replace", "disrupted-node-count": 1, "replacement-node-count": 1, "pod-count": 0, "disrupted-nodes": [{"Node":{"name":"mustangtopaz-5617-szb9qldyy8"},"NodeClaim":{"name":"chillbrick-5615-qmodmw0emc"},"capacity-type":"on-demand","instance-type":"64-cpu-128-mem-arm64-windows-test-zone-3-on-demand"}], "replacement-nodes": [{"capacity-type":"reserved","instance-types":""}]}
    logger.go:146: 2026-03-02T10:44:53.786-0800	INFO	disruption/queue.go:325	disrupting node(s)	{"command": "Drifted/721e3995-ba27-4a80-987e-cb2b53d9a10e: replace: [houndcarnation-5605-kxtjq2swkl] -> [1 replacement] (savings: $20.14)", "decision": "replace", "disrupted-node-count": 1, "replacement-node-count": 1, "pod-count": 0, "disrupted-nodes": [{"Node":{"name":"houndcarnation-5605-kxtjq2swkl"},"NodeClaim":{"name":"snagglefootstar-5603-hmrcvm4vw0"},"capacity-type":"on-demand","instance-type":"64-cpu-128-mem-arm64-windows-test-zone-3-on-demand"}], "replacement-nodes": [{"capacity-type":"reserved","instance-types":""}]}
    logger.go:146: 2026-03-02T10:44:53.792-0800	INFO	provisioning/provisioner.go:438	created nodeclaim	{"NodePool": {"name":"bellyblue-5598-qmxr3prjyi"}, "NodeClaim": {"name":"bellyblue-5598-qmxr3prjyi-wktrd"}, "requests": null, "instance-types": ""}
    logger.go:146: 2026-03-02T10:44:53.910-0800	DEBUG	disruption/queue.go:175	command succeeded	{"decision": "replace", "disrupted-node-count": 1, "replacement-node-count": 1, "pod-count": 0, "disrupted-nodes": [{"Node":{"name":"houndcarnation-5605-kxtjq2swkl"},"NodeClaim":{"name":"snagglefootstar-5603-hmrcvm4vw0"},"capacity-type":"on-demand","instance-type":"64-cpu-128-mem-arm64-windows-test-zone-3-on-demand"}], "replacement-nodes": [{"capacity-type":"reserved","instance-types":""}]}
    logger.go:146: 2026-03-02T10:44:54.023-0800	INFO	disruption/queue.go:325	disrupting node(s)	{"command": "Drifted/080fd01c-45e8-468d-9613-b0e25bd80fdb: replace: [facefate-5608-dbtbamw73c] -> [1 replacement] (savings: $20.14)", "decision": "replace", "disrupted-node-count": 1, "replacement-node-count": 1, "pod-count": 0, "disrupted-nodes": [{"Node":{"name":"facefate-5608-dbtbamw73c"},"NodeClaim":{"name":"doomlie-5606-6yvhjwxqm6"},"capacity-type":"on-demand","instance-type":"64-cpu-128-mem-arm64-windows-test-zone-3-on-demand"}], "replacement-nodes": [{"capacity-type":"reserved","instance-types":""}]}
    logger.go:146: 2026-03-02T10:44:54.030-0800	INFO	provisioning/provisioner.go:438	created nodeclaim	{"NodePool": {"name":"bellyblue-5598-qmxr3prjyi"}, "NodeClaim": {"name":"bellyblue-5598-qmxr3prjyi-9z4sm"}, "requests": null, "instance-types": ""}
    logger.go:146: 2026-03-02T10:44:54.135-0800	DEBUG	disruption/queue.go:175	command succeeded	{"decision": "replace", "disrupted-node-count": 1, "replacement-node-count": 1, "pod-count": 0, "disrupted-nodes": [{"Node":{"name":"facefate-5608-dbtbamw73c"},"NodeClaim":{"name":"doomlie-5606-6yvhjwxqm6"},"capacity-type":"on-demand","instance-type":"64-cpu-128-mem-arm64-windows-test-zone-3-on-demand"}], "replacement-nodes": [{"capacity-type":"reserved","instance-types":""}]}
    logger.go:146: 2026-03-02T10:44:54.247-0800	INFO	disruption/queue.go:325	disrupting node(s)	{"command": "Drifted/b8d931f5-a719-4df6-b5af-5d936ed6c56c: replace: [jesterclever-5611-sghb7d5mpy] -> [1 replacement] (savings: $20.14)", "decision": "replace", "disrupted-node-count": 1, "replacement-node-count": 1, "pod-count": 0, "disrupted-nodes": [{"Node":{"name":"jesterclever-5611-sghb7d5mpy"},"NodeClaim":{"name":"hisserjust-5609-ltybmjtql4"},"capacity-type":"on-demand","instance-type":"64-cpu-128-mem-arm64-windows-test-zone-3-on-demand"}], "replacement-nodes": [{"capacity-type":"reserved","instance-types":""}]}
    logger.go:146: 2026-03-02T10:44:54.254-0800	INFO	provisioning/provisioner.go:438	created nodeclaim	{"NodePool": {"name":"bellyblue-5598-qmxr3prjyi"}, "NodeClaim": {"name":"bellyblue-5598-qmxr3prjyi-76jth"}, "requests": null, "instance-types": ""}
    logger.go:146: 2026-03-02T10:44:54.361-0800	DEBUG	disruption/queue.go:175	command succeeded	{"decision": "replace", "disrupted-node-count": 1, "replacement-node-count": 1, "pod-count": 0, "disrupted-nodes": [{"Node":{"name":"jesterclever-5611-sghb7d5mpy"},"NodeClaim":{"name":"hisserjust-5609-ltybmjtql4"},"capacity-type":"on-demand","instance-type":"64-cpu-128-mem-arm64-windows-test-zone-3-on-demand"}], "replacement-nodes": [{"capacity-type":"reserved","instance-types":""}]}
    logger.go:146: 2026-03-02T10:44:54.471-0800	INFO	disruption/queue.go:325	disrupting node(s)	{"command": "Drifted/fa361506-6963-420a-a925-b4c77ca8a42f: replace: [friendshag-5614-ms8uoybtzp] -> [1 replacement] (savings: $20.14)", "decision": "replace", "disrupted-node-count": 1, "replacement-node-count": 1, "pod-count": 0, "disrupted-nodes": [{"Node":{"name":"friendshag-5614-ms8uoybtzp"},"NodeClaim":{"name":"eyecrack-5612-6ew90oyjuj"},"capacity-type":"on-demand","instance-type":"64-cpu-128-mem-arm64-windows-test-zone-3-on-demand"}], "replacement-nodes": [{"capacity-type":"reserved","instance-types":""}]}
    logger.go:146: 2026-03-02T10:44:54.479-0800	INFO	provisioning/provisioner.go:438	created nodeclaim	{"NodePool": {"name":"bellyblue-5598-qmxr3prjyi"}, "NodeClaim": {"name":"bellyblue-5598-qmxr3prjyi-8vs9l"}, "requests": null, "instance-types": ""}
    logger.go:146: 2026-03-02T10:44:54.587-0800	DEBUG	disruption/queue.go:175	command succeeded	{"decision": "replace", "disrupted-node-count": 1, "replacement-node-count": 1, "pod-count": 0, "disrupted-nodes": [{"Node":{"name":"friendshag-5614-ms8uoybtzp"},"NodeClaim":{"name":"eyecrack-5612-6ew90oyjuj"},"capacity-type":"on-demand","instance-type":"64-cpu-128-mem-arm64-windows-test-zone-3-on-demand"}], "replacement-nodes": [{"capacity-type":"reserved","instance-types":""}]}
[38;5;10m•[0m    logger.go:146: 2026-03-02T10:44:55.026-0800	INFO	disruption/queue.go:325	disrupting node(s)	{"command": "Drifted/e0ba5648-342f-460b-bc87-80d7ddab0319: replace: [owlprism-5630-yoxxbdrlpp] -> [1 replacement] (savings: $20.14)", "decision": "replace", "disrupted-node-count": 1, "replacement-node-count": 1, "pod-count": 1, "disrupted-nodes": [{"Node":{"name":"owlprism-5630-yoxxbdrlpp"},"NodeClaim":{"name":"wolverinecaramel-5628-uwzkc0xqfd"},"capacity-type":"on-demand","instance-type":"64-cpu-128-mem-arm64-windows-test-zone-3-on-demand"}], "replacement-nodes": [{"capacity-type":"reserved","instance-types":""}]}
    logger.go:146: 2026-03-02T10:44:55.033-0800	INFO	provisioning/provisioner.go:438	created nodeclaim	{"NodePool": {"name":"elkcactus-5623-tgv2lsidhe"}, "NodeClaim": {"name":"elkcactus-5623-tgv2lsidhe-nzfwl"}, "requests": null, "instance-types": ""}
    logger.go:146: 2026-03-02T10:44:55.142-0800	DEBUG	disruption/queue.go:175	command succeeded	{"decision": "replace", "disrupted-node-count": 1, "replacement-node-count": 1, "pod-count": 1, "disrupted-nodes": [{"Node":{"name":"owlprism-5630-yoxxbdrlpp"},"NodeClaim":{"name":"wolverinecaramel-5628-uwzkc0xqfd"},"capacity-type":"on-demand","instance-type":"64-cpu-128-mem-arm64-windows-test-zone-3-on-demand"}], "replacement-nodes": [{"capacity-type":"reserved","instance-types":""}]}
[38;5;10m•[0m    logger.go:146: 2026-03-02T10:44:55.401-0800	INFO	disruption/queue.go:325	disrupting node(s)	{"command": "Drifted/fe5a4c86-14f2-44a9-80d1-651a2b330ad4: replace: [stalkerproud-5650-he6rj98orb] -> [1 replacement] (savings: $20.14)", "decision": "replace", "disrupted-node-count": 1, "replacement-node-count": 1, "pod-count": 0, "disrupted-nodes": [{"Node":{"name":"stalkerproud-5650-he6rj98orb"},"NodeClaim":{"name":"paintertranslucent-5648-aztdx61oed"},"capacity-type":"on-demand","instance-type":"64-cpu-128-mem-arm64-windows-test-zone-3-on-demand"}], "replacement-nodes": [{"capacity-type":"reserved","instance-types":""}]}
    logger.go:146: 2026-03-02T10:44:55.401-0800	INFO	disruption/queue.go:325	disrupting node(s)	{"command": "Drifted/e5ccc91d-fd04-4c06-a08a-28bec0dc3595: replace: [antlerluminous-5662-sekra8eq0p] -> [1 replacement] (savings: $20.14)", "decision": "replace", "disrupted-node-count": 1, "replacement-node-count": 1, "pod-count": 0, "disrupted-nodes": [{"Node":{"name":"antlerluminous-5662-sekra8eq0p"},"NodeClaim":{"name":"frillcurse-5660-9otf23n3b2"},"capacity-type":"on-demand","instance-type":"64-cpu-128-mem-arm64-windows-test-zone-3-on-demand"}], "replacement-nodes": [{"capacity-type":"reserved","instance-types":""}]}
    logger.go:146: 2026-03-02T10:44:55.401-0800	INFO	disruption/queue.go:325	disrupting node(s)	{"command": "Drifted/288bc534-51b1-47e0-9d34-4edccfd97374: replace: [carpoil-5647-pofayyssbl] -> [1 replacement] (savings: $20.14)", "decision": "replace", "disrupted-node-count": 1, "replacement-node-count": 1, "pod-count": 0, "disrupted-nodes": [{"Node":{"name":"carpoil-5647-pofayyssbl"},"NodeClaim":{"name":"heronholly-5645-gninhjyrt2"},"capacity-type":"on-demand","instance-type":"64-cpu-128-mem-arm64-windows-test-zone-3-on-demand"}], "replacement-nodes": [{"capacity-type":"reserved","instance-types":""}]}
    logger.go:146: 2026-03-02T10:44:55.401-0800	INFO	disruption/queue.go:325	disrupting node(s)	{"command": "Drifted/485a7341-13b6-47d1-8348-7a337668b666: replace: [shiftfuschia-5659-odsnxqkjwo] -> [1 replacement] (savings: $20.14)", "decision": "replace", "disrupted-node-count": 1, "replacement-node-count": 1, "pod-count": 0, "disrupted-nodes": [{"Node":{"name":"shiftfuschia-5659-odsnxqkjwo"},"NodeClaim":{"name":"touchchisel-5657-h7utrgxrmz"},"capacity-type":"on-demand","instance-type":"64-cpu-128-mem-arm64-windows-test-zone-3-on-demand"}], "replacement-nodes": [{"capacity-type":"reserved","instance-types":""}]}
    logger.go:146: 2026-03-02T10:44:55.406-0800	INFO	provisioning/provisioner.go:438	created nodeclaim	{"NodePool": {"name":"nodepool-3"}, "NodeClaim": {"name":"nodepool-3-wwzdp"}, "requests": null, "instance-types": ""}
    logger.go:146: 2026-03-02T10:44:55.407-0800	INFO	provisioning/provisioner.go:438	created nodeclaim	{"NodePool": {"name":"nodepool-1"}, "NodeClaim": {"name":"nodepool-1-n8rxc"}, "requests": null, "instance-types": ""}
    logger.go:146: 2026-03-02T10:44:55.407-0800	INFO	provisioning/provisioner.go:438	created nodeclaim	{"NodePool": {"name":"nodepool-1"}, "NodeClaim": {"name":"nodepool-1-jgfzl"}, "requests": null, "instance-types": ""}
    logger.go:146: 2026-03-02T10:44:55.407-0800	INFO	provisioning/provisioner.go:438	created nodeclaim	{"NodePool": {"name":"nodepool-3"}, "NodeClaim": {"name":"nodepool-3-fkv5n"}, "requests": null, "instance-types": ""}
    logger.go:146: 2026-03-02T10:44:55.492-0800	DEBUG	disruption/queue.go:175	command succeeded	{"decision": "replace", "disrupted-node-count": 1, "replacement-node-count": 1, "pod-count": 0, "disrupted-nodes": [{"Node":{"name":"shiftfuschia-5659-odsnxqkjwo"},"NodeClaim":{"name":"touchchisel-5657-h7utrgxrmz"},"capacity-type":"on-demand","instance-type":"64-cpu-128-mem-arm64-windows-test-zone-3-on-demand"}], "replacement-nodes": [{"capacity-type":"reserved","instance-types":""}]}
    logger.go:146: 2026-03-02T10:44:55.603-0800	DEBUG	disruption/queue.go:175	command succeeded	{"decision": "replace", "disrupted-node-count": 1, "replacement-node-count": 1, "pod-count": 0, "disrupted-nodes": [{"Node":{"name":"carpoil-5647-pofayyssbl"},"NodeClaim":{"name":"heronholly-5645-gninhjyrt2"},"capacity-type":"on-demand","instance-type":"64-cpu-128-mem-arm64-windows-test-zone-3-on-demand"}], "replacement-nodes": [{"capacity-type":"reserved","instance-types":""}]}
    logger.go:146: 2026-03-02T10:44:55.692-0800	DEBUG	disruption/queue.go:175	command succeeded	{"decision": "replace", "disrupted-node-count": 1, "replacement-node-count": 1, "pod-count": 0, "disrupted-nodes": [{"Node":{"name":"stalkerproud-5650-he6rj98orb"},"NodeClaim":{"name":"paintertranslucent-5648-aztdx61oed"},"capacity-type":"on-demand","instance-type":"64-cpu-128-mem-arm64-windows-test-zone-3-on-demand"}], "replacement-nodes": [{"capacity-type":"reserved","instance-types":""}]}
    logger.go:146: 2026-03-02T10:44:55.793-0800	DEBUG	disruption/queue.go:175	command succeeded	{"decision": "replace", "disrupted-node-count": 1, "replacement-node-count": 1, "pod-count": 0, "disrupted-nodes": [{"Node":{"name":"antlerluminous-5662-sekra8eq0p"},"NodeClaim":{"name":"frillcurse-5660-9otf23n3b2"},"capacity-type":"on-demand","instance-type":"64-cpu-128-mem-arm64-windows-test-zone-3-on-demand"}], "replacement-nodes": [{"capacity-type":"reserved","instance-types":""}]}
[38;5;10m•[0m[38;5;10m•[0m    logger.go:146: 2026-03-02T10:44:56.240-0800	INFO	disruption/queue.go:325	disrupting node(s)	{"command": "Drifted/7eea8fa4-dff8-4bb4-beca-5365c977da3e: replace: [knifegrove-5679-vccmo5qjic] -> [1 replacement] (savings: $20.14)", "decision": "replace", "disrupted-node-count": 1, "replacement-node-count": 1, "pod-count": 0, "disrupted-nodes": [{"Node":{"name":"knifegrove-5679-vccmo5qjic"},"NodeClaim":{"name":"lanterngreat-5677-tlk8rs1wxd"},"capacity-type":"on-demand","instance-type":"64-cpu-128-mem-arm64-windows-test-zone-3-on-demand"}], "replacement-nodes": [{"capacity-type":"reserved","instance-types":""}]}
    logger.go:146: 2026-03-02T10:44:56.240-0800	INFO	disruption/queue.go:325	disrupting node(s)	{"command": "Drifted/ff76cacd-2bfe-4f26-a849-fad8795ef4ea: replace: [lancerash-5685-m0cblq3rjz] -> [1 replacement] (savings: $20.14)", "decision": "replace", "disrupted-node-count": 1, "replacement-node-count": 1, "pod-count": 0, "disrupted-nodes": [{"Node":{"name":"lancerash-5685-m0cblq3rjz"},"NodeClaim":{"name":"molejewel-5683-pgz1cp5tef"},"capacity-type":"on-demand","instance-type":"64-cpu-128-mem-arm64-windows-test-zone-3-on-demand"}], "replacement-nodes": [{"capacity-type":"reserved","instance-types":""}]}
    logger.go:146: 2026-03-02T10:44:56.240-0800	INFO	disruption/queue.go:325	disrupting node(s)	{"command": "Drifted/9d377ca7-28ff-4ba4-a233-397995a7c5b0: replace: [glassglow-5688-fuol6hreoc] -> [1 replacement] (savings: $20.14)", "decision": "replace", "disrupted-node-count": 1, "replacement-node-count": 1, "pod-count": 0, "disrupted-nodes": [{"Node":{"name":"glassglow-5688-fuol6hreoc"},"NodeClaim":{"name":"duckspectrum-5686-u405jzfuln"},"capacity-type":"on-demand","instance-type":"64-cpu-128-mem-arm64-windows-test-zone-3-on-demand"}], "replacement-nodes": [{"capacity-type":"reserved","instance-types":""}]}
    logger.go:146: 2026-03-02T10:44:56.240-0800	INFO	disruption/queue.go:325	disrupting node(s)	{"command": "Drifted/bdb51e1e-f545-4894-a924-bbb6546b3f3c: replace: [handlightning-5691-bnt4i1kd2s] -> [1 replacement] (savings: $20.14)", "decision": "replace", "disrupted-node-count": 1, "replacement-node-count": 1, "pod-count": 0, "disrupted-nodes": [{"Node":{"name":"handlightning-5691-bnt4i1kd2s"},"NodeClaim":{"name":"edgesaber-5689-ef0gfwq4sj"},"capacity-type":"on-demand","instance-type":"64-cpu-128-mem-arm64-windows-test-zone-3-on-demand"}], "replacement-nodes": [{"capacity-type":"reserved","instance-types":""}]}
    logger.go:146: 2026-03-02T10:44:56.240-0800	INFO	disruption/queue.go:325	disrupting node(s)	{"command": "Drifted/e4fae982-9c88-4498-8676-0ef3159b04fb: replace: [dogmeadow-5682-wgtwysrbhm] -> [1 replacement] (savings: $20.14)", "decision": "replace", "disrupted-node-count": 1, "replacement-node-count": 1, "pod-count": 0, "disrupted-nodes": [{"Node":{"name":"dogmeadow-5682-wgtwysrbhm"},"NodeClaim":{"name":"dancercake-5680-omljt93ych"},"capacity-type":"on-demand","instance-type":"64-cpu-128-mem-arm64-windows-test-zone-3-on-demand"}], "replacement-nodes": [{"capacity-type":"reserved","instance-types":""}]}
    logger.go:146: 2026-03-02T10:44:56.246-0800	INFO	provisioning/provisioner.go:438	created nodeclaim	{"NodePool": {"name":"knightfeather-5672-zicnfvjrew"}, "NodeClaim": {"name":"knightfeather-5672-zicnfvjrew-52djq"}, "requests": null, "instance-types": ""}
    logger.go:146: 2026-03-02T10:44:56.246-0800	INFO	provisioning/provisioner.go:438	created nodeclaim	{"NodePool": {"name":"knightfeather-5672-zicnfvjrew"}, "NodeClaim": {"name":"knightfeather-5672-zicnfvjrew-mmd2f"}, "requests": null, "instance-types": ""}
    logger.go:146: 2026-03-02T10:44:56.246-0800	INFO	provisioning/provisioner.go:438	created nodeclaim	{"NodePool": {"name":"knightfeather-5672-zicnfvjrew"}, "NodeClaim": {"name":"knightfeather-5672-zicnfvjrew-hwnnx"}, "requests": null, "instance-types": ""}
    logger.go:146: 2026-03-02T10:44:56.246-0800	INFO	provisioning/provisioner.go:438	created nodeclaim	{"NodePool": {"name":"knightfeather-5672-zicnfvjrew"}, "NodeClaim": {"name":"knightfeather-5672-zicnfvjrew-krlgz"}, "requests": null, "instance-types": ""}
    logger.go:146: 2026-03-02T10:44:56.246-0800	INFO	provisioning/provisioner.go:438	created nodeclaim	{"NodePool": {"name":"knightfeather-5672-zicnfvjrew"}, "NodeClaim": {"name":"knightfeather-5672-zicnfvjrew-mc6n9"}, "requests": null, "instance-types": ""}
[38;5;10m•[0m[38;5;10m•[0m[38;5;10m•[0m[38;5;10m•[0m

[38;5;10m[1mRan 232 of 232 Specs in 100.572 seconds[0m
[38;5;10m[1mSUCCESS![0m -- [38;5;10m[1m232 Passed[0m | [38;5;9m[1m0 Failed[0m | [38;5;11m[1m0 Pending[0m | [38;5;14m[1m0 Skipped[0m
--- PASS: TestAPIs (100.57s)
PASS
ok  	sigs.k8s.io/karpenter/pkg/controllers/disruption	101.179s
?   	sigs.k8s.io/karpenter/pkg/controllers/disruption/events	[no test files]
